Archive member included to satisfy reference by file (symbol)

.pio\build\uno_r4_wifi\lib069\libAdafruit GFX Library.a(Adafruit_GFX.cpp.o)
                              .pio\build\uno_r4_wifi\src\main.cpp.o (GFXcanvas8::fillScreen(unsigned short))
.pio\build\uno_r4_wifi\libb5d\libUNOR4WMatrixGFX.a(UNOR4WMatrixGFX.cpp.o)
                              .pio\build\uno_r4_wifi\src\main.cpp.o (UNOR4WMatrixGFX::UNOR4WMatrixGFX())
.pio\build\uno_r4_wifi\libFrameworkArduinoVariant.a(main.c.o)
                              c:/users/user/.platformio/packages/toolchain-gccarmnoneeabi/bin/../lib/gcc/arm-none-eabi/7.2.1/../../../../arm-none-eabi/lib/thumb/v7e-m/fpv4-sp/hard/crt0.o (main)
.pio\build\uno_r4_wifi\libFrameworkArduinoVariant.a(variant.cpp.o)
                              .pio\build\uno_r4_wifi\libb5d\libUNOR4WMatrixGFX.a(UNOR4WMatrixGFX.cpp.o) (g_pin_cfg)
.pio\build\uno_r4_wifi\libFrameworkArduino.a(FspTimer.cpp.o)
                              .pio\build\uno_r4_wifi\libb5d\libUNOR4WMatrixGFX.a(UNOR4WMatrixGFX.cpp.o) (FspTimer::FspTimer())
.pio\build\uno_r4_wifi\libFrameworkArduino.a(IRQManager.cpp.o)
                              .pio\build\uno_r4_wifi\libFrameworkArduino.a(FspTimer.cpp.o) (IRQManager::getInstance())
.pio\build\uno_r4_wifi\libFrameworkArduino.a(Serial.cpp.o)
                              .pio\build\uno_r4_wifi\src\main.cpp.o (UART::begin(unsigned long))
.pio\build\uno_r4_wifi\libFrameworkArduino.a(SerialObj1.cpp.o)
                              .pio\build\uno_r4_wifi\src\main.cpp.o (_UART1_)
.pio\build\uno_r4_wifi\libFrameworkArduino.a(WMath.cpp.o)
                              .pio\build\uno_r4_wifi\src\main.cpp.o (randomSeed(unsigned long))
.pio\build\uno_r4_wifi\libFrameworkArduino.a(analog.cpp.o)
                              .pio\build\uno_r4_wifi\src\main.cpp.o (analogRead)
.pio\build\uno_r4_wifi\libFrameworkArduino.a(Common.cpp.o)
                              .pio\build\uno_r4_wifi\libFrameworkArduino.a(analog.cpp.o) (map(long, long, long, long, long))
.pio\build\uno_r4_wifi\libFrameworkArduino.a(Print.cpp.o)
                              .pio\build\uno_r4_wifi\lib069\libAdafruit GFX Library.a(Adafruit_GFX.cpp.o) (arduino::Print::write(unsigned char const*, unsigned int))
.pio\build\uno_r4_wifi\libFrameworkArduino.a(String.cpp.o)
                              .pio\build\uno_r4_wifi\src\main.cpp.o (arduino::String::~String())
.pio\build\uno_r4_wifi\libFrameworkArduino.a(dac.cpp.o)
                              .pio\build\uno_r4_wifi\libFrameworkArduino.a(analog.cpp.o) (CDac::analogWrite(int))
.pio\build\uno_r4_wifi\libFrameworkArduino.a(digital.cpp.o)
                              .pio\build\uno_r4_wifi\src\main.cpp.o (pinMode)
.pio\build\uno_r4_wifi\libFrameworkArduino.a(itoa.c.o)
                              .pio\build\uno_r4_wifi\libFrameworkArduino.a(String.cpp.o) (dtostrf)
.pio\build\uno_r4_wifi\libFrameworkArduino.a(main.cpp.o)
                              .pio\build\uno_r4_wifi\libFrameworkArduinoVariant.a(main.c.o) (hal_entry)
.pio\build\uno_r4_wifi\libFrameworkArduino.a(pinDefinitions.cpp.o)
                              .pio\build\uno_r4_wifi\libFrameworkArduino.a(analog.cpp.o) (pinPeripheral(e_bsp_io_port_pin_t, unsigned long))
.pio\build\uno_r4_wifi\libFrameworkArduino.a(pwm.cpp.o)
                              .pio\build\uno_r4_wifi\libFrameworkArduino.a(analog.cpp.o) (PwmOut::PwmOut(int))
.pio\build\uno_r4_wifi\libFrameworkArduino.a(time.cpp.o)
                              .pio\build\uno_r4_wifi\libFrameworkArduino.a(analog.cpp.o) (delayMicroseconds)
.pio\build\uno_r4_wifi\libFrameworkArduino.a(variant_helper.cpp.o)
                              .pio\build\uno_r4_wifi\libFrameworkArduinoVariant.a(variant.cpp.o) (getPinCfgs(unsigned char, PinCfgReq_t))
.pio\build\uno_r4_wifi\libFrameworkArduino.a(vector_table.c.o)
                              .pio\build\uno_r4_wifi\libFrameworkArduino.a(main.cpp.o) (g_vector_table)
.pio\build\uno_r4_wifi\libFrameworkArduino.a(cm_backtrace.c.o)
                              .pio\build\uno_r4_wifi\libFrameworkArduino.a(main.cpp.o) (cm_backtrace_init)
.pio\build\uno_r4_wifi\libFrameworkArduino.a(cortex_handlers.c.o)
                              .pio\build\uno_r4_wifi\libFrameworkArduino.a(main.cpp.o) (Stacktrace_Handler)
C:\Users\user\.platformio\packages\framework-arduinorenesas-uno\variants\UNOWIFIR4\libs\libfsp.a(r_spi.o)
                              .pio\build\uno_r4_wifi\libFrameworkArduino.a(IRQManager.cpp.o) (spi_rxi_isr)
C:\Users\user\.platformio\packages\framework-arduinorenesas-uno\variants\UNOWIFIR4\libs\libfsp.a(r_sci_uart.o)
                              .pio\build\uno_r4_wifi\libFrameworkArduino.a(Serial.cpp.o) (R_SCI_UART_Write)
C:\Users\user\.platformio\packages\framework-arduinorenesas-uno\variants\UNOWIFIR4\libs\libfsp.a(r_sci_spi.o)
                              .pio\build\uno_r4_wifi\libFrameworkArduino.a(IRQManager.cpp.o) (sci_spi_txi_isr)
[...]
Memory Configuration

Name             Origin             Length             Attributes
FLASH            0x00004000         0x0003c000         xr
RAM              0x20000000         0x00008000         xrw
DATA_FLASH       0x40100000         0x00002000         xr
OPTION_SETTING   0x00000000         0x00000000         r
OPTION_SETTING_S 0x00000000         0x00000000         r
ID_CODE          0x01010018         0x00000020         xr
*default*        0x00000000         0xffffffff

Linker script and memory map

LOAD c:/users/user/.platformio/packages/toolchain-gccarmnoneeabi/bin/../lib/gcc/arm-none-eabi/7.2.1/thumb/v7e-m/fpv4-sp/hard/crti.o
LOAD c:/users/user/.platformio/packages/toolchain-gccarmnoneeabi/bin/../lib/gcc/arm-none-eabi/7.2.1/thumb/v7e-m/fpv4-sp/hard/crtbegin.o
LOAD c:/users/user/.platformio/packages/toolchain-gccarmnoneeabi/bin/../lib/gcc/arm-none-eabi/7.2.1/../../../../arm-none-eabi/lib/thumb/v7e-m/fpv4-sp/hard/crt0.o
LOAD .pio\build\uno_r4_wifi\src\main.cpp.o
START GROUP
LOAD .pio\build\uno_r4_wifi\libeed\libWire.a
LOAD .pio\build\uno_r4_wifi\libd52\libSPI.a
LOAD .pio\build\uno_r4_wifi\lib53e\libAdafruit BusIO.a
LOAD .pio\build\uno_r4_wifi\lib069\libAdafruit GFX Library.a
LOAD .pio\build\uno_r4_wifi\libb5d\libUNOR4WMatrixGFX.a
LOAD .pio\build\uno_r4_wifi\libFrameworkArduinoVariant.a
LOAD .pio\build\uno_r4_wifi\libFrameworkArduino.a
LOAD C:\Users\user\.platformio\packages\framework-arduinorenesas-uno\variants\UNOWIFIR4\libs\libfsp.a
LOAD c:/users/user/.platformio/packages/toolchain-gccarmnoneeabi/bin/../lib/gcc/arm-none-eabi/7.2.1/../../../../arm-none-eabi/lib/thumb/v7e-m/fpv4-sp/hard\libstdc++_nano.a
LOAD c:/users/user/.platformio/packages/toolchain-gccarmnoneeabi/bin/../lib/gcc/arm-none-eabi/7.2.1/../../../../arm-none-eabi/lib/thumb/v7e-m/fpv4-sp/hard\libsupc++_nano.a
LOAD c:/users/user/.platformio/packages/toolchain-gccarmnoneeabi/bin/../lib/gcc/arm-none-eabi/7.2.1/thumb/v7e-m/fpv4-sp/hard\libgcc.a
LOAD c:/users/user/.platformio/packages/toolchain-gccarmnoneeabi/bin/../lib/gcc/arm-none-eabi/7.2.1/../../../../arm-none-eabi/lib/thumb/v7e-m/fpv4-sp/hard\libnosys.a
END GROUP
LOAD c:/users/user/.platformio/packages/toolchain-gccarmnoneeabi/bin/../lib/gcc/arm-none-eabi/7.2.1/../../../../arm-none-eabi/lib/thumb/v7e-m/fpv4-sp/hard\libstdc++_nano.a
LOAD c:/users/user/.platformio/packages/toolchain-gccarmnoneeabi/bin/../lib/gcc/arm-none-eabi/7.2.1/../../../../arm-none-eabi/lib/thumb/v7e-m/fpv4-sp/hard\libm.a
LOAD c:/users/user/.platformio/packages/toolchain-gccarmnoneeabi/bin/../lib/gcc/arm-none-eabi/7.2.1/../../../../arm-none-eabi/lib/thumb/v7e-m/fpv4-sp/hard\libc_nano.a
START GROUP
LOAD c:/users/user/.platformio/packages/toolchain-gccarmnoneeabi/bin/../lib/gcc/arm-none-eabi/7.2.1/thumb/v7e-m/fpv4-sp/hard\libgcc.a
LOAD c:/users/user/.platformio/packages/toolchain-gccarmnoneeabi/bin/../lib/gcc/arm-none-eabi/7.2.1/../../../../arm-none-eabi/lib/thumb/v7e-m/fpv4-sp/hard\libc_nano.a
END GROUP
START GROUP
LOAD c:/users/user/.platformio/packages/toolchain-gccarmnoneeabi/bin/../lib/gcc/arm-none-eabi/7.2.1/thumb/v7e-m/fpv4-sp/hard\libgcc.a
LOAD c:/users/user/.platformio/packages/toolchain-gccarmnoneeabi/bin/../lib/gcc/arm-none-eabi/7.2.1/../../../../arm-none-eabi/lib/thumb/v7e-m/fpv4-sp/hard\libc_nano.a
LOAD c:/users/user/.platformio/packages/toolchain-gccarmnoneeabi/bin/../lib/gcc/arm-none-eabi/7.2.1/../../../../arm-none-eabi/lib/thumb/v7e-m/fpv4-sp/hard\libnosys.a
END GROUP
START GROUP
LOAD c:/users/user/.platformio/packages/toolchain-gccarmnoneeabi/bin/../lib/gcc/arm-none-eabi/7.2.1/thumb/v7e-m/fpv4-sp/hard\libgcc.a
LOAD c:/users/user/.platformio/packages/toolchain-gccarmnoneeabi/bin/../lib/gcc/arm-none-eabi/7.2.1/../../../../arm-none-eabi/lib/thumb/v7e-m/fpv4-sp/hard\libc_nano.a
LOAD c:/users/user/.platformio/packages/toolchain-gccarmnoneeabi/bin/../lib/gcc/arm-none-eabi/7.2.1/../../../../arm-none-eabi/lib/thumb/v7e-m/fpv4-sp/hard\libnosys.a
END GROUP
LOAD c:/users/user/.platformio/packages/toolchain-gccarmnoneeabi/bin/../lib/gcc/arm-none-eabi/7.2.1/thumb/v7e-m/fpv4-sp/hard/crtend.o
LOAD c:/users/user/.platformio/packages/toolchain-gccarmnoneeabi/bin/../lib/gcc/arm-none-eabi/7.2.1/thumb/v7e-m/fpv4-sp/hard/crtn.o
                0x20000000                RAM_START = 0x20000000
                0x00008000                RAM_LENGTH = 0x8000
                0x00000000                FLASH_START = 0x0
                0x00040000                FLASH_LENGTH = 0x40000
                0x40100000                DATA_FLASH_START = 0x40100000
                0x00002000                DATA_FLASH_LENGTH = 0x2000
                0x00000000                OPTION_SETTING_START = 0x0
                0x00000000                OPTION_SETTING_LENGTH = 0x0
                0x00000000                OPTION_SETTING_S_START = 0x0
                0x00000000                OPTION_SETTING_S_LENGTH = 0x0
                0x01010018                ID_CODE_START = 0x1010018
                0x00000020                ID_CODE_LENGTH = 0x20
                0x90000000                SDRAM_START = 0x90000000
                0x00000000                SDRAM_LENGTH = 0x0
                0x60000000                QSPI_FLASH_START = 0x60000000
                0x00000000                QSPI_FLASH_LENGTH = 0x0
                0x68000000                OSPI_DEVICE_0_START = 0x68000000
                0x00000000                OSPI_DEVICE_0_LENGTH = 0x0
                0x70000000                OSPI_DEVICE_1_START = 0x70000000
                0x00000000                OSPI_DEVICE_1_LENGTH = 0x0
                0x00004000                FLASH_IMAGE_START = 0x4000
                0x00000100                VECTOR_TABLE_LENGTH = 0x100
                0x00000400                BSP_CFG_STACK_MAIN_BYTES = 0x400
START GROUP
LOAD c:/users/user/.platformio/packages/toolchain-gccarmnoneeabi/bin/../lib/gcc/arm-none-eabi/7.2.1/thumb/v7e-m/fpv4-sp/hard\libgcc.a
LOAD c:/users/user/.platformio/packages/toolchain-gccarmnoneeabi/bin/../lib/gcc/arm-none-eabi/7.2.1/../../../../arm-none-eabi/lib/thumb/v7e-m/fpv4-sp/hard\libc.a
LOAD c:/users/user/.platformio/packages/toolchain-gccarmnoneeabi/bin/../lib/gcc/arm-none-eabi/7.2.1/../../../../arm-none-eabi/lib/thumb/v7e-m/fpv4-sp/hard\libm.a
LOAD c:/users/user/.platformio/packages/toolchain-gccarmnoneeabi/bin/../lib/gcc/arm-none-eabi/7.2.1/../../../../arm-none-eabi/lib/thumb/v7e-m/fpv4-sp/hard\libnosys.a
END GROUP

.text           0x00004000     0xc9d4
                0x00000000                __tz_FLASH_S = ABSOLUTE (FLASH_START)
                0x00004000                __ROM_Start = .
 *(.sketch_boot)
                0x00004000                . = ALIGN (0x800)
 *(.fixed_vectors*)
 .fixed_vectors
                0x00004000       0x40 C:\Users\user\.platformio\packages\framework-arduinorenesas-uno\variants\UNOWIFIR4\libs\libfsp.a(startup.o)
                0x00004000                __Vectors
 *(.application_vectors*)
 .application_vectors
                0x00004040       0x80 .pio\build\uno_r4_wifi\libFrameworkArduino.a(vector_table.c.o)
                0x00004040                g_vector_table
                0x000040c0                __Vectors_End = .
 *(.text*)
 .text          0x000040c0       0x40 c:/users/user/.platformio/packages/toolchain-gccarmnoneeabi/bin/../lib/gcc/arm-none-eabi/7.2.1/thumb/v7e-m/fpv4-sp/hard/crtbegin.o
 .text._Z12handlePaddlev
                0x00004100       0x34 .pio\build\uno_r4_wifi\src\main.cpp.o
                0x00004100                handlePaddle()
 .text._Z9resetBallv
                0x00004134       0x44 .pio\build\uno_r4_wifi\src\main.cpp.o
                0x00004134                resetBall()
 .text._Z13initObstaclesv
                0x00004178       0x44 .pio\build\uno_r4_wifi\src\main.cpp.o
                0x00004178                initObstacles()
 .text.startup._GLOBAL__sub_I_matrix
                0x000041bc       0x20 .pio\build\uno_r4_wifi\src\main.cpp.o
 .text.exit._GLOBAL__sub_D_matrix
                0x000041dc       0x1c .pio\build\uno_r4_wifi\src\main.cpp.o
 .text._Z8drawGamev
                0x000041f8       0x8c .pio\build\uno_r4_wifi\src\main.cpp.o
                0x000041f8                drawGame()
 .text._Z15writeOffsetRectR10GFXcanvas8ii
                0x00004284       0x4c .pio\build\uno_r4_wifi\src\main.cpp.o
                0x00004284                writeOffsetRect(GFXcanvas8&, int, int)
 .text._Z14displayMessageRKN7arduino6StringE
                0x000042d0       0x60 .pio\build\uno_r4_wifi\src\main.cpp.o
                0x000042d0                displayMessage(arduino::String const&)
 .text._Z10startRoundv
                0x00004330       0x68 .pio\build\uno_r4_wifi\src\main.cpp.o
                0x00004330                startRound()
 .text.setup    0x00004398       0x68 .pio\build\uno_r4_wifi\src\main.cpp.o
                0x00004398                setup
 .text._Z10updateBallv
                0x00004400      0x188 .pio\build\uno_r4_wifi\src\main.cpp.o
                0x00004400                updateBall()
 .text.loop     0x00004588       0xb8 .pio\build\uno_r4_wifi\src\main.cpp.o
                0x00004588                loop
 .text._ZN7arduino5Print17availableForWriteEv
                0x00004640        0x4 .pio\build\uno_r4_wifi\lib069\libAdafruit GFX Library.a(Adafruit_GFX.cpp.o)
                0x00004640                arduino::Print::availableForWrite()
 .text._ZN7arduino5Print5flushEv
                0x00004644        0x2 .pio\build\uno_r4_wifi\lib069\libAdafruit GFX Library.a(Adafruit_GFX.cpp.o)
                0x00004644                arduino::Print::flush()
 .text._ZN12Adafruit_GFX9writeLineEsssst
                0x00004646       0xbc .pio\build\uno_r4_wifi\lib069\libAdafruit GFX Library.a(Adafruit_GFX.cpp.o)
                0x00004646                Adafruit_GFX::writeLine(short, short, short, short, unsigned short)
 .text._ZN12Adafruit_GFX10startWriteEv
                0x00004702        0x2 .pio\build\uno_r4_wifi\lib069\libAdafruit GFX Library.a(Adafruit_GFX.cpp.o)
                0x00004702                Adafruit_GFX::startWrite()
                0x00004702                Adafruit_GFX::endWrite()
 .text._ZN12Adafruit_GFX10writePixelEsst
                0x00004704        0xe .pio\build\uno_r4_wifi\lib069\libAdafruit GFX Library.a(Adafruit_GFX.cpp.o)
                0x00004704                Adafruit_GFX::writePixel(short, short, unsigned short)
 .text._ZN12Adafruit_GFX14writeFastVLineEssst
                0x00004712       0x12 .pio\build\uno_r4_wifi\lib069\libAdafruit GFX Library.a(Adafruit_GFX.cpp.o)
                0x00004712                Adafruit_GFX::writeFastVLine(short, short, short, unsigned short)
 .text._ZN12Adafruit_GFX14writeFastHLineEssst
                0x00004724       0x12 .pio\build\uno_r4_wifi\lib069\libAdafruit GFX Library.a(Adafruit_GFX.cpp.o)
                0x00004724                Adafruit_GFX::writeFastHLine(short, short, short, unsigned short)
 .text._ZN12Adafruit_GFX13writeFillRectEsssst
                0x00004736       0x18 .pio\build\uno_r4_wifi\lib069\libAdafruit GFX Library.a(Adafruit_GFX.cpp.o)
                0x00004736                Adafruit_GFX::writeFillRect(short, short, short, short, unsigned short)
 .text._ZN12Adafruit_GFX13drawFastVLineEssst
                0x0000474e       0x3e .pio\build\uno_r4_wifi\lib069\libAdafruit GFX Library.a(Adafruit_GFX.cpp.o)
                0x0000474e                Adafruit_GFX::drawFastVLine(short, short, short, unsigned short)
 .text._ZN12Adafruit_GFX13drawFastHLineEssst
                0x0000478c       0x3a .pio\build\uno_r4_wifi\lib069\libAdafruit GFX Library.a(Adafruit_GFX.cpp.o)
                0x0000478c                Adafruit_GFX::drawFastHLine(short, short, short, unsigned short)
 .text._ZN12Adafruit_GFX8fillRectEsssst
                0x000047c6       0x46 .pio\build\uno_r4_wifi\lib069\libAdafruit GFX Library.a(Adafruit_GFX.cpp.o)
                0x000047c6                Adafruit_GFX::fillRect(short, short, short, short, unsigned short)
 .text._ZN12Adafruit_GFX10fillScreenEt
                0x0000480c       0x1c .pio\build\uno_r4_wifi\lib069\libAdafruit GFX Library.a(Adafruit_GFX.cpp.o)
                0x0000480c                Adafruit_GFX::fillScreen(unsigned short)
 .text._ZN12Adafruit_GFX8drawRectEsssst
                0x00004828       0x78 .pio\build\uno_r4_wifi\lib069\libAdafruit GFX Library.a(Adafruit_GFX.cpp.o)
                0x00004828                Adafruit_GFX::drawRect(short, short, short, short, unsigned short)
 .text._ZN12Adafruit_GFX13invertDisplayEb
                0x000048a0        0x2 .pio\build\uno_r4_wifi\lib069\libAdafruit GFX Library.a(Adafruit_GFX.cpp.o)
                0x000048a0                Adafruit_GFX::invertDisplay(bool)
 .text._ZN10GFXcanvas89drawPixelEsst
                0x000048a2       0x5c .pio\build\uno_r4_wifi\lib069\libAdafruit GFX Library.a(Adafruit_GFX.cpp.o)
                0x000048a2                GFXcanvas8::drawPixel(short, short, unsigned short)
 .text._ZN10GFXcanvas810fillScreenEt
                0x000048fe       0x14 .pio\build\uno_r4_wifi\lib069\libAdafruit GFX Library.a(Adafruit_GFX.cpp.o)
                0x000048fe                GFXcanvas8::fillScreen(unsigned short)
 .text._ZN12Adafruit_GFX8drawLineEsssst
                0x00004912       0x88 .pio\build\uno_r4_wifi\lib069\libAdafruit GFX Library.a(Adafruit_GFX.cpp.o)
                0x00004912                Adafruit_GFX::drawLine(short, short, short, short, unsigned short)
 .text._ZN12Adafruit_GFX11setRotationEh
                0x0000499a       0x22 .pio\build\uno_r4_wifi\lib069\libAdafruit GFX Library.a(Adafruit_GFX.cpp.o)
                0x0000499a                Adafruit_GFX::setRotation(unsigned char)
 .text._ZN12Adafruit_GFXC2Ess
                0x000049bc       0x30 .pio\build\uno_r4_wifi\lib069\libAdafruit GFX Library.a(Adafruit_GFX.cpp.o)
                0x000049bc                Adafruit_GFX::Adafruit_GFX(short, short)
                0x000049bc                Adafruit_GFX::Adafruit_GFX(short, short)
 .text._ZN12Adafruit_GFX8drawCharEsshtthh
                0x000049ec      0x2ac .pio\build\uno_r4_wifi\lib069\libAdafruit GFX Library.a(Adafruit_GFX.cpp.o)
                0x000049ec                Adafruit_GFX::drawChar(short, short, unsigned char, unsigned short, unsigned short, unsigned char, unsigned char)
 .text._ZN12Adafruit_GFX5writeEh
                0x00004c98      0x102 .pio\build\uno_r4_wifi\lib069\libAdafruit GFX Library.a(Adafruit_GFX.cpp.o)
                0x00004c98                Adafruit_GFX::write(unsigned char)
 .text._ZN12Adafruit_GFX11setTextSizeEhh
                0x00004d9a       0x12 .pio\build\uno_r4_wifi\lib069\libAdafruit GFX Library.a(Adafruit_GFX.cpp.o)
                0x00004d9a                Adafruit_GFX::setTextSize(unsigned char, unsigned char)
 .text._ZN12Adafruit_GFX11setTextSizeEh
                0x00004dac        0x6 .pio\build\uno_r4_wifi\lib069\libAdafruit GFX Library.a(Adafruit_GFX.cpp.o)
                0x00004dac                Adafruit_GFX::setTextSize(unsigned char)
 *fill*         0x00004db2        0x2 ff
 .text._ZN10GFXcanvas8C2Ettb
                0x00004db4       0x3c .pio\build\uno_r4_wifi\lib069\libAdafruit GFX Library.a(Adafruit_GFX.cpp.o)
                0x00004db4                GFXcanvas8::GFXcanvas8(unsigned short, unsigned short, bool)
                0x00004db4                GFXcanvas8::GFXcanvas8(unsigned short, unsigned short, bool)
 .text._ZN10GFXcanvas8D2Ev
                0x00004df0       0x20 .pio\build\uno_r4_wifi\lib069\libAdafruit GFX Library.a(Adafruit_GFX.cpp.o)
                0x00004df0                GFXcanvas8::~GFXcanvas8()
                0x00004df0                GFXcanvas8::~GFXcanvas8()
 .text._ZNK10GFXcanvas811getRawPixelEss
                0x00004e10       0x2a .pio\build\uno_r4_wifi\lib069\libAdafruit GFX Library.a(Adafruit_GFX.cpp.o)
                0x00004e10                GFXcanvas8::getRawPixel(short, short) const
 .text._ZNK10GFXcanvas88getPixelEss
                0x00004e3a       0x3a .pio\build\uno_r4_wifi\lib069\libAdafruit GFX Library.a(Adafruit_GFX.cpp.o)
                0x00004e3a                GFXcanvas8::getPixel(short, short) const
 .text._ZN10GFXcanvas816drawFastRawVLineEssst
                0x00004e74       0x28 .pio\build\uno_r4_wifi\lib069\libAdafruit GFX Library.a(Adafruit_GFX.cpp.o)
                0x00004e74                GFXcanvas8::drawFastRawVLine(short, short, short, unsigned short)
 .text._ZN10GFXcanvas816drawFastRawHLineEssst
                0x00004e9c       0x1c .pio\build\uno_r4_wifi\lib069\libAdafruit GFX Library.a(Adafruit_GFX.cpp.o)
                0x00004e9c                GFXcanvas8::drawFastRawHLine(short, short, short, unsigned short)
 .text._ZN10GFXcanvas813drawFastVLineEssst
                0x00004eb8       0xa2 .pio\build\uno_r4_wifi\lib069\libAdafruit GFX Library.a(Adafruit_GFX.cpp.o)
                0x00004eb8                GFXcanvas8::drawFastVLine(short, short, short, unsigned short)
 .text._ZN10GFXcanvas813drawFastHLineEssst
                0x00004f5a       0xa2 .pio\build\uno_r4_wifi\lib069\libAdafruit GFX Library.a(Adafruit_GFX.cpp.o)
                0x00004f5a                GFXcanvas8::drawFastHLine(short, short, short, unsigned short)
 .text._ZL18fetchbits_unsignedPKhmm
                0x00004ffc       0x42 .pio\build\uno_r4_wifi\libb5d\libUNOR4WMatrixGFX.a(UNOR4WMatrixGFX.cpp.o)
 .text._ZN15UNOR4WMatrixGFX10fillScreenEt
                0x0000503e       0x14 .pio\build\uno_r4_wifi\libb5d\libUNOR4WMatrixGFX.a(UNOR4WMatrixGFX.cpp.o)
                0x0000503e                UNOR4WMatrixGFX::fillScreen(unsigned short)
 .text._ZL15drawILIFontBitsP12Adafruit_GFXtmmmmm.part.5
                0x00005052       0x66 .pio\build\uno_r4_wifi\libb5d\libUNOR4WMatrixGFX.a(UNOR4WMatrixGFX.cpp.o)
 .text._ZN15UNOR4WMatrixGFXC2Ev
                0x000050b8       0x24 .pio\build\uno_r4_wifi\libb5d\libUNOR4WMatrixGFX.a(UNOR4WMatrixGFX.cpp.o)
                0x000050b8                UNOR4WMatrixGFX::UNOR4WMatrixGFX()
                0x000050b8                UNOR4WMatrixGFX::UNOR4WMatrixGFX()
 .text._ZN15UNOR4WMatrixGFXD2Ev
                0x000050dc        0x2 .pio\build\uno_r4_wifi\libb5d\libUNOR4WMatrixGFX.a(UNOR4WMatrixGFX.cpp.o)
                0x000050dc                UNOR4WMatrixGFX::~UNOR4WMatrixGFX()
                0x000050dc                UNOR4WMatrixGFX::~UNOR4WMatrixGFX()
 *fill*         0x000050de        0x2 ff
 .text._ZN15UNOR4WMatrixGFX5beginEmPN7arduino6StreamE
                0x000050e0      0x16c .pio\build\uno_r4_wifi\libb5d\libUNOR4WMatrixGFX.a(UNOR4WMatrixGFX.cpp.o)
                0x000050e0                UNOR4WMatrixGFX::begin(unsigned long, arduino::Stream*)
 .text._ZN15UNOR4WMatrixGFX7displayEv
                0x0000524c       0x10 .pio\build\uno_r4_wifi\libb5d\libUNOR4WMatrixGFX.a(UNOR4WMatrixGFX.cpp.o)
                0x0000524c                UNOR4WMatrixGFX::display()
 .text._ZN15UNOR4WMatrixGFX5pixelEht
                0x0000525c       0x2a .pio\build\uno_r4_wifi\libb5d\libUNOR4WMatrixGFX.a(UNOR4WMatrixGFX.cpp.o)
                0x0000525c                UNOR4WMatrixGFX::pixel(unsigned char, unsigned short)
 .text._ZN15UNOR4WMatrixGFX9drawPixelEsst
                0x00005286       0x4e .pio\build\uno_r4_wifi\libb5d\libUNOR4WMatrixGFX.a(UNOR4WMatrixGFX.cpp.o)
                0x00005286                UNOR4WMatrixGFX::drawPixel(short, short, unsigned short)
 .text._ZN15UNOR4WMatrixGFX9pixelDispEh
                0x000052d4       0x1c .pio\build\uno_r4_wifi\libb5d\libUNOR4WMatrixGFX.a(UNOR4WMatrixGFX.cpp.o)
                0x000052d4                UNOR4WMatrixGFX::pixelDisp(unsigned char)
 .text._ZN15UNOR4WMatrixGFX12clearDisplayEv
                0x000052f0        0x8 .pio\build\uno_r4_wifi\libb5d\libUNOR4WMatrixGFX.a(UNOR4WMatrixGFX.cpp.o)
                0x000052f0                UNOR4WMatrixGFX::clearDisplay()
 .text._ZN15UNOR4WMatrixGFX5hlineEssst
                0x000052f8       0x42 .pio\build\uno_r4_wifi\libb5d\libUNOR4WMatrixGFX.a(UNOR4WMatrixGFX.cpp.o)
                0x000052f8                UNOR4WMatrixGFX::hline(short, short, short, unsigned short)
 .text._ZN15UNOR4WMatrixGFX5vlineEssst
                0x0000533a       0x44 .pio\build\uno_r4_wifi\libb5d\libUNOR4WMatrixGFX.a(UNOR4WMatrixGFX.cpp.o)
                0x0000533a                UNOR4WMatrixGFX::vline(short, short, short, unsigned short)
 .text._ZN15UNOR4WMatrixGFX13drawFastHLineEssst
                0x0000537e       0x4a .pio\build\uno_r4_wifi\libb5d\libUNOR4WMatrixGFX.a(UNOR4WMatrixGFX.cpp.o)
                0x0000537e                UNOR4WMatrixGFX::drawFastHLine(short, short, short, unsigned short)
 .text._ZN15UNOR4WMatrixGFX13drawFastVLineEssst
                0x000053c8       0x4a .pio\build\uno_r4_wifi\libb5d\libUNOR4WMatrixGFX.a(UNOR4WMatrixGFX.cpp.o)
                0x000053c8                UNOR4WMatrixGFX::drawFastVLine(short, short, short, unsigned short)
 *fill*         0x00005412        0x2 ff
 .text._ZN15UNOR4WMatrixGFX17updateClockPeriodEm
                0x00005414       0x1c .pio\build\uno_r4_wifi\libb5d\libUNOR4WMatrixGFX.a(UNOR4WMatrixGFX.cpp.o)
                0x00005414                UNOR4WMatrixGFX::updateClockPeriod(unsigned long)
 .text._ZN15UNOR4WMatrixGFX18led_timer_callbackEP22st_timer_callback_args
                0x00005430      0x16c .pio\build\uno_r4_wifi\libb5d\libUNOR4WMatrixGFX.a(UNOR4WMatrixGFX.cpp.o)
                0x00005430                UNOR4WMatrixGFX::led_timer_callback(st_timer_callback_args*)
 .text._Z15drawILIFontCharP12Adafruit_GFXPK17ILI9341_t3_font_tbtc
                0x0000559c      0x228 .pio\build\uno_r4_wifi\libb5d\libUNOR4WMatrixGFX.a(UNOR4WMatrixGFX.cpp.o)
                0x0000559c                drawILIFontChar(Adafruit_GFX*, ILI9341_t3_font_t const*, bool, unsigned short, char)
 .text.startup._GLOBAL__sub_I__ZN15UNOR4WMatrixGFX4pinsE
                0x000057c4      0x128 .pio\build\uno_r4_wifi\libb5d\libUNOR4WMatrixGFX.a(UNOR4WMatrixGFX.cpp.o)
 .text.exit._GLOBAL__sub_D__ZN15UNOR4WMatrixGFX4pinsE
                0x000058ec        0xc .pio\build\uno_r4_wifi\libb5d\libUNOR4WMatrixGFX.a(UNOR4WMatrixGFX.cpp.o)
 .text._ZN15UNOR4WMatrixGFX5writeEh
                0x000058f8       0x22 .pio\build\uno_r4_wifi\libb5d\libUNOR4WMatrixGFX.a(UNOR4WMatrixGFX.cpp.o)
                0x000058f8                UNOR4WMatrixGFX::write(unsigned char)
 .text.startup.main
                0x0000591a        0xa .pio\build\uno_r4_wifi\libFrameworkArduinoVariant.a(main.c.o)
                0x0000591a                main
 .text.PINCOUNT_fn
                0x00005924        0x4 .pio\build\uno_r4_wifi\libFrameworkArduinoVariant.a(variant.cpp.o)
                0x00005924                PINCOUNT_fn
 .text._Z17__maybe_start_usbv
                0x00005928        0x2 .pio\build\uno_r4_wifi\libFrameworkArduinoVariant.a(variant.cpp.o)
                0x00005928                __maybe_start_usb()
 *fill*         0x0000592a        0x2 ff
 .text.initVariant
                0x0000592c       0x9c .pio\build\uno_r4_wifi\libFrameworkArduinoVariant.a(variant.cpp.o)
                0x0000592c                initVariant
 .text.R_FSP_SystemClockHzGet
                0x000059c8       0x24 .pio\build\uno_r4_wifi\libFrameworkArduino.a(FspTimer.cpp.o)
 .text._ZN8FspTimer17set_period_countsEhfm.part.2
                0x000059ec      0x158 .pio\build\uno_r4_wifi\libFrameworkArduino.a(FspTimer.cpp.o)
 .text._ZN8FspTimerC2Ev
                0x00005b44       0x18 .pio\build\uno_r4_wifi\libFrameworkArduino.a(FspTimer.cpp.o)
                0x00005b44                FspTimer::FspTimer()
                0x00005b44                FspTimer::FspTimer()
 .text._ZN8FspTimer5beginE12e_timer_modehhmm18e_timer_source_divPFvP22st_timer_callback_argsEPv
                0x00005b5c      0x16c .pio\build\uno_r4_wifi\libFrameworkArduino.a(FspTimer.cpp.o)
                0x00005b5c                FspTimer::begin(e_timer_mode, unsigned char, unsigned char, unsigned long, unsigned long, e_timer_source_div, void (*)(st_timer_callback_args*), void*)
 .text._ZN8FspTimer19get_available_timerERhb
                0x00005cc8       0x74 .pio\build\uno_r4_wifi\libFrameworkArduino.a(FspTimer.cpp.o)
                0x00005cc8                FspTimer::get_available_timer(unsigned char&, bool)
 .text._ZN8FspTimer17set_period_countsEhfm
                0x00005d3c       0xd8 .pio\build\uno_r4_wifi\libFrameworkArduino.a(FspTimer.cpp.o)
                0x00005d3c                FspTimer::set_period_counts(unsigned char, float, unsigned long)
 .text._ZN8FspTimer5beginE12e_timer_modehhffPFvP22st_timer_callback_argsEPv
                0x00005e14       0xb8 .pio\build\uno_r4_wifi\libFrameworkArduino.a(FspTimer.cpp.o)
                0x00005e14                FspTimer::begin(e_timer_mode, unsigned char, unsigned char, float, float, void (*)(st_timer_callback_args*), void*)
 .text._ZN8FspTimer14get_period_rawEv
                0x00005ecc       0x2c .pio\build\uno_r4_wifi\libFrameworkArduino.a(FspTimer.cpp.o)
                0x00005ecc                FspTimer::get_period_raw()
 .text._ZN8FspTimer10set_periodEm
                0x00005ef8       0x3e .pio\build\uno_r4_wifi\libFrameworkArduino.a(FspTimer.cpp.o)
                0x00005ef8                FspTimer::set_period(unsigned long)
 .text._ZN8FspTimer4openEv
                0x00005f36       0x4e .pio\build\uno_r4_wifi\libFrameworkArduino.a(FspTimer.cpp.o)
                0x00005f36                FspTimer::open()
 .text._ZN8FspTimer5startEv
                0x00005f84       0x2e .pio\build\uno_r4_wifi\libFrameworkArduino.a(FspTimer.cpp.o)
                0x00005f84                FspTimer::start()
 .text._ZN8FspTimer5closeEv
                0x00005fb2       0x2e .pio\build\uno_r4_wifi\libFrameworkArduino.a(FspTimer.cpp.o)
                0x00005fb2                FspTimer::close()
 .text._ZN8FspTimer3endEv
                0x00005fe0       0x48 .pio\build\uno_r4_wifi\libFrameworkArduino.a(FspTimer.cpp.o)
                0x00005fe0                FspTimer::end()
 .text._ZN8FspTimerD2Ev
                0x00006028        0xc .pio\build\uno_r4_wifi\libFrameworkArduino.a(FspTimer.cpp.o)
                0x00006028                FspTimer::~FspTimer()
                0x00006028                FspTimer::~FspTimer()
 .text._ZN8FspTimer15get_cfg_for_irqEv
                0x00006034       0x14 .pio\build\uno_r4_wifi\libFrameworkArduino.a(FspTimer.cpp.o)
                0x00006034                FspTimer::get_cfg_for_irq()
 .text._ZN8FspTimer9is_openedEv
                0x00006048       0x18 .pio\build\uno_r4_wifi\libFrameworkArduino.a(FspTimer.cpp.o)
                0x00006048                FspTimer::is_opened()
 .text._ZN8FspTimer18setup_overflow_irqEhPFvvE
                0x00006060       0x4e .pio\build\uno_r4_wifi\libFrameworkArduino.a(FspTimer.cpp.o)
                0x00006060                FspTimer::setup_overflow_irq(unsigned char, void (*)())
 *fill*         0x000060ae        0x2 ff
 .text.R_BSP_IrqEnable
                0x000060b0       0x34 .pio\build\uno_r4_wifi\libFrameworkArduino.a(IRQManager.cpp.o)
 .text.R_BSP_IrqDisable
                0x000060e4       0x24 .pio\build\uno_r4_wifi\libFrameworkArduino.a(IRQManager.cpp.o)
 .text.__tcf_0  0x00006108        0x2 .pio\build\uno_r4_wifi\libFrameworkArduino.a(IRQManager.cpp.o)
 *fill*         0x0000610a        0x2 ff
 .text.__NVIC_SetPriority.constprop.11
                0x0000610c       0x24 .pio\build\uno_r4_wifi\libFrameworkArduino.a(IRQManager.cpp.o)
 .text._ZN10IRQManager11getInstanceEv
                0x00006130       0x38 .pio\build\uno_r4_wifi\libFrameworkArduino.a(IRQManager.cpp.o)
                0x00006130                IRQManager::getInstance()
 .text._ZN10IRQManager18set_ext_link_eventEii
                0x00006168       0xc8 .pio\build\uno_r4_wifi\libFrameworkArduino.a(IRQManager.cpp.o)
                0x00006168                IRQManager::set_ext_link_event(int, int)
 .text._ZN10IRQManager23set_gpt_over_link_eventEii
                0x00006230       0x70 .pio\build\uno_r4_wifi\libFrameworkArduino.a(IRQManager.cpp.o)
                0x00006230                IRQManager::set_gpt_over_link_event(int, int)
 .text._ZN10IRQManager18set_agt_link_eventEii
                0x000062a0       0x28 .pio\build\uno_r4_wifi\libFrameworkArduino.a(IRQManager.cpp.o)
                0x000062a0                IRQManager::set_agt_link_event(int, int)
 .text._ZN10IRQManager16addTimerOverflowER5timerPFvvE
                0x000062c8       0x7c .pio\build\uno_r4_wifi\libFrameworkArduino.a(IRQManager.cpp.o)
                0x000062c8                IRQManager::addTimerOverflow(timer&, void (*)())
 .text._ZN10IRQManager21set_iic_tx_link_eventEii
                0x00006344       0x20 .pio\build\uno_r4_wifi\libFrameworkArduino.a(IRQManager.cpp.o)
                0x00006344                IRQManager::set_iic_tx_link_event(int, int)
 .text._ZN10IRQManager21set_iic_rx_link_eventEii
                0x00006364       0x20 .pio\build\uno_r4_wifi\libFrameworkArduino.a(IRQManager.cpp.o)
                0x00006364                IRQManager::set_iic_rx_link_event(int, int)
 .text._ZN10IRQManager22set_iic_tei_link_eventEii
                0x00006384       0x20 .pio\build\uno_r4_wifi\libFrameworkArduino.a(IRQManager.cpp.o)
                0x00006384                IRQManager::set_iic_tei_link_event(int, int)
 .text._ZN10IRQManager22set_iic_eri_link_eventEii
                0x000063a4       0x20 .pio\build\uno_r4_wifi\libFrameworkArduino.a(IRQManager.cpp.o)
                0x000063a4                IRQManager::set_iic_eri_link_event(int, int)
 .text._ZN10IRQManager21set_sci_tx_link_eventEii
                0x000063c4       0x38 .pio\build\uno_r4_wifi\libFrameworkArduino.a(IRQManager.cpp.o)
                0x000063c4                IRQManager::set_sci_tx_link_event(int, int)
 .text._ZN10IRQManager21set_sci_rx_link_eventEii
                0x000063fc       0x38 .pio\build\uno_r4_wifi\libFrameworkArduino.a(IRQManager.cpp.o)
                0x000063fc                IRQManager::set_sci_rx_link_event(int, int)
 .text._ZN10IRQManager22set_sci_tei_link_eventEii
                0x00006434       0x38 .pio\build\uno_r4_wifi\libFrameworkArduino.a(IRQManager.cpp.o)
                0x00006434                IRQManager::set_sci_tei_link_event(int, int)
 .text._ZN10IRQManager22set_sci_eri_link_eventEii
                0x0000646c       0x38 .pio\build\uno_r4_wifi\libFrameworkArduino.a(IRQManager.cpp.o)
                0x0000646c                IRQManager::set_sci_eri_link_event(int, int)
 .text._ZN10IRQManager21set_spi_tx_link_eventEii
                0x000064a4       0x20 .pio\build\uno_r4_wifi\libFrameworkArduino.a(IRQManager.cpp.o)
                0x000064a4                IRQManager::set_spi_tx_link_event(int, int)
 .text._ZN10IRQManager21set_spi_rx_link_eventEii
                0x000064c4       0x20 .pio\build\uno_r4_wifi\libFrameworkArduino.a(IRQManager.cpp.o)
                0x000064c4                IRQManager::set_spi_rx_link_event(int, int)
 .text._ZN10IRQManager22set_spi_tei_link_eventEii
                0x000064e4       0x20 .pio\build\uno_r4_wifi\libFrameworkArduino.a(IRQManager.cpp.o)
                0x000064e4                IRQManager::set_spi_tei_link_event(int, int)
 .text._ZN10IRQManager22set_spi_eri_link_eventEii
                0x00006504       0x20 .pio\build\uno_r4_wifi\libFrameworkArduino.a(IRQManager.cpp.o)
                0x00006504                IRQManager::set_spi_eri_link_event(int, int)
 .text._ZN10IRQManager13addPeripheralE12Peripheral_tPv
                0x00006524      0x8e8 .pio\build\uno_r4_wifi\libFrameworkArduino.a(IRQManager.cpp.o)
                0x00006524                IRQManager::addPeripheral(Peripheral_t, void*)
 .text._ZN4UARTcvbEv
                0x00006e0c        0x4 .pio\build\uno_r4_wifi\libFrameworkArduino.a(Serial.cpp.o)
                0x00006e0c                UART::operator bool()
 .text._ZN4UART5beginEm
                0x00006e10        0xa .pio\build\uno_r4_wifi\libFrameworkArduino.a(Serial.cpp.o)
                0x00006e10                UART::begin(unsigned long)
 .text._ZN4UART4peekEv
                0x00006e1a       0x18 .pio\build\uno_r4_wifi\libFrameworkArduino.a(Serial.cpp.o)
                0x00006e1a                UART::peek()
 .text._ZN4UART5writeEh
                0x00006e32       0x30 .pio\build\uno_r4_wifi\libFrameworkArduino.a(Serial.cpp.o)
                0x00006e32                UART::write(unsigned char)
 .text._ZN4UART3endEv
                0x00006e62       0x22 .pio\build\uno_r4_wifi\libFrameworkArduino.a(Serial.cpp.o)
                0x00006e62                UART::end()
 .text._ZN7__GuardD2Ev
                0x00006e84        0xc .pio\build\uno_r4_wifi\libFrameworkArduino.a(Serial.cpp.o)
                0x00006e84                __Guard::~__Guard()
                0x00006e84                __Guard::~__Guard()
 .text._ZN4UART15WrapperCallbackEP20st_uart_callback_arg
                0x00006e90       0x88 .pio\build\uno_r4_wifi\libFrameworkArduino.a(Serial.cpp.o)
                0x00006e90                UART::WrapperCallback(st_uart_callback_arg*)
 .text._ZN4UART4readEv
                0x00006f18       0x5c .pio\build\uno_r4_wifi\libFrameworkArduino.a(Serial.cpp.o)
                0x00006f18                UART::read()
 .text._ZN4UARTC2Eiiii
                0x00006f74       0x70 .pio\build\uno_r4_wifi\libFrameworkArduino.a(Serial.cpp.o)
                0x00006f74                UART::UART(int, int, int, int)
                0x00006f74                UART::UART(int, int, int, int)
 .text._ZN4UART13setUpUartIrqsER11st_uart_cfg
                0x00006fe4       0x14 .pio\build\uno_r4_wifi\libFrameworkArduino.a(Serial.cpp.o)
                0x00006fe4                UART::setUpUartIrqs(st_uart_cfg&)
 .text._ZN4UART8cfg_pinsEi
                0x00006ff8       0xe8 .pio\build\uno_r4_wifi\libFrameworkArduino.a(Serial.cpp.o)
                0x00006ff8                UART::cfg_pins(int)
 .text._ZN4UART5beginEmt
                0x000070e0      0x1a8 .pio\build\uno_r4_wifi\libFrameworkArduino.a(Serial.cpp.o)
                0x000070e0                UART::begin(unsigned long, unsigned short)
 .text._ZN4UART9write_rawEPhj
                0x00007288       0x1e .pio\build\uno_r4_wifi\libFrameworkArduino.a(Serial.cpp.o)
                0x00007288                UART::write_raw(unsigned char*, unsigned int)
 .text._ZN7arduino15SafeRingBufferNILi512EE9availableEv
                0x000072a6       0x32 .pio\build\uno_r4_wifi\libFrameworkArduino.a(Serial.cpp.o)
                0x000072a6                arduino::SafeRingBufferN<512>::available()
 .text._ZN4UART9availableEv
                0x000072d8        0xa .pio\build\uno_r4_wifi\libFrameworkArduino.a(Serial.cpp.o)
                0x000072d8                UART::available()
 .text._ZN4UART5flushEv
                0x000072e2       0x12 .pio\build\uno_r4_wifi\libFrameworkArduino.a(Serial.cpp.o)
                0x000072e2                UART::flush()
 .text.startup._GLOBAL__sub_I__UART1_
                0x000072f4       0x1c .pio\build\uno_r4_wifi\libFrameworkArduino.a(SerialObj1.cpp.o)
 .text._Z10randomSeedm
                0x00007310        0x8 .pio\build\uno_r4_wifi\libFrameworkArduino.a(WMath.cpp.o)
                0x00007310                randomSeed(unsigned long)
 .text._Z6randoml
                0x00007318       0x16 .pio\build\uno_r4_wifi\libFrameworkArduino.a(WMath.cpp.o)
                0x00007318                random(long)
 .text._Z6randomll
                0x0000732e       0x14 .pio\build\uno_r4_wifi\libFrameworkArduino.a(WMath.cpp.o)
                0x0000732e                random(long, long)
 *fill*         0x00007342        0x2 ff
 .text._ZL13readAllGroupAP13ADC_Container
                0x00007344       0x2c .pio\build\uno_r4_wifi\libFrameworkArduino.a(analog.cpp.o)
 .text._ZL11ADC_irq_cbkP20st_adc_callback_args
                0x00007370       0x58 .pio\build\uno_r4_wifi\libFrameworkArduino.a(analog.cpp.o)
 .text._ZL10adcConvertP13ADC_Containert
                0x000073c8       0xa4 .pio\build\uno_r4_wifi\libFrameworkArduino.a(analog.cpp.o)
 .text._ZL21get_ADC_container_ptrlRt.constprop.4
                0x0000746c       0x38 .pio\build\uno_r4_wifi\libFrameworkArduino.a(analog.cpp.o)
 .text._ZN13ADC_ContainerC2EhPFvP20st_adc_callback_argsEPv
                0x000074a4       0x6e .pio\build\uno_r4_wifi\libFrameworkArduino.a(analog.cpp.o)
                0x000074a4                ADC_Container::ADC_Container(unsigned char, void (*)(st_adc_callback_args*), void*)
                0x000074a4                ADC_Container::ADC_Container(unsigned char, void (*)(st_adc_callback_args*), void*)
 .text._ZN13ADC_ContainerD2Ev
                0x00007512       0x12 .pio\build\uno_r4_wifi\libFrameworkArduino.a(analog.cpp.o)
                0x00007512                ADC_Container::~ADC_Container()
                0x00007512                ADC_Container::~ADC_Container()
 .text.analogRead
                0x00007524       0x3c .pio\build\uno_r4_wifi\libFrameworkArduino.a(analog.cpp.o)
                0x00007524                analogRead
 .text.analogReference
                0x00007560       0x5c .pio\build\uno_r4_wifi\libFrameworkArduino.a(analog.cpp.o)
                0x00007560                analogReference
 *fill*         0x000075bc        0x4 ff
 .text._Z15analogReferencev
                0x000075c0      0x10c .pio\build\uno_r4_wifi\libFrameworkArduino.a(analog.cpp.o)
                0x000075c0                analogReference()
 .text._Z23__get_timer_for_channeli
                0x000076cc       0x2c .pio\build\uno_r4_wifi\libFrameworkArduino.a(analog.cpp.o)
                0x000076cc                __get_timer_for_channel(int)
 .text.startup._GLOBAL__sub_I__ZN13ADC_ContainerC2EhPFvP20st_adc_callback_argsEPv
                0x000076f8       0x4c .pio\build\uno_r4_wifi\libFrameworkArduino.a(analog.cpp.o)
 .text.exit._GLOBAL__sub_D__ZN13ADC_ContainerC2EhPFvP20st_adc_callback_argsEPv
                0x00007744       0x1c .pio\build\uno_r4_wifi\libFrameworkArduino.a(analog.cpp.o)
 .text._Z3maplllll
                0x00007760       0x14 .pio\build\uno_r4_wifi\libFrameworkArduino.a(Common.cpp.o)
                0x00007760                map(long, long, long, long, long)
 .text._ZN7arduino5Print5writeEPKhj
                0x00007774       0x2c .pio\build\uno_r4_wifi\libFrameworkArduino.a(Print.cpp.o)
                0x00007774                arduino::Print::write(unsigned char const*, unsigned int)
 .text._ZN7arduino5Print5writeEPKc.part.2
                0x000077a0       0x1e .pio\build\uno_r4_wifi\libFrameworkArduino.a(Print.cpp.o)
 .text._ZN7arduino5Print5writeEPKc
                0x000077be        0xa .pio\build\uno_r4_wifi\libFrameworkArduino.a(Print.cpp.o)
                0x000077be                arduino::Print::write(char const*)
 .text._ZN7arduino5Print5printERKNS_6StringE
                0x000077c8        0xa .pio\build\uno_r4_wifi\libFrameworkArduino.a(Print.cpp.o)
                0x000077c8                arduino::Print::print(arduino::String const&)
 .text._ZN7arduino5Print5printEPKc
                0x000077d2        0x8 .pio\build\uno_r4_wifi\libFrameworkArduino.a(Print.cpp.o)
                0x000077d2                arduino::Print::print(char const*)
 *fill*         0x000077da        0x2 ff
 .text._ZN7arduino5Print7printlnEv
                0x000077dc        0xc .pio\build\uno_r4_wifi\libFrameworkArduino.a(Print.cpp.o)
                0x000077dc                arduino::Print::println()
 .text._ZN7arduino5Print7printlnEPKc
                0x000077e8       0x14 .pio\build\uno_r4_wifi\libFrameworkArduino.a(Print.cpp.o)
                0x000077e8                arduino::Print::println(char const*)
 .text._ZN7arduino5Print11printNumberEmh
                0x000077fc       0x3c .pio\build\uno_r4_wifi\libFrameworkArduino.a(Print.cpp.o)
                0x000077fc                arduino::Print::printNumber(unsigned long, unsigned char)
 .text._ZN7arduino5Print5printEmi
                0x00007838       0x1a .pio\build\uno_r4_wifi\libFrameworkArduino.a(Print.cpp.o)
                0x00007838                arduino::Print::print(unsigned long, int)
 .text._ZN7arduino5Print5printEhi
                0x00007852        0x4 .pio\build\uno_r4_wifi\libFrameworkArduino.a(Print.cpp.o)
                0x00007852                arduino::Print::print(unsigned char, int)
 .text._ZN7arduino5Print7printlnEhi
                0x00007856       0x14 .pio\build\uno_r4_wifi\libFrameworkArduino.a(Print.cpp.o)
                0x00007856                arduino::Print::println(unsigned char, int)
 .text._ZN7arduino5Print7printlnEmi
                0x0000786a       0x14 .pio\build\uno_r4_wifi\libFrameworkArduino.a(Print.cpp.o)
                0x0000786a                arduino::Print::println(unsigned long, int)
 .text._ZN7arduino6StringD2Ev
                0x0000787e       0x10 .pio\build\uno_r4_wifi\libFrameworkArduino.a(String.cpp.o)
                0x0000787e                arduino::String::~String()
                0x0000787e                arduino::String::~String()
 .text._ZN7arduino6String10invalidateEv
                0x0000788e       0x16 .pio\build\uno_r4_wifi\libFrameworkArduino.a(String.cpp.o)
                0x0000788e                arduino::String::invalidate()
 .text._ZN7arduino6String12changeBufferEj
                0x000078a4       0x18 .pio\build\uno_r4_wifi\libFrameworkArduino.a(String.cpp.o)
                0x000078a4                arduino::String::changeBuffer(unsigned int)
 .text._ZN7arduino6String7reserveEj
                0x000078bc       0x28 .pio\build\uno_r4_wifi\libFrameworkArduino.a(String.cpp.o)
                0x000078bc                arduino::String::reserve(unsigned int)
 .text._ZN7arduino6String4copyEPKcj
                0x000078e4       0x30 .pio\build\uno_r4_wifi\libFrameworkArduino.a(String.cpp.o)
                0x000078e4                arduino::String::copy(char const*, unsigned int)
 .text._ZN7arduino6StringC2EPKc
                0x00007914       0x24 .pio\build\uno_r4_wifi\libFrameworkArduino.a(String.cpp.o)
                0x00007914                arduino::String::String(char const*)
                0x00007914                arduino::String::String(char const*)
 .text._ZN7arduino6StringaSEPKc.part.4
                0x00007938       0x1a .pio\build\uno_r4_wifi\libFrameworkArduino.a(String.cpp.o)
 .text._ZN7arduino6StringC2Eih
                0x00007952       0x24 .pio\build\uno_r4_wifi\libFrameworkArduino.a(String.cpp.o)
                0x00007952                arduino::String::String(int, unsigned char)
                0x00007952                arduino::String::String(int, unsigned char)
 .text._ZN7arduino6String6concatEPKcj
                0x00007976       0x42 .pio\build\uno_r4_wifi\libFrameworkArduino.a(String.cpp.o)
                0x00007976                arduino::String::concat(char const*, unsigned int)
 .text._ZN7arduino6String6concatEPKc.part.6
                0x000079b8       0x1a .pio\build\uno_r4_wifi\libFrameworkArduino.a(String.cpp.o)
 .text._ZN7arduino6String6concatEPKc
                0x000079d2        0xa .pio\build\uno_r4_wifi\libFrameworkArduino.a(String.cpp.o)
                0x000079d2                arduino::String::concat(char const*)
 .text._ZN7arduinoplERKNS_15StringSumHelperERKNS_6StringE
                0x000079dc       0x18 .pio\build\uno_r4_wifi\libFrameworkArduino.a(String.cpp.o)
                0x000079dc                arduino::operator+(arduino::StringSumHelper const&, arduino::String const&)
 .text._ZN7arduinoplERKNS_15StringSumHelperEPKc
                0x000079f4       0x1a .pio\build\uno_r4_wifi\libFrameworkArduino.a(String.cpp.o)
                0x000079f4                arduino::operator+(arduino::StringSumHelper const&, char const*)
 *fill*         0x00007a0e        0x2 ff
 .text._ZN4CDacC2Eh
                0x00007a10       0x6c .pio\build\uno_r4_wifi\libFrameworkArduino.a(dac.cpp.o)
                0x00007a10                CDac::CDac(unsigned char)
                0x00007a10                CDac::CDac(unsigned char)
 .text.startup._GLOBAL__sub_I__ZN4CDacC2Eh
                0x00007a7c        0xc .pio\build\uno_r4_wifi\libFrameworkArduino.a(dac.cpp.o)
 .text.pinMode  0x00007a88       0x30 .pio\build\uno_r4_wifi\libFrameworkArduino.a(digital.cpp.o)
                0x00007a88                pinMode
 .text.digitalWrite
                0x00007ab8       0x18 .pio\build\uno_r4_wifi\libFrameworkArduino.a(digital.cpp.o)
                0x00007ab8                digitalWrite
 .text.digitalRead
                0x00007ad0       0x28 .pio\build\uno_r4_wifi\libFrameworkArduino.a(digital.cpp.o)
                0x00007ad0                digitalRead
 .text.ltoa     0x00007af8       0x70 .pio\build\uno_r4_wifi\libFrameworkArduino.a(itoa.c.o)
                0x00007af8                ltoa
 .text.itoa     0x00007b68        0x4 .pio\build\uno_r4_wifi\libFrameworkArduino.a(itoa.c.o)
                0x00007b68                itoa
 .text.R_BSP_PinAccessEnable
                0x00007b6c       0x2c .pio\build\uno_r4_wifi\libFrameworkArduino.a(main.cpp.o)
 .text._Z12arduino_mainv
                0x00007b98       0x8c .pio\build\uno_r4_wifi\libFrameworkArduino.a(main.cpp.o)
                0x00007b98                arduino_main()
 .text._write   0x00007c24        0xc .pio\build\uno_r4_wifi\libFrameworkArduino.a(main.cpp.o)
                0x00007c24                _write
 .text.hal_entry
                0x00007c30        0x6 .pio\build\uno_r4_wifi\libFrameworkArduino.a(main.cpp.o)
                0x00007c30                hal_entry
 .text.atexit   0x00007c36        0x4 .pio\build\uno_r4_wifi\libFrameworkArduino.a(main.cpp.o)
                0x00007c36                atexit
 .text.__cxa_pure_virtual
                0x00007c3a        0x8 .pio\build\uno_r4_wifi\libFrameworkArduino.a(main.cpp.o)
                0x00007c3a                __cxa_pure_virtual
 *fill*         0x00007c42        0x2 ff
 .text._Z13pinPeripheral19e_bsp_io_port_pin_tm
                0x00007c44       0x10 .pio\build\uno_r4_wifi\libFrameworkArduino.a(pinDefinitions.cpp.o)
                0x00007c44                pinPeripheral(e_bsp_io_port_pin_t, unsigned long)
 .text._ZL21timer_micros_callbackP22st_timer_callback_args
                0x00007c54       0x10 .pio\build\uno_r4_wifi\libFrameworkArduino.a(time.cpp.o)
 .text.delayMicroseconds
                0x00007c64        0x6 .pio\build\uno_r4_wifi\libFrameworkArduino.a(time.cpp.o)
                0x00007c64                delayMicroseconds
 .text.yield    0x00007c6a        0x2 .pio\build\uno_r4_wifi\libFrameworkArduino.a(time.cpp.o)
                0x00007c6a                yield
 .text.delay    0x00007c6c       0x1c .pio\build\uno_r4_wifi\libFrameworkArduino.a(time.cpp.o)
                0x00007c6c                delay
 .text._Z8startAgtv
                0x00007c88       0x6c .pio\build\uno_r4_wifi\libFrameworkArduino.a(time.cpp.o)
                0x00007c88                startAgt()
 .text.startup._GLOBAL__sub_I_delayMicroseconds
                0x00007cf4        0xc .pio\build\uno_r4_wifi\libFrameworkArduino.a(time.cpp.o)
 .text.exit._GLOBAL__sub_D_delayMicroseconds
                0x00007d00        0xc .pio\build\uno_r4_wifi\libFrameworkArduino.a(time.cpp.o)
 .text._Z10getPinCfgsh11PinCfgReq_t
                0x00007d0c       0xe0 .pio\build\uno_r4_wifi\libFrameworkArduino.a(variant_helper.cpp.o)
                0x00007d0c                getPinCfgs(unsigned char, PinCfgReq_t)
 .text.dump_stack
                0x00007dec       0x7c .pio\build\uno_r4_wifi\libFrameworkArduino.a(cm_backtrace.c.o)
 .text.cm_backtrace_init
                0x00007e68       0x74 .pio\build\uno_r4_wifi\libFrameworkArduino.a(cm_backtrace.c.o)
                0x00007e68                cm_backtrace_init
 .text.cm_backtrace_firmware_info
                0x00007edc       0x2c .pio\build\uno_r4_wifi\libFrameworkArduino.a(cm_backtrace.c.o)
                0x00007edc                cm_backtrace_firmware_info
 .text.cm_backtrace_call_stack
                0x00007f08       0xe4 .pio\build\uno_r4_wifi\libFrameworkArduino.a(cm_backtrace.c.o)
                0x00007f08                cm_backtrace_call_stack
 .text.print_call_stack
                0x00007fec       0x94 .pio\build\uno_r4_wifi\libFrameworkArduino.a(cm_backtrace.c.o)
 .text.cm_backtrace_fault
                0x00008080      0x470 .pio\build\uno_r4_wifi\libFrameworkArduino.a(cm_backtrace.c.o)
                0x00008080                cm_backtrace_fault
 .text.Stacktrace_Handler
                0x000084f0        0xa .pio\build\uno_r4_wifi\libFrameworkArduino.a(cortex_handlers.c.o)
                0x000084f0                Stacktrace_Handler
 *fill*         0x000084fa        0x2 ff
 .text.r_spi_call_callback
                0x000084fc       0x40 C:\Users\user\.platformio\packages\framework-arduinorenesas-uno\variants\UNOWIFIR4\libs\libfsp.a(r_spi.o)
 .text.spi_rxi_isr
                0x0000853c       0x8c C:\Users\user\.platformio\packages\framework-arduinorenesas-uno\variants\UNOWIFIR4\libs\libfsp.a(r_spi.o)
                0x0000853c                spi_rxi_isr
 .text.spi_txi_isr
                0x000085c8       0xbc C:\Users\user\.platformio\packages\framework-arduinorenesas-uno\variants\UNOWIFIR4\libs\libfsp.a(r_spi.o)
                0x000085c8                spi_txi_isr
 .text.spi_tei_isr
                0x00008684       0xd8 C:\Users\user\.platformio\packages\framework-arduinorenesas-uno\variants\UNOWIFIR4\libs\libfsp.a(r_spi.o)
                0x00008684                spi_tei_isr
 .text.spi_eri_isr
                0x0000875c       0xdc C:\Users\user\.platformio\packages\framework-arduinorenesas-uno\variants\UNOWIFIR4\libs\libfsp.a(r_spi.o)
                0x0000875c                spi_eri_isr
 .text.R_SCI_UART_Write
                0x00008838       0x7c C:\Users\user\.platformio\packages\framework-arduinorenesas-uno\variants\UNOWIFIR4\libs\libfsp.a(r_sci_uart.o)
                0x00008838                R_SCI_UART_Write
 .text.R_SCI_UART_BaudSet
                0x000088b4       0x40 C:\Users\user\.platformio\packages\framework-arduinorenesas-uno\variants\UNOWIFIR4\libs\libfsp.a(r_sci_uart.o)
                0x000088b4                R_SCI_UART_BaudSet
 .text.r_sci_uart_call_callback
                0x000088f4       0x44 C:\Users\user\.platformio\packages\framework-arduinorenesas-uno\variants\UNOWIFIR4\libs\libfsp.a(r_sci_uart.o)
 .text.R_SCI_UART_Close
                0x00008938       0xd0 C:\Users\user\.platformio\packages\framework-arduinorenesas-uno\variants\UNOWIFIR4\libs\libfsp.a(r_sci_uart.o)
                0x00008938                R_SCI_UART_Close
 .text.R_SCI_UART_Open
                0x00008a08      0x488 C:\Users\user\.platformio\packages\framework-arduinorenesas-uno\variants\UNOWIFIR4\libs\libfsp.a(r_sci_uart.o)
                0x00008a08                R_SCI_UART_Open
 .text.R_SCI_UART_BaudCalculate
                0x00008e90      0x1ac C:\Users\user\.platformio\packages\framework-arduinorenesas-uno\variants\UNOWIFIR4\libs\libfsp.a(r_sci_uart.o)
                0x00008e90                R_SCI_UART_BaudCalculate
 .text.sci_uart_txi_isr
                0x0000903c       0xe0 C:\Users\user\.platformio\packages\framework-arduinorenesas-uno\variants\UNOWIFIR4\libs\libfsp.a(r_sci_uart.o)
                0x0000903c                sci_uart_txi_isr
 .text.sci_uart_rxi_isr
                0x0000911c      0x17c C:\Users\user\.platformio\packages\framework-arduinorenesas-uno\variants\UNOWIFIR4\libs\libfsp.a(r_sci_uart.o)
                0x0000911c                sci_uart_rxi_isr
 .text.sci_uart_tei_isr
                0x00009298       0x40 C:\Users\user\.platformio\packages\framework-arduinorenesas-uno\variants\UNOWIFIR4\libs\libfsp.a(r_sci_uart.o)
                0x00009298                sci_uart_tei_isr
 .text.sci_uart_eri_isr
                0x000092d8       0x6c C:\Users\user\.platformio\packages\framework-arduinorenesas-uno\variants\UNOWIFIR4\libs\libfsp.a(r_sci_uart.o)
                0x000092d8                sci_uart_eri_isr
 .text.r_sci_spi_call_callback
                0x00009344       0x40 C:\Users\user\.platformio\packages\framework-arduinorenesas-uno\variants\UNOWIFIR4\libs\libfsp.a(r_sci_spi.o)
 .text.sci_spi_txi_isr
                0x00009384       0x68 C:\Users\user\.platformio\packages\framework-arduinorenesas-uno\variants\UNOWIFIR4\libs\libfsp.a(r_sci_spi.o)
                0x00009384                sci_spi_txi_isr
 .text.sci_spi_rxi_isr
                0x000093ec       0x74 C:\Users\user\.platformio\packages\framework-arduinorenesas-uno\variants\UNOWIFIR4\libs\libfsp.a(r_sci_spi.o)
                0x000093ec                sci_spi_rxi_isr
 .text.sci_spi_tei_isr
                0x00009460       0x3c C:\Users\user\.platformio\packages\framework-arduinorenesas-uno\variants\UNOWIFIR4\libs\libfsp.a(r_sci_spi.o)
                0x00009460                sci_spi_tei_isr
 .text.sci_spi_eri_isr
                0x0000949c       0x40 C:\Users\user\.platformio\packages\framework-arduinorenesas-uno\variants\UNOWIFIR4\libs\libfsp.a(r_sci_spi.o)
                0x0000949c                sci_spi_eri_isr
 .text.sci_i2c_enable_transfer_support_tx
                0x000094dc       0x34 C:\Users\user\.platformio\packages\framework-arduinorenesas-uno\variants\UNOWIFIR4\libs\libfsp.a(r_sci_i2c.o)
 .text.sci_i2c_notify
                0x00009510       0x60 C:\Users\user\.platformio\packages\framework-arduinorenesas-uno\variants\UNOWIFIR4\libs\libfsp.a(r_sci_i2c.o)
                0x00009510                sci_i2c_notify
 .text.sci_i2c_rxi_isr
                0x00009570       0x20 C:\Users\user\.platformio\packages\framework-arduinorenesas-uno\variants\UNOWIFIR4\libs\libfsp.a(r_sci_i2c.o)
                0x00009570                sci_i2c_rxi_isr
 .text.sci_i2c_txi_isr
                0x00009590      0x1a0 C:\Users\user\.platformio\packages\framework-arduinorenesas-uno\variants\UNOWIFIR4\libs\libfsp.a(r_sci_i2c.o)
                0x00009590                sci_i2c_txi_isr
 .text.sci_i2c_tei_isr
                0x00009730       0xf0 C:\Users\user\.platformio\packages\framework-arduinorenesas-uno\variants\UNOWIFIR4\libs\libfsp.a(r_sci_i2c.o)
                0x00009730                sci_i2c_tei_isr
 .text.rtc_alarm_periodic_isr
                0x00009820       0x68 C:\Users\user\.platformio\packages\framework-arduinorenesas-uno\variants\UNOWIFIR4\libs\libfsp.a(r_rtc.o)
                0x00009820                rtc_alarm_periodic_isr
 .text.rtc_carry_isr
                0x00009888       0x2c C:\Users\user\.platformio\packages\framework-arduinorenesas-uno\variants\UNOWIFIR4\libs\libfsp.a(r_rtc.o)
                0x00009888                rtc_carry_isr
 .text.R_IOPORT_PinRead
                0x000098b4       0x1c C:\Users\user\.platformio\packages\framework-arduinorenesas-uno\variants\UNOWIFIR4\libs\libfsp.a(r_ioport.o)
                0x000098b4                R_IOPORT_PinRead
 .text.R_IOPORT_PinWrite
                0x000098d0       0x28 C:\Users\user\.platformio\packages\framework-arduinorenesas-uno\variants\UNOWIFIR4\libs\libfsp.a(r_ioport.o)
                0x000098d0                R_IOPORT_PinWrite
 .text.bsp_vbatt_init.isra.0
                0x000098f8       0x8c C:\Users\user\.platformio\packages\framework-arduinorenesas-uno\variants\UNOWIFIR4\libs\libfsp.a(r_ioport.o)
 .text.R_IOPORT_PinCfg
                0x00009984       0xa8 C:\Users\user\.platformio\packages\framework-arduinorenesas-uno\variants\UNOWIFIR4\libs\libfsp.a(r_ioport.o)
                0x00009984                R_IOPORT_PinCfg
 .text.r_iic_slave_call_callback
                0x00009a2c       0x3c C:\Users\user\.platformio\packages\framework-arduinorenesas-uno\variants\UNOWIFIR4\libs\libfsp.a(r_iic_slave.o)
 .text.iic_slave_initiate_transaction
                0x00009a68       0x70 C:\Users\user\.platformio\packages\framework-arduinorenesas-uno\variants\UNOWIFIR4\libs\libfsp.a(r_iic_slave.o)
 .text.iic_slave_notify
                0x00009ad8       0x40 C:\Users\user\.platformio\packages\framework-arduinorenesas-uno\variants\UNOWIFIR4\libs\libfsp.a(r_iic_slave.o)
 .text.iic_slave_rxi_isr
                0x00009b18      0x120 C:\Users\user\.platformio\packages\framework-arduinorenesas-uno\variants\UNOWIFIR4\libs\libfsp.a(r_iic_slave.o)
                0x00009b18                iic_slave_rxi_isr
 .text.iic_slave_txi_isr
                0x00009c38       0xa4 C:\Users\user\.platformio\packages\framework-arduinorenesas-uno\variants\UNOWIFIR4\libs\libfsp.a(r_iic_slave.o)
                0x00009c38                iic_slave_txi_isr
 .text.iic_slave_tei_isr
                0x00009cdc       0x94 C:\Users\user\.platformio\packages\framework-arduinorenesas-uno\variants\UNOWIFIR4\libs\libfsp.a(r_iic_slave.o)
                0x00009cdc                iic_slave_tei_isr
 .text.iic_slave_eri_isr
                0x00009d70       0x9c C:\Users\user\.platformio\packages\framework-arduinorenesas-uno\variants\UNOWIFIR4\libs\libfsp.a(r_iic_slave.o)
                0x00009d70                iic_slave_eri_isr
 .text.iic_master_notify
                0x00009e0c       0x40 C:\Users\user\.platformio\packages\framework-arduinorenesas-uno\variants\UNOWIFIR4\libs\libfsp.a(r_iic_master.o)
 .text.iic_master_open_hw_master.isra.0
                0x00009e4c      0x190 C:\Users\user\.platformio\packages\framework-arduinorenesas-uno\variants\UNOWIFIR4\libs\libfsp.a(r_iic_master.o)
 .text.iic_master_abort_seq_master
                0x00009fdc       0x64 C:\Users\user\.platformio\packages\framework-arduinorenesas-uno\variants\UNOWIFIR4\libs\libfsp.a(r_iic_master.o)
 .text.iic_master_rxi_isr
                0x0000a040      0x138 C:\Users\user\.platformio\packages\framework-arduinorenesas-uno\variants\UNOWIFIR4\libs\libfsp.a(r_iic_master.o)
                0x0000a040                iic_master_rxi_isr
 .text.iic_master_txi_isr
                0x0000a178       0xec C:\Users\user\.platformio\packages\framework-arduinorenesas-uno\variants\UNOWIFIR4\libs\libfsp.a(r_iic_master.o)
                0x0000a178                iic_master_txi_isr
 .text.iic_master_tei_isr
                0x0000a264       0xc0 C:\Users\user\.platformio\packages\framework-arduinorenesas-uno\variants\UNOWIFIR4\libs\libfsp.a(r_iic_master.o)
                0x0000a264                iic_master_tei_isr
 .text.iic_master_eri_isr
                0x0000a324       0xe4 C:\Users\user\.platformio\packages\framework-arduinorenesas-uno\variants\UNOWIFIR4\libs\libfsp.a(r_iic_master.o)
                0x0000a324                iic_master_eri_isr
 .text.r_icu_isr
                0x0000a408       0x6c C:\Users\user\.platformio\packages\framework-arduinorenesas-uno\variants\UNOWIFIR4\libs\libfsp.a(r_icu.o)
                0x0000a408                r_icu_isr
 .text.R_GPT_Start
                0x0000a474        0xc C:\Users\user\.platformio\packages\framework-arduinorenesas-uno\variants\UNOWIFIR4\libs\libfsp.a(r_gpt.o)
                0x0000a474                R_GPT_Start
 .text.R_GPT_Enable
                0x0000a480       0x30 C:\Users\user\.platformio\packages\framework-arduinorenesas-uno\variants\UNOWIFIR4\libs\libfsp.a(r_gpt.o)
                0x0000a480                R_GPT_Enable
 .text.R_GPT_PeriodSet
                0x0000a4b0       0x3c C:\Users\user\.platformio\packages\framework-arduinorenesas-uno\variants\UNOWIFIR4\libs\libfsp.a(r_gpt.o)
                0x0000a4b0                R_GPT_PeriodSet
 .text.R_GPT_InfoGet
                0x0000a4ec       0x44 C:\Users\user\.platformio\packages\framework-arduinorenesas-uno\variants\UNOWIFIR4\libs\libfsp.a(r_gpt.o)
                0x0000a4ec                R_GPT_InfoGet
 .text.r_gpt_enable_irq
                0x0000a530       0x58 C:\Users\user\.platformio\packages\framework-arduinorenesas-uno\variants\UNOWIFIR4\libs\libfsp.a(r_gpt.o)
 .text.r_gpt_call_callback
                0x0000a588       0x3c C:\Users\user\.platformio\packages\framework-arduinorenesas-uno\variants\UNOWIFIR4\libs\libfsp.a(r_gpt.o)
 .text.r_gpt_disable_irq.part.3
                0x0000a5c4       0x34 C:\Users\user\.platformio\packages\framework-arduinorenesas-uno\variants\UNOWIFIR4\libs\libfsp.a(r_gpt.o)
 .text.R_GPT_Close
                0x0000a5f8       0x4c C:\Users\user\.platformio\packages\framework-arduinorenesas-uno\variants\UNOWIFIR4\libs\libfsp.a(r_gpt.o)
                0x0000a5f8                R_GPT_Close
 .text.gpt_calculate_duty_cycle.isra.4
                0x0000a644       0x6c C:\Users\user\.platformio\packages\framework-arduinorenesas-uno\variants\UNOWIFIR4\libs\libfsp.a(r_gpt.o)
 .text.R_GPT_Open
                0x0000a6b0      0x26c C:\Users\user\.platformio\packages\framework-arduinorenesas-uno\variants\UNOWIFIR4\libs\libfsp.a(r_gpt.o)
                0x0000a6b0                R_GPT_Open
 .text.gpt_counter_overflow_isr
                0x0000a91c       0x74 C:\Users\user\.platformio\packages\framework-arduinorenesas-uno\variants\UNOWIFIR4\libs\libfsp.a(r_gpt.o)
                0x0000a91c                gpt_counter_overflow_isr
 .text.R_DAC_Open
                0x0000a990       0x80 C:\Users\user\.platformio\packages\framework-arduinorenesas-uno\variants\UNOWIFIR4\libs\libfsp.a(r_dac.o)
                0x0000a990                R_DAC_Open
 .text.R_DAC_Write
                0x0000aa10        0xc C:\Users\user\.platformio\packages\framework-arduinorenesas-uno\variants\UNOWIFIR4\libs\libfsp.a(r_dac.o)
                0x0000aa10                R_DAC_Write
 .text.R_DAC_Start
                0x0000aa1c       0x30 C:\Users\user\.platformio\packages\framework-arduinorenesas-uno\variants\UNOWIFIR4\libs\libfsp.a(r_dac.o)
                0x0000aa1c                R_DAC_Start
 .text.R_DAC_Stop
                0x0000aa4c       0x34 C:\Users\user\.platformio\packages\framework-arduinorenesas-uno\variants\UNOWIFIR4\libs\libfsp.a(r_dac.o)
                0x0000aa4c                R_DAC_Stop
 .text.R_DAC_Close
                0x0000aa80       0x48 C:\Users\user\.platformio\packages\framework-arduinorenesas-uno\variants\UNOWIFIR4\libs\libfsp.a(r_dac.o)
                0x0000aa80                R_DAC_Close
 .text.r_can_call_callback.isra.3
                0x0000aac8       0x5c C:\Users\user\.platformio\packages\framework-arduinorenesas-uno\variants\UNOWIFIR4\libs\libfsp.a(r_can.o)
 .text.can_error_isr
                0x0000ab24       0xd4 C:\Users\user\.platformio\packages\framework-arduinorenesas-uno\variants\UNOWIFIR4\libs\libfsp.a(r_can.o)
                0x0000ab24                can_error_isr
 .text.can_rx_isr
                0x0000abf8      0x11c C:\Users\user\.platformio\packages\framework-arduinorenesas-uno\variants\UNOWIFIR4\libs\libfsp.a(r_can.o)
                0x0000abf8                can_rx_isr
 .text.can_tx_isr
                0x0000ad14       0xa4 C:\Users\user\.platformio\packages\framework-arduinorenesas-uno\variants\UNOWIFIR4\libs\libfsp.a(r_can.o)
                0x0000ad14                can_tx_isr
 .text.R_AGT_Open
                0x0000adb8      0x120 C:\Users\user\.platformio\packages\framework-arduinorenesas-uno\variants\UNOWIFIR4\libs\libfsp.a(r_agt.o)
                0x0000adb8                R_AGT_Open
 .text.R_AGT_Start
                0x0000aed8       0x44 C:\Users\user\.platformio\packages\framework-arduinorenesas-uno\variants\UNOWIFIR4\libs\libfsp.a(r_agt.o)
                0x0000aed8                R_AGT_Start
 .text.R_AGT_Enable
                0x0000af1c       0x14 C:\Users\user\.platformio\packages\framework-arduinorenesas-uno\variants\UNOWIFIR4\libs\libfsp.a(r_agt.o)
                0x0000af1c                R_AGT_Enable
 .text.R_AGT_PeriodSet
                0x0000af30       0x34 C:\Users\user\.platformio\packages\framework-arduinorenesas-uno\variants\UNOWIFIR4\libs\libfsp.a(r_agt.o)
                0x0000af30                R_AGT_PeriodSet
 .text.R_AGT_InfoGet
                0x0000af64       0xcc C:\Users\user\.platformio\packages\framework-arduinorenesas-uno\variants\UNOWIFIR4\libs\libfsp.a(r_agt.o)
                0x0000af64                R_AGT_InfoGet
 .text.R_AGT_Close
                0x0000b030       0x68 C:\Users\user\.platformio\packages\framework-arduinorenesas-uno\variants\UNOWIFIR4\libs\libfsp.a(r_agt.o)
                0x0000b030                R_AGT_Close
 .text.agt_int_isr
                0x0000b098       0x88 C:\Users\user\.platformio\packages\framework-arduinorenesas-uno\variants\UNOWIFIR4\libs\libfsp.a(r_agt.o)
                0x0000b098                agt_int_isr
 .text.R_ADC_ScanStart
                0x0000b120        0xc C:\Users\user\.platformio\packages\framework-arduinorenesas-uno\variants\UNOWIFIR4\libs\libfsp.a(r_adc.o)
                0x0000b120                R_ADC_ScanStart
 .text.R_ADC_StatusGet
                0x0000b12c       0x10 C:\Users\user\.platformio\packages\framework-arduinorenesas-uno\variants\UNOWIFIR4\libs\libfsp.a(r_adc.o)
                0x0000b12c                R_ADC_StatusGet
 .text.R_ADC_Read
                0x0000b13c       0x10 C:\Users\user\.platformio\packages\framework-arduinorenesas-uno\variants\UNOWIFIR4\libs\libfsp.a(r_adc.o)
                0x0000b13c                R_ADC_Read
 .text.R_ADC_ScanCfg
                0x0000b14c      0x190 C:\Users\user\.platformio\packages\framework-arduinorenesas-uno\variants\UNOWIFIR4\libs\libfsp.a(r_adc.o)
                0x0000b14c                R_ADC_ScanCfg
 .text.r_adc_irq_enable.part.1
                0x0000b2dc       0x54 C:\Users\user\.platformio\packages\framework-arduinorenesas-uno\variants\UNOWIFIR4\libs\libfsp.a(r_adc.o)
 .text.r_adc_irq_disable.part.2
                0x0000b330       0x34 C:\Users\user\.platformio\packages\framework-arduinorenesas-uno\variants\UNOWIFIR4\libs\libfsp.a(r_adc.o)
 .text.R_ADC_Close
                0x0000b364       0x70 C:\Users\user\.platformio\packages\framework-arduinorenesas-uno\variants\UNOWIFIR4\libs\libfsp.a(r_adc.o)
                0x0000b364                R_ADC_Close
 .text.R_ADC_Open
                0x0000b3d4      0x13c C:\Users\user\.platformio\packages\framework-arduinorenesas-uno\variants\UNOWIFIR4\libs\libfsp.a(r_adc.o)
                0x0000b3d4                R_ADC_Open
 .text.bsp_prv_software_delay_loop
                0x0000b510        0xc C:\Users\user\.platformio\packages\framework-arduinorenesas-uno\variants\UNOWIFIR4\libs\libfsp.a(bsp_delay.o)
                0x0000b510                bsp_prv_software_delay_loop
 .text.R_BSP_SoftwareDelay
                0x0000b51c       0x5c C:\Users\user\.platformio\packages\framework-arduinorenesas-uno\variants\UNOWIFIR4\libs\libfsp.a(bsp_delay.o)
                0x0000b51c                R_BSP_SoftwareDelay
 .text.bsp_irq_cfg
                0x0000b578       0x28 C:\Users\user\.platformio\packages\framework-arduinorenesas-uno\variants\UNOWIFIR4\libs\libfsp.a(bsp_irq.o)
                0x0000b578                bsp_irq_cfg
 .text.R_BSP_RegisterProtectEnable
                0x0000b5a0       0x60 C:\Users\user\.platformio\packages\framework-arduinorenesas-uno\variants\UNOWIFIR4\libs\libfsp.a(bsp_register_protection.o)
                0x0000b5a0                R_BSP_RegisterProtectEnable
 .text.R_BSP_RegisterProtectDisable
                0x0000b600       0x4c C:\Users\user\.platformio\packages\framework-arduinorenesas-uno\variants\UNOWIFIR4\libs\libfsp.a(bsp_register_protection.o)
                0x0000b600                R_BSP_RegisterProtectDisable
 .text.Default_Handler
                0x0000b64c        0x4 C:\Users\user\.platformio\packages\framework-arduinorenesas-uno\variants\UNOWIFIR4\libs\libfsp.a(startup.o)
                0x0000b64c                DebugMon_Handler
                0x0000b64c                HardFault_Handler
                0x0000b64c                SysTick_Handler
                0x0000b64c                PendSV_Handler
                0x0000b64c                UsageFault_Handler
                0x0000b64c                SecureFault_Handler
                0x0000b64c                Default_Handler
                0x0000b64c                MemManage_Handler
                0x0000b64c                SVC_Handler
                0x0000b64c                BusFault_Handler
 .text.Reset_Handler
                0x0000b650        0xc C:\Users\user\.platformio\packages\framework-arduinorenesas-uno\variants\UNOWIFIR4\libs\libfsp.a(startup.o)
                0x0000b650                Reset_Handler
 .text.R_BSP_WarmStart
                0x0000b65c        0x4 C:\Users\user\.platformio\packages\framework-arduinorenesas-uno\variants\UNOWIFIR4\libs\libfsp.a(system.o)
                0x0000b65c                R_BSP_WarmStart
 .text.SystemInit
                0x0000b660      0x150 C:\Users\user\.platformio\packages\framework-arduinorenesas-uno\variants\UNOWIFIR4\libs\libfsp.a(system.o)
                0x0000b660                SystemInit
 .text.bsp_prv_operating_mode_opccr_set.part.0
                0x0000b7b0       0x38 C:\Users\user\.platformio\packages\framework-arduinorenesas-uno\variants\UNOWIFIR4\libs\libfsp.a(bsp_clocks.o)
 .text.SystemCoreClockUpdate
                0x0000b7e8       0x28 C:\Users\user\.platformio\packages\framework-arduinorenesas-uno\variants\UNOWIFIR4\libs\libfsp.a(bsp_clocks.o)
                0x0000b7e8                SystemCoreClockUpdate
 .text.bsp_clock_init
                0x0000b810       0xfc C:\Users\user\.platformio\packages\framework-arduinorenesas-uno\variants\UNOWIFIR4\libs\libfsp.a(bsp_clocks.o)
                0x0000b810                bsp_clock_init
 .text.bsp_init_internal
                0x0000b90c        0x4 C:\Users\user\.platformio\packages\framework-arduinorenesas-uno\variants\UNOWIFIR4\libs\libfsp.a(bsp_common.o)
                0x0000b90c                bsp_init_internal
                0x0000b90c                bsp_init
 .text.NMI_Handler
                0x0000b910       0x38 C:\Users\user\.platformio\packages\framework-arduinorenesas-uno\variants\UNOWIFIR4\libs\libfsp.a(bsp_group_irq.o)
                0x0000b910                NMI_Handler
 .text._Znwj    0x0000b948       0x22 c:/users/user/.platformio/packages/toolchain-gccarmnoneeabi/bin/../lib/gcc/arm-none-eabi/7.2.1/../../../../arm-none-eabi/lib/thumb/v7e-m/fpv4-sp/hard\libstdc++_nano.a(new_op.o)
                0x0000b948                operator new(unsigned int)
 .text.__cxa_guard_acquire
                0x0000b96a       0x18 c:/users/user/.platformio/packages/toolchain-gccarmnoneeabi/bin/../lib/gcc/arm-none-eabi/7.2.1/../../../../arm-none-eabi/lib/thumb/v7e-m/fpv4-sp/hard\libstdc++_nano.a(guard.o)
                0x0000b96a                __cxa_guard_acquire
 .text.__cxa_guard_release
                0x0000b982        0x6 c:/users/user/.platformio/packages/toolchain-gccarmnoneeabi/bin/../lib/gcc/arm-none-eabi/7.2.1/../../../../arm-none-eabi/lib/thumb/v7e-m/fpv4-sp/hard\libstdc++_nano.a(guard.o)
                0x0000b982                __cxa_guard_release
 .text._ZSt15get_new_handlerv
                0x0000b988       0x10 c:/users/user/.platformio/packages/toolchain-gccarmnoneeabi/bin/../lib/gcc/arm-none-eabi/7.2.1/../../../../arm-none-eabi/lib/thumb/v7e-m/fpv4-sp/hard\libstdc++_nano.a(new_handler.o)
                0x0000b988                std::get_new_handler()
 .text._ZdlPvj  0x0000b998        0x4 c:/users/user/.platformio/packages/toolchain-gccarmnoneeabi/bin/../lib/gcc/arm-none-eabi/7.2.1/../../../../arm-none-eabi/lib/thumb/v7e-m/fpv4-sp/hard\libstdc++_nano.a(del_ops.o)
                0x0000b998                operator delete(void*, unsigned int)
 .text._ZdlPv   0x0000b99c        0x4 c:/users/user/.platformio/packages/toolchain-gccarmnoneeabi/bin/../lib/gcc/arm-none-eabi/7.2.1/../../../../arm-none-eabi/lib/thumb/v7e-m/fpv4-sp/hard\libstdc++_nano.a(del_op.o)
                0x0000b99c                operator delete(void*)
 .text          0x0000b9a0      0x378 c:/users/user/.platformio/packages/toolchain-gccarmnoneeabi/bin/../lib/gcc/arm-none-eabi/7.2.1/thumb/v7e-m/fpv4-sp/hard\libgcc.a(_arm_addsubdf3.o)
                0x0000b9a0                __aeabi_drsub
                0x0000b9a8                __aeabi_dsub
                0x0000b9a8                __subdf3
                0x0000b9ac                __aeabi_dadd
                0x0000b9ac                __adddf3
                0x0000bc24                __floatunsidf
                0x0000bc24                __aeabi_ui2d
                0x0000bc44                __floatsidf
                0x0000bc44                __aeabi_i2d
                0x0000bc68                __aeabi_f2d
                0x0000bc68                __extendsfdf2
                0x0000bcac                __floatundidf
                0x0000bcac                __aeabi_ul2d
                0x0000bcbc                __floatdidf
                0x0000bcbc                __aeabi_l2d
 .text          0x0000bd18      0x424 c:/users/user/.platformio/packages/toolchain-gccarmnoneeabi/bin/../lib/gcc/arm-none-eabi/7.2.1/thumb/v7e-m/fpv4-sp/hard\libgcc.a(_arm_muldivdf3.o)
                0x0000bd18                __aeabi_dmul
                0x0000bd18                __muldf3
                0x0000bf6c                __divdf3
                0x0000bf6c                __aeabi_ddiv
 .text          0x0000c13c      0x110 c:/users/user/.platformio/packages/toolchain-gccarmnoneeabi/bin/../lib/gcc/arm-none-eabi/7.2.1/thumb/v7e-m/fpv4-sp/hard\libgcc.a(_arm_cmpdf2.o)
                0x0000c13c                __gtdf2
                0x0000c13c                __gedf2
                0x0000c144                __ltdf2
                0x0000c144                __ledf2
                0x0000c14c                __nedf2
                0x0000c14c                __eqdf2
                0x0000c14c                __cmpdf2
                0x0000c1c8                __aeabi_cdrcmple
                0x0000c1d8                __aeabi_cdcmpeq
                0x0000c1d8                __aeabi_cdcmple
                0x0000c1e8                __aeabi_dcmpeq
                0x0000c1fc                __aeabi_dcmplt
                0x0000c210                __aeabi_dcmple
                0x0000c224                __aeabi_dcmpge
                0x0000c238                __aeabi_dcmpgt
 .text          0x0000c24c       0x2c c:/users/user/.platformio/packages/toolchain-gccarmnoneeabi/bin/../lib/gcc/arm-none-eabi/7.2.1/thumb/v7e-m/fpv4-sp/hard\libgcc.a(_arm_unorddf2.o)
                0x0000c24c                __unorddf2
                0x0000c24c                __aeabi_dcmpun
 .text          0x0000c278       0x40 c:/users/user/.platformio/packages/toolchain-gccarmnoneeabi/bin/../lib/gcc/arm-none-eabi/7.2.1/thumb/v7e-m/fpv4-sp/hard\libgcc.a(_arm_fixunsdfsi.o)
                0x0000c278                __aeabi_d2uiz
                0x0000c278                __fixunsdfsi
 .text          0x0000c2b8       0xa0 c:/users/user/.platformio/packages/toolchain-gccarmnoneeabi/bin/../lib/gcc/arm-none-eabi/7.2.1/thumb/v7e-m/fpv4-sp/hard\libgcc.a(_arm_truncdfsf2.o)
                0x0000c2b8                __truncdfsf2
                0x0000c2b8                __aeabi_d2f
 .text          0x0000c358       0xa0 c:/users/user/.platformio/packages/toolchain-gccarmnoneeabi/bin/../lib/gcc/arm-none-eabi/7.2.1/thumb/v7e-m/fpv4-sp/hard\libgcc.a(_aeabi_ldivmod.o)
                0x0000c358                __aeabi_ldivmod
 .text          0x0000c3f8      0x2cc c:/users/user/.platformio/packages/toolchain-gccarmnoneeabi/bin/../lib/gcc/arm-none-eabi/7.2.1/thumb/v7e-m/fpv4-sp/hard\libgcc.a(_udivmoddi4.o)
                0x0000c3f8                __udivmoddi4
 .text          0x0000c6c4        0x4 c:/users/user/.platformio/packages/toolchain-gccarmnoneeabi/bin/../lib/gcc/arm-none-eabi/7.2.1/thumb/v7e-m/fpv4-sp/hard\libgcc.a(_dvmd_tls.o)
                0x0000c6c4                __aeabi_idiv0
                0x0000c6c4                __aeabi_ldiv0
 .text.abort    0x0000c6c8        0xe c:/users/user/.platformio/packages/toolchain-gccarmnoneeabi/bin/../lib/gcc/arm-none-eabi/7.2.1/../../../../arm-none-eabi/lib/thumb/v7e-m/fpv4-sp/hard\libc_nano.a(lib_a-abort.o)
                0x0000c6c8                abort
 *fill*         0x0000c6d6        0x2 ff
 .text.exit     0x0000c6d8       0x28 c:/users/user/.platformio/packages/toolchain-gccarmnoneeabi/bin/../lib/gcc/arm-none-eabi/7.2.1/../../../../arm-none-eabi/lib/thumb/v7e-m/fpv4-sp/hard\libc_nano.a(lib_a-exit.o)
                0x0000c6d8                exit
 .text.malloc   0x0000c700       0x10 c:/users/user/.platformio/packages/toolchain-gccarmnoneeabi/bin/../lib/gcc/arm-none-eabi/7.2.1/../../../../arm-none-eabi/lib/thumb/v7e-m/fpv4-sp/hard\libc_nano.a(lib_a-malloc.o)
                0x0000c700                malloc
 .text.free     0x0000c710       0x10 c:/users/user/.platformio/packages/toolchain-gccarmnoneeabi/bin/../lib/gcc/arm-none-eabi/7.2.1/../../../../arm-none-eabi/lib/thumb/v7e-m/fpv4-sp/hard\libc_nano.a(lib_a-malloc.o)
                0x0000c710                free
 .text.__ascii_mbtowc
                0x0000c720       0x24 c:/users/user/.platformio/packages/toolchain-gccarmnoneeabi/bin/../lib/gcc/arm-none-eabi/7.2.1/../../../../arm-none-eabi/lib/thumb/v7e-m/fpv4-sp/hard\libc_nano.a(lib_a-mbtowc_r.o)
                0x0000c720                __ascii_mbtowc
 .text.memcpy   0x0000c744       0x16 c:/users/user/.platformio/packages/toolchain-gccarmnoneeabi/bin/../lib/gcc/arm-none-eabi/7.2.1/../../../../arm-none-eabi/lib/thumb/v7e-m/fpv4-sp/hard\libc_nano.a(lib_a-memcpy-stub.o)
                0x0000c744                memcpy
 .text.memmove  0x0000c75a       0x32 c:/users/user/.platformio/packages/toolchain-gccarmnoneeabi/bin/../lib/gcc/arm-none-eabi/7.2.1/../../../../arm-none-eabi/lib/thumb/v7e-m/fpv4-sp/hard\libc_nano.a(lib_a-memmove.o)
                0x0000c75a                memmove
 .text.memset   0x0000c78c       0x10 c:/users/user/.platformio/packages/toolchain-gccarmnoneeabi/bin/../lib/gcc/arm-none-eabi/7.2.1/../../../../arm-none-eabi/lib/thumb/v7e-m/fpv4-sp/hard\libc_nano.a(lib_a-memset.o)
                0x0000c78c                memset
 .text._free_r  0x0000c79c       0x9c c:/users/user/.platformio/packages/toolchain-gccarmnoneeabi/bin/../lib/gcc/arm-none-eabi/7.2.1/../../../../arm-none-eabi/lib/thumb/v7e-m/fpv4-sp/hard\libc_nano.a(lib_a-nano-freer.o)
                0x0000c79c                _free_r
 .text._malloc_r
                0x0000c838       0xb4 c:/users/user/.platformio/packages/toolchain-gccarmnoneeabi/bin/../lib/gcc/arm-none-eabi/7.2.1/../../../../arm-none-eabi/lib/thumb/v7e-m/fpv4-sp/hard\libc_nano.a(lib_a-nano-mallocr.o)
                0x0000c838                _malloc_r
 .text.__cvt    0x0000c8ec       0xc2 c:/users/user/.platformio/packages/toolchain-gccarmnoneeabi/bin/../lib/gcc/arm-none-eabi/7.2.1/../../../../arm-none-eabi/lib/thumb/v7e-m/fpv4-sp/hard\libc_nano.a(lib_a-nano-vfprintf_float.o)
                0x0000c8ec                __cvt
 .text.__exponent
                0x0000c9ae       0x66 c:/users/user/.platformio/packages/toolchain-gccarmnoneeabi/bin/../lib/gcc/arm-none-eabi/7.2.1/../../../../arm-none-eabi/lib/thumb/v7e-m/fpv4-sp/hard\libc_nano.a(lib_a-nano-vfprintf_float.o)
                0x0000c9ae                __exponent
 .text._printf_float
                0x0000ca14      0x480 c:/users/user/.platformio/packages/toolchain-gccarmnoneeabi/bin/../lib/gcc/arm-none-eabi/7.2.1/../../../../arm-none-eabi/lib/thumb/v7e-m/fpv4-sp/hard\libc_nano.a(lib_a-nano-vfprintf_float.o)
                0x0000ca14                _printf_float
 .text._printf_common
                0x0000ce94       0xea c:/users/user/.platformio/packages/toolchain-gccarmnoneeabi/bin/../lib/gcc/arm-none-eabi/7.2.1/../../../../arm-none-eabi/lib/thumb/v7e-m/fpv4-sp/hard\libc_nano.a(lib_a-nano-vfprintf_i.o)
                0x0000ce94                _printf_common
 *fill*         0x0000cf7e        0x2 ff
 .text._printf_i
                0x0000cf80      0x224 c:/users/user/.platformio/packages/toolchain-gccarmnoneeabi/bin/../lib/gcc/arm-none-eabi/7.2.1/../../../../arm-none-eabi/lib/thumb/v7e-m/fpv4-sp/hard\libc_nano.a(lib_a-nano-vfprintf_i.o)
                0x0000cf80                _printf_i
 .text.printf   0x0000d1a4       0x30 c:/users/user/.platformio/packages/toolchain-gccarmnoneeabi/bin/../lib/gcc/arm-none-eabi/7.2.1/../../../../arm-none-eabi/lib/thumb/v7e-m/fpv4-sp/hard\libc_nano.a(lib_a-printf.o)
                0x0000d1a4                iprintf
                0x0000d1a4                printf
 .text.srand    0x0000d1d4       0x48 c:/users/user/.platformio/packages/toolchain-gccarmnoneeabi/bin/../lib/gcc/arm-none-eabi/7.2.1/../../../../arm-none-eabi/lib/thumb/v7e-m/fpv4-sp/hard\libc_nano.a(lib_a-rand.o)
                0x0000d1d4                srand
 .text.rand     0x0000d21c       0x68 c:/users/user/.platformio/packages/toolchain-gccarmnoneeabi/bin/../lib/gcc/arm-none-eabi/7.2.1/../../../../arm-none-eabi/lib/thumb/v7e-m/fpv4-sp/hard\libc_nano.a(lib_a-rand.o)
                0x0000d21c                rand
 .text.realloc  0x0000d284       0x10 c:/users/user/.platformio/packages/toolchain-gccarmnoneeabi/bin/../lib/gcc/arm-none-eabi/7.2.1/../../../../arm-none-eabi/lib/thumb/v7e-m/fpv4-sp/hard\libc_nano.a(lib_a-realloc.o)
                0x0000d284                realloc
 .text._sbrk_r  0x0000d294       0x20 c:/users/user/.platformio/packages/toolchain-gccarmnoneeabi/bin/../lib/gcc/arm-none-eabi/7.2.1/../../../../arm-none-eabi/lib/thumb/v7e-m/fpv4-sp/hard\libc_nano.a(lib_a-sbrkr.o)
                0x0000d294                _sbrk_r
 .text._raise_r
                0x0000d2b4       0x50 c:/users/user/.platformio/packages/toolchain-gccarmnoneeabi/bin/../lib/gcc/arm-none-eabi/7.2.1/../../../../arm-none-eabi/lib/thumb/v7e-m/fpv4-sp/hard\libc_nano.a(lib_a-signal.o)
                0x0000d2b4                _raise_r
 .text.raise    0x0000d304       0x10 c:/users/user/.platformio/packages/toolchain-gccarmnoneeabi/bin/../lib/gcc/arm-none-eabi/7.2.1/../../../../arm-none-eabi/lib/thumb/v7e-m/fpv4-sp/hard\libc_nano.a(lib_a-signal.o)
                0x0000d304                raise
 .text._kill_r  0x0000d314       0x24 c:/users/user/.platformio/packages/toolchain-gccarmnoneeabi/bin/../lib/gcc/arm-none-eabi/7.2.1/../../../../arm-none-eabi/lib/thumb/v7e-m/fpv4-sp/hard\libc_nano.a(lib_a-signalr.o)
                0x0000d314                _kill_r
 .text._getpid_r
                0x0000d338        0x4 c:/users/user/.platformio/packages/toolchain-gccarmnoneeabi/bin/../lib/gcc/arm-none-eabi/7.2.1/../../../../arm-none-eabi/lib/thumb/v7e-m/fpv4-sp/hard\libc_nano.a(lib_a-signalr.o)
                0x0000d338                _getpid_r
 .text.sprintf  0x0000d33c       0x40 c:/users/user/.platformio/packages/toolchain-gccarmnoneeabi/bin/../lib/gcc/arm-none-eabi/7.2.1/../../../../arm-none-eabi/lib/thumb/v7e-m/fpv4-sp/hard\libc_nano.a(lib_a-sprintf.o)
                0x0000d33c                siprintf
                0x0000d33c                sprintf
 .text          0x0000d37c       0x10 c:/users/user/.platformio/packages/toolchain-gccarmnoneeabi/bin/../lib/gcc/arm-none-eabi/7.2.1/../../../../arm-none-eabi/lib/thumb/v7e-m/fpv4-sp/hard\libc_nano.a(lib_a-strlen.o)
                0x0000d37c                strlen
 .text.__ascii_wctomb
                0x0000d38c       0x1a c:/users/user/.platformio/packages/toolchain-gccarmnoneeabi/bin/../lib/gcc/arm-none-eabi/7.2.1/../../../../arm-none-eabi/lib/thumb/v7e-m/fpv4-sp/hard\libc_nano.a(lib_a-wctomb_r.o)
                0x0000d38c                __ascii_wctomb
 .text.quorem   0x0000d3a6      0x118 c:/users/user/.platformio/packages/toolchain-gccarmnoneeabi/bin/../lib/gcc/arm-none-eabi/7.2.1/../../../../arm-none-eabi/lib/thumb/v7e-m/fpv4-sp/hard\libc_nano.a(lib_a-dtoa.o)
 *fill*         0x0000d4be        0x2 ff
 .text._dtoa_r  0x0000d4c0      0xb70 c:/users/user/.platformio/packages/toolchain-gccarmnoneeabi/bin/../lib/gcc/arm-none-eabi/7.2.1/../../../../arm-none-eabi/lib/thumb/v7e-m/fpv4-sp/hard\libc_nano.a(lib_a-dtoa.o)
                0x0000d4c0                _dtoa_r
 .text.std      0x0000e030       0x48 c:/users/user/.platformio/packages/toolchain-gccarmnoneeabi/bin/../lib/gcc/arm-none-eabi/7.2.1/../../../../arm-none-eabi/lib/thumb/v7e-m/fpv4-sp/hard\libc_nano.a(lib_a-findfp.o)
 .text._cleanup_r
                0x0000e078        0xc c:/users/user/.platformio/packages/toolchain-gccarmnoneeabi/bin/../lib/gcc/arm-none-eabi/7.2.1/../../../../arm-none-eabi/lib/thumb/v7e-m/fpv4-sp/hard\libc_nano.a(lib_a-findfp.o)
                0x0000e078                _cleanup_r
 .text.__sfmoreglue
                0x0000e084       0x2c c:/users/user/.platformio/packages/toolchain-gccarmnoneeabi/bin/../lib/gcc/arm-none-eabi/7.2.1/../../../../arm-none-eabi/lib/thumb/v7e-m/fpv4-sp/hard\libc_nano.a(lib_a-findfp.o)
                0x0000e084                __sfmoreglue
 .text.__sinit  0x0000e0b0       0x60 c:/users/user/.platformio/packages/toolchain-gccarmnoneeabi/bin/../lib/gcc/arm-none-eabi/7.2.1/../../../../arm-none-eabi/lib/thumb/v7e-m/fpv4-sp/hard\libc_nano.a(lib_a-findfp.o)
                0x0000e0b0                __sinit
 .text.__sfp    0x0000e110       0x78 c:/users/user/.platformio/packages/toolchain-gccarmnoneeabi/bin/../lib/gcc/arm-none-eabi/7.2.1/../../../../arm-none-eabi/lib/thumb/v7e-m/fpv4-sp/hard\libc_nano.a(lib_a-findfp.o)
                0x0000e110                __sfp
 .text._fwalk_reent
                0x0000e188       0x3c c:/users/user/.platformio/packages/toolchain-gccarmnoneeabi/bin/../lib/gcc/arm-none-eabi/7.2.1/../../../../arm-none-eabi/lib/thumb/v7e-m/fpv4-sp/hard\libc_nano.a(lib_a-fwalk.o)
                0x0000e188                _fwalk_reent
 .text._localeconv_r
                0x0000e1c4       0x1c c:/users/user/.platformio/packages/toolchain-gccarmnoneeabi/bin/../lib/gcc/arm-none-eabi/7.2.1/../../../../arm-none-eabi/lib/thumb/v7e-m/fpv4-sp/hard\libc_nano.a(lib_a-localeconv.o)
                0x0000e1c4                _localeconv_r
 .text          0x0000e1e0       0xa0 c:/users/user/.platformio/packages/toolchain-gccarmnoneeabi/bin/../lib/gcc/arm-none-eabi/7.2.1/../../../../arm-none-eabi/lib/thumb/v7e-m/fpv4-sp/hard\libc_nano.a(lib_a-memchr.o)
                0x0000e1e0                memchr
 .text.__malloc_lock
                0x0000e280        0x2 c:/users/user/.platformio/packages/toolchain-gccarmnoneeabi/bin/../lib/gcc/arm-none-eabi/7.2.1/../../../../arm-none-eabi/lib/thumb/v7e-m/fpv4-sp/hard\libc_nano.a(lib_a-mlock.o)
                0x0000e280                __malloc_lock
 .text.__malloc_unlock
                0x0000e282        0x2 c:/users/user/.platformio/packages/toolchain-gccarmnoneeabi/bin/../lib/gcc/arm-none-eabi/7.2.1/../../../../arm-none-eabi/lib/thumb/v7e-m/fpv4-sp/hard\libc_nano.a(lib_a-mlock.o)
                0x0000e282                __malloc_unlock
 .text._Balloc  0x0000e284       0x68 c:/users/user/.platformio/packages/toolchain-gccarmnoneeabi/bin/../lib/gcc/arm-none-eabi/7.2.1/../../../../arm-none-eabi/lib/thumb/v7e-m/fpv4-sp/hard\libc_nano.a(lib_a-mprec.o)
                0x0000e284                _Balloc
 .text._Bfree   0x0000e2ec       0x2e c:/users/user/.platformio/packages/toolchain-gccarmnoneeabi/bin/../lib/gcc/arm-none-eabi/7.2.1/../../../../arm-none-eabi/lib/thumb/v7e-m/fpv4-sp/hard\libc_nano.a(lib_a-mprec.o)
                0x0000e2ec                _Bfree
 .text.__multadd
                0x0000e31a       0x76 c:/users/user/.platformio/packages/toolchain-gccarmnoneeabi/bin/../lib/gcc/arm-none-eabi/7.2.1/../../../../arm-none-eabi/lib/thumb/v7e-m/fpv4-sp/hard\libc_nano.a(lib_a-mprec.o)
                0x0000e31a                __multadd
 .text.__hi0bits
                0x0000e390       0x3e c:/users/user/.platformio/packages/toolchain-gccarmnoneeabi/bin/../lib/gcc/arm-none-eabi/7.2.1/../../../../arm-none-eabi/lib/thumb/v7e-m/fpv4-sp/hard\libc_nano.a(lib_a-mprec.o)
                0x0000e390                __hi0bits
 .text.__lo0bits
                0x0000e3ce       0x5e c:/users/user/.platformio/packages/toolchain-gccarmnoneeabi/bin/../lib/gcc/arm-none-eabi/7.2.1/../../../../arm-none-eabi/lib/thumb/v7e-m/fpv4-sp/hard\libc_nano.a(lib_a-mprec.o)
                0x0000e3ce                __lo0bits
 .text.__i2b    0x0000e42c       0x12 c:/users/user/.platformio/packages/toolchain-gccarmnoneeabi/bin/../lib/gcc/arm-none-eabi/7.2.1/../../../../arm-none-eabi/lib/thumb/v7e-m/fpv4-sp/hard\libc_nano.a(lib_a-mprec.o)
                0x0000e42c                __i2b
 .text.__multiply
                0x0000e43e      0x12c c:/users/user/.platformio/packages/toolchain-gccarmnoneeabi/bin/../lib/gcc/arm-none-eabi/7.2.1/../../../../arm-none-eabi/lib/thumb/v7e-m/fpv4-sp/hard\libc_nano.a(lib_a-mprec.o)
                0x0000e43e                __multiply
 *fill*         0x0000e56a        0x2 ff
 .text.__pow5mult
                0x0000e56c       0x9c c:/users/user/.platformio/packages/toolchain-gccarmnoneeabi/bin/../lib/gcc/arm-none-eabi/7.2.1/../../../../arm-none-eabi/lib/thumb/v7e-m/fpv4-sp/hard\libc_nano.a(lib_a-mprec.o)
                0x0000e56c                __pow5mult
 .text.__lshift
                0x0000e608       0xa8 c:/users/user/.platformio/packages/toolchain-gccarmnoneeabi/bin/../lib/gcc/arm-none-eabi/7.2.1/../../../../arm-none-eabi/lib/thumb/v7e-m/fpv4-sp/hard\libc_nano.a(lib_a-mprec.o)
                0x0000e608                __lshift
 .text.__mcmp   0x0000e6b0       0x34 c:/users/user/.platformio/packages/toolchain-gccarmnoneeabi/bin/../lib/gcc/arm-none-eabi/7.2.1/../../../../arm-none-eabi/lib/thumb/v7e-m/fpv4-sp/hard\libc_nano.a(lib_a-mprec.o)
                0x0000e6b0                __mcmp
 .text.__mdiff  0x0000e6e4       0xba c:/users/user/.platformio/packages/toolchain-gccarmnoneeabi/bin/../lib/gcc/arm-none-eabi/7.2.1/../../../../arm-none-eabi/lib/thumb/v7e-m/fpv4-sp/hard\libc_nano.a(lib_a-mprec.o)
                0x0000e6e4                __mdiff
 .text.__d2b    0x0000e79e       0x9e c:/users/user/.platformio/packages/toolchain-gccarmnoneeabi/bin/../lib/gcc/arm-none-eabi/7.2.1/../../../../arm-none-eabi/lib/thumb/v7e-m/fpv4-sp/hard\libc_nano.a(lib_a-mprec.o)
                0x0000e79e                __d2b
 .text._calloc_r
                0x0000e83c       0x1c c:/users/user/.platformio/packages/toolchain-gccarmnoneeabi/bin/../lib/gcc/arm-none-eabi/7.2.1/../../../../arm-none-eabi/lib/thumb/v7e-m/fpv4-sp/hard\libc_nano.a(lib_a-nano-callocr.o)
                0x0000e83c                _calloc_r
 .text._realloc_r
                0x0000e858       0x4c c:/users/user/.platformio/packages/toolchain-gccarmnoneeabi/bin/../lib/gcc/arm-none-eabi/7.2.1/../../../../arm-none-eabi/lib/thumb/v7e-m/fpv4-sp/hard\libc_nano.a(lib_a-nano-reallocr.o)
                0x0000e858                _realloc_r
 .text.__ssputs_r
                0x0000e8a4       0xb4 c:/users/user/.platformio/packages/toolchain-gccarmnoneeabi/bin/../lib/gcc/arm-none-eabi/7.2.1/../../../../arm-none-eabi/lib/thumb/v7e-m/fpv4-sp/hard\libc_nano.a(lib_a-nano-svfprintf.o)
                0x0000e8a4                __ssputs_r
 .text._svfprintf_r
                0x0000e958      0x1ec c:/users/user/.platformio/packages/toolchain-gccarmnoneeabi/bin/../lib/gcc/arm-none-eabi/7.2.1/../../../../arm-none-eabi/lib/thumb/v7e-m/fpv4-sp/hard\libc_nano.a(lib_a-nano-svfprintf.o)
                0x0000e958                _svfiprintf_r
                0x0000e958                _svfprintf_r
 .text.__sfputc_r
                0x0000eb44       0x2e c:/users/user/.platformio/packages/toolchain-gccarmnoneeabi/bin/../lib/gcc/arm-none-eabi/7.2.1/../../../../arm-none-eabi/lib/thumb/v7e-m/fpv4-sp/hard\libc_nano.a(lib_a-nano-vfprintf.o)
 .text.__sfputs_r
                0x0000eb72       0x24 c:/users/user/.platformio/packages/toolchain-gccarmnoneeabi/bin/../lib/gcc/arm-none-eabi/7.2.1/../../../../arm-none-eabi/lib/thumb/v7e-m/fpv4-sp/hard\libc_nano.a(lib_a-nano-vfprintf.o)
                0x0000eb72                __sfputs_r
 *fill*         0x0000eb96        0x2 ff
 .text._vfprintf_r
                0x0000eb98      0x228 c:/users/user/.platformio/packages/toolchain-gccarmnoneeabi/bin/../lib/gcc/arm-none-eabi/7.2.1/../../../../arm-none-eabi/lib/thumb/v7e-m/fpv4-sp/hard\libc_nano.a(lib_a-nano-vfprintf.o)
                0x0000eb98                _vfprintf_r
                0x0000eb98                _vfiprintf_r
 .text.__sread  0x0000edc0       0x22 c:/users/user/.platformio/packages/toolchain-gccarmnoneeabi/bin/../lib/gcc/arm-none-eabi/7.2.1/../../../../arm-none-eabi/lib/thumb/v7e-m/fpv4-sp/hard\libc_nano.a(lib_a-stdio.o)
                0x0000edc0                __sread
 .text.__swrite
                0x0000ede2       0x38 c:/users/user/.platformio/packages/toolchain-gccarmnoneeabi/bin/../lib/gcc/arm-none-eabi/7.2.1/../../../../arm-none-eabi/lib/thumb/v7e-m/fpv4-sp/hard\libc_nano.a(lib_a-stdio.o)
                0x0000ede2                __swrite
 .text.__sseek  0x0000ee1a       0x24 c:/users/user/.platformio/packages/toolchain-gccarmnoneeabi/bin/../lib/gcc/arm-none-eabi/7.2.1/../../../../arm-none-eabi/lib/thumb/v7e-m/fpv4-sp/hard\libc_nano.a(lib_a-stdio.o)
                0x0000ee1a                __sseek
 .text.__sclose
                0x0000ee3e        0x8 c:/users/user/.platformio/packages/toolchain-gccarmnoneeabi/bin/../lib/gcc/arm-none-eabi/7.2.1/../../../../arm-none-eabi/lib/thumb/v7e-m/fpv4-sp/hard\libc_nano.a(lib_a-stdio.o)
                0x0000ee3e                __sclose
 *fill*         0x0000ee46        0x2 ff
 .text.__swbuf_r
                0x0000ee48       0xa4 c:/users/user/.platformio/packages/toolchain-gccarmnoneeabi/bin/../lib/gcc/arm-none-eabi/7.2.1/../../../../arm-none-eabi/lib/thumb/v7e-m/fpv4-sp/hard\libc_nano.a(lib_a-wbuf.o)
                0x0000ee48                __swbuf_r
 .text._write_r
                0x0000eeec       0x24 c:/users/user/.platformio/packages/toolchain-gccarmnoneeabi/bin/../lib/gcc/arm-none-eabi/7.2.1/../../../../arm-none-eabi/lib/thumb/v7e-m/fpv4-sp/hard\libc_nano.a(lib_a-writer.o)
                0x0000eeec                _write_r
 .text.__swsetup_r
                0x0000ef10       0xdc c:/users/user/.platformio/packages/toolchain-gccarmnoneeabi/bin/../lib/gcc/arm-none-eabi/7.2.1/../../../../arm-none-eabi/lib/thumb/v7e-m/fpv4-sp/hard\libc_nano.a(lib_a-wsetup.o)
                0x0000ef10                __swsetup_r
 .text._close_r
                0x0000efec       0x20 c:/users/user/.platformio/packages/toolchain-gccarmnoneeabi/bin/../lib/gcc/arm-none-eabi/7.2.1/../../../../arm-none-eabi/lib/thumb/v7e-m/fpv4-sp/hard\libc_nano.a(lib_a-closer.o)
                0x0000efec                _close_r
 .text.__sflush_r
                0x0000f00c      0x10c c:/users/user/.platformio/packages/toolchain-gccarmnoneeabi/bin/../lib/gcc/arm-none-eabi/7.2.1/../../../../arm-none-eabi/lib/thumb/v7e-m/fpv4-sp/hard\libc_nano.a(lib_a-fflush.o)
                0x0000f00c                __sflush_r
 .text._fflush_r