Archive member included to satisfy reference by file (symbol)

.pio\build\uno_r4_wifi\lib069\libAdafruit GFX Library.a(Adafruit_GFX.cpp.o)
                              .pio\build\uno_r4_wifi\src\main.cpp.o (GFXcanvas8::fillScreen(unsigned short))
.pio\build\uno_r4_wifi\libb5d\libUNOR4WMatrixGFX.a(UNOR4WMatrixGFX.cpp.o)
                              .pio\build\uno_r4_wifi\src\main.cpp.o (UNOR4WMatrixGFX::UNOR4WMatrixGFX())
.pio\build\uno_r4_wifi\libFrameworkArduinoVariant.a(main.c.o)
                              c:/users/user/.platformio/packages/toolchain-gccarmnoneeabi/bin/../lib/gcc/arm-none-eabi/7.2.1/../../../../arm-none-eabi/lib/thumb/v7e-m/fpv4-sp/hard/crt0.o (main)
.pio\build\uno_r4_wifi\libFrameworkArduinoVariant.a(variant.cpp.o)
                              .pio\build\uno_r4_wifi\libb5d\libUNOR4WMatrixGFX.a(UNOR4WMatrixGFX.cpp.o) (g_pin_cfg)
.pio\build\uno_r4_wifi\libFrameworkArduino.a(FspTimer.cpp.o)
                              .pio\build\uno_r4_wifi\libb5d\libUNOR4WMatrixGFX.a(UNOR4WMatrixGFX.cpp.o) (FspTimer::FspTimer())
.pio\build\uno_r4_wifi\libFrameworkArduino.a(IRQManager.cpp.o)
                              .pio\build\uno_r4_wifi\libFrameworkArduino.a(FspTimer.cpp.o) (IRQManager::getInstance())
.pio\build\uno_r4_wifi\libFrameworkArduino.a(Serial.cpp.o)
                              .pio\build\uno_r4_wifi\src\main.cpp.o (UART::begin(unsigned long))
.pio\build\uno_r4_wifi\libFrameworkArduino.a(SerialObj1.cpp.o)
                              .pio\build\uno_r4_wifi\src\main.cpp.o (_UART1_)
.pio\build\uno_r4_wifi\libFrameworkArduino.a(WMath.cpp.o)
                              .pio\build\uno_r4_wifi\src\main.cpp.o (randomSeed(unsigned long))
.pio\build\uno_r4_wifi\libFrameworkArduino.a(analog.cpp.o)
                              .pio\build\uno_r4_wifi\src\main.cpp.o (analogRead)
.pio\build\uno_r4_wifi\libFrameworkArduino.a(Common.cpp.o)
                              .pio\build\uno_r4_wifi\libFrameworkArduino.a(analog.cpp.o) (map(long, long, long, long, long))
.pio\build\uno_r4_wifi\libFrameworkArduino.a(Print.cpp.o)
                              .pio\build\uno_r4_wifi\lib069\libAdafruit GFX Library.a(Adafruit_GFX.cpp.o) (arduino::Print::write(unsigned char const*, unsigned int))
.pio\build\uno_r4_wifi\libFrameworkArduino.a(dac.cpp.o)
                              .pio\build\uno_r4_wifi\libFrameworkArduino.a(analog.cpp.o) (CDac::analogWrite(int))
.pio\build\uno_r4_wifi\libFrameworkArduino.a(digital.cpp.o)
                              .pio\build\uno_r4_wifi\src\main.cpp.o (pinMode)
.pio\build\uno_r4_wifi\libFrameworkArduino.a(main.cpp.o)
                              .pio\build\uno_r4_wifi\libFrameworkArduinoVariant.a(main.c.o) (hal_entry)
.pio\build\uno_r4_wifi\libFrameworkArduino.a(pinDefinitions.cpp.o)
                              .pio\build\uno_r4_wifi\libFrameworkArduino.a(analog.cpp.o) (pinPeripheral(e_bsp_io_port_pin_t, unsigned long))
.pio\build\uno_r4_wifi\libFrameworkArduino.a(pwm.cpp.o)
                              .pio\build\uno_r4_wifi\libFrameworkArduino.a(analog.cpp.o) (PwmOut::PwmOut(int))
.pio\build\uno_r4_wifi\libFrameworkArduino.a(time.cpp.o)
                              .pio\build\uno_r4_wifi\libFrameworkArduino.a(analog.cpp.o) (delayMicroseconds)
.pio\build\uno_r4_wifi\libFrameworkArduino.a(variant_helper.cpp.o)
                              .pio\build\uno_r4_wifi\libFrameworkArduinoVariant.a(variant.cpp.o) (getPinCfgs(unsigned char, PinCfgReq_t))
.pio\build\uno_r4_wifi\libFrameworkArduino.a(vector_table.c.o)
                              .pio\build\uno_r4_wifi\libFrameworkArduino.a(main.cpp.o) (g_vector_table)
.pio\build\uno_r4_wifi\libFrameworkArduino.a(cm_backtrace.c.o)
                              .pio\build\uno_r4_wifi\libFrameworkArduino.a(main.cpp.o) (cm_backtrace_init)
.pio\build\uno_r4_wifi\libFrameworkArduino.a(cortex_handlers.c.o)
                              .pio\build\uno_r4_wifi\libFrameworkArduino.a(main.cpp.o) (Stacktrace_Handler)
C:\Users\user\.platformio\packages\framework-arduinorenesas-uno\variants\UNOWIFIR4\libs\libfsp.a(r_spi.o)
                              .pio\build\uno_r4_wifi\libFrameworkArduino.a(IRQManager.cpp.o) (spi_rxi_isr)
C:\Users\user\.platformio\packages\framework-arduinorenesas-uno\variants\UNOWIFIR4\libs\libfsp.a(r_sci_uart.o)
                              .pio\build\uno_r4_wifi\libFrameworkArduino.a(Serial.cpp.o) (R_SCI_UART_Write)
C:\Users\user\.platformio\packages\framework-arduinorenesas-uno\variants\UNOWIFIR4\libs\libfsp.a(r_sci_spi.o)
                              .pio\build\uno_r4_wifi\libFrameworkArduino.a(IRQManager.cpp.o) (sci_spi_txi_isr)
C:\Users\user\.platformio\packages\framework-arduinorenesas-uno\variants\UNOWIFIR4\libs\libfsp.a(r_sci_i2c.o)
                              .pio\build\uno_r4_wifi\libFrameworkArduino.a(IRQManager.cpp.o) (sci_i2c_rxi_isr)
C:\Users\user\.platformio\packages\framework-arduinorenesas-uno\variants\UNOWIFIR4\libs\libfsp.a(r_rtc.o)
[...]
Memory Configuration

Name             Origin             Length             Attributes
FLASH            0x00004000         0x0003c000         xr
RAM              0x20000000         0x00008000         xrw
DATA_FLASH       0x40100000         0x00002000         xr
OPTION_SETTING   0x00000000         0x00000000         r
OPTION_SETTING_S 0x00000000         0x00000000         r
ID_CODE          0x01010018         0x00000020         xr
*default*        0x00000000         0xffffffff

Linker script and memory map

LOAD c:/users/user/.platformio/packages/toolchain-gccarmnoneeabi/bin/../lib/gcc/arm-none-eabi/7.2.1/thumb/v7e-m/fpv4-sp/hard/crti.o
LOAD c:/users/user/.platformio/packages/toolchain-gccarmnoneeabi/bin/../lib/gcc/arm-none-eabi/7.2.1/thumb/v7e-m/fpv4-sp/hard/crtbegin.o
LOAD c:/users/user/.platformio/packages/toolchain-gccarmnoneeabi/bin/../lib/gcc/arm-none-eabi/7.2.1/../../../../arm-none-eabi/lib/thumb/v7e-m/fpv4-sp/hard/crt0.o
LOAD .pio\build\uno_r4_wifi\src\main.cpp.o
START GROUP
LOAD .pio\build\uno_r4_wifi\libeed\libWire.a
LOAD .pio\build\uno_r4_wifi\libd52\libSPI.a
LOAD .pio\build\uno_r4_wifi\lib53e\libAdafruit BusIO.a
LOAD .pio\build\uno_r4_wifi\lib069\libAdafruit GFX Library.a
LOAD .pio\build\uno_r4_wifi\libb5d\libUNOR4WMatrixGFX.a
LOAD .pio\build\uno_r4_wifi\libFrameworkArduinoVariant.a
LOAD .pio\build\uno_r4_wifi\libFrameworkArduino.a
LOAD C:\Users\user\.platformio\packages\framework-arduinorenesas-uno\variants\UNOWIFIR4\libs\libfsp.a
LOAD c:/users/user/.platformio/packages/toolchain-gccarmnoneeabi/bin/../lib/gcc/arm-none-eabi/7.2.1/../../../../arm-none-eabi/lib/thumb/v7e-m/fpv4-sp/hard\libstdc++_nano.a
LOAD c:/users/user/.platformio/packages/toolchain-gccarmnoneeabi/bin/../lib/gcc/arm-none-eabi/7.2.1/../../../../arm-none-eabi/lib/thumb/v7e-m/fpv4-sp/hard\libsupc++_nano.a
LOAD c:/users/user/.platformio/packages/toolchain-gccarmnoneeabi/bin/../lib/gcc/arm-none-eabi/7.2.1/thumb/v7e-m/fpv4-sp/hard\libgcc.a
LOAD c:/users/user/.platformio/packages/toolchain-gccarmnoneeabi/bin/../lib/gcc/arm-none-eabi/7.2.1/../../../../arm-none-eabi/lib/thumb/v7e-m/fpv4-sp/hard\libnosys.a
END GROUP
LOAD c:/users/user/.platformio/packages/toolchain-gccarmnoneeabi/bin/../lib/gcc/arm-none-eabi/7.2.1/../../../../arm-none-eabi/lib/thumb/v7e-m/fpv4-sp/hard\libstdc++_nano.a
LOAD c:/users/user/.platformio/packages/toolchain-gccarmnoneeabi/bin/../lib/gcc/arm-none-eabi/7.2.1/../../../../arm-none-eabi/lib/thumb/v7e-m/fpv4-sp/hard\libm.a
LOAD c:/users/user/.platformio/packages/toolchain-gccarmnoneeabi/bin/../lib/gcc/arm-none-eabi/7.2.1/../../../../arm-none-eabi/lib/thumb/v7e-m/fpv4-sp/hard\libc_nano.a
START GROUP
LOAD c:/users/user/.platformio/packages/toolchain-gccarmnoneeabi/bin/../lib/gcc/arm-none-eabi/7.2.1/thumb/v7e-m/fpv4-sp/hard\libgcc.a
LOAD c:/users/user/.platformio/packages/toolchain-gccarmnoneeabi/bin/../lib/gcc/arm-none-eabi/7.2.1/../../../../arm-none-eabi/lib/thumb/v7e-m/fpv4-sp/hard\libc_nano.a
END GROUP
START GROUP
LOAD c:/users/user/.platformio/packages/toolchain-gccarmnoneeabi/bin/../lib/gcc/arm-none-eabi/7.2.1/thumb/v7e-m/fpv4-sp/hard\libgcc.a
LOAD c:/users/user/.platformio/packages/toolchain-gccarmnoneeabi/bin/../lib/gcc/arm-none-eabi/7.2.1/../../../../arm-none-eabi/lib/thumb/v7e-m/fpv4-sp/hard\libc_nano.a
LOAD c:/users/user/.platformio/packages/toolchain-gccarmnoneeabi/bin/../lib/gcc/arm-none-eabi/7.2.1/../../../../arm-none-eabi/lib/thumb/v7e-m/fpv4-sp/hard\libnosys.a
END GROUP
START GROUP
LOAD c:/users/user/.platformio/packages/toolchain-gccarmnoneeabi/bin/../lib/gcc/arm-none-eabi/7.2.1/thumb/v7e-m/fpv4-sp/hard\libgcc.a
LOAD c:/users/user/.platformio/packages/toolchain-gccarmnoneeabi/bin/../lib/gcc/arm-none-eabi/7.2.1/../../../../arm-none-eabi/lib/thumb/v7e-m/fpv4-sp/hard\libc_nano.a
LOAD c:/users/user/.platformio/packages/toolchain-gccarmnoneeabi/bin/../lib/gcc/arm-none-eabi/7.2.1/../../../../arm-none-eabi/lib/thumb/v7e-m/fpv4-sp/hard\libnosys.a
END GROUP
LOAD c:/users/user/.platformio/packages/toolchain-gccarmnoneeabi/bin/../lib/gcc/arm-none-eabi/7.2.1/thumb/v7e-m/fpv4-sp/hard/crtend.o
LOAD c:/users/user/.platformio/packages/toolchain-gccarmnoneeabi/bin/../lib/gcc/arm-none-eabi/7.2.1/thumb/v7e-m/fpv4-sp/hard/crtn.o
                0x20000000                RAM_START = 0x20000000
                0x00008000                RAM_LENGTH = 0x8000
                0x00000000                FLASH_START = 0x0
                0x00040000                FLASH_LENGTH = 0x40000
                0x40100000                DATA_FLASH_START = 0x40100000
                0x00002000                DATA_FLASH_LENGTH = 0x2000
                0x00000000                OPTION_SETTING_START = 0x0
                0x00000000                OPTION_SETTING_LENGTH = 0x0
                0x00000000                OPTION_SETTING_S_START = 0x0
                0x00000000                OPTION_SETTING_S_LENGTH = 0x0
                0x01010018                ID_CODE_START = 0x1010018
                0x00000020                ID_CODE_LENGTH = 0x20
                0x90000000                SDRAM_START = 0x90000000
                0x00000000                SDRAM_LENGTH = 0x0
                0x60000000                QSPI_FLASH_START = 0x60000000
                0x00000000                QSPI_FLASH_LENGTH = 0x0
                0x68000000                OSPI_DEVICE_0_START = 0x68000000
                0x00000000                OSPI_DEVICE_0_LENGTH = 0x0
                0x70000000                OSPI_DEVICE_1_START = 0x70000000
                0x00000000                OSPI_DEVICE_1_LENGTH = 0x0
                0x00004000                FLASH_IMAGE_START = 0x4000
                0x00000100                VECTOR_TABLE_LENGTH = 0x100
                0x00000400                BSP_CFG_STACK_MAIN_BYTES = 0x400
START GROUP
LOAD c:/users/user/.platformio/packages/toolchain-gccarmnoneeabi/bin/../lib/gcc/arm-none-eabi/7.2.1/thumb/v7e-m/fpv4-sp/hard\libgcc.a
LOAD c:/users/user/.platformio/packages/toolchain-gccarmnoneeabi/bin/../lib/gcc/arm-none-eabi/7.2.1/../../../../arm-none-eabi/lib/thumb/v7e-m/fpv4-sp/hard\libc.a
LOAD c:/users/user/.platformio/packages/toolchain-gccarmnoneeabi/bin/../lib/gcc/arm-none-eabi/7.2.1/../../../../arm-none-eabi/lib/thumb/v7e-m/fpv4-sp/hard\libm.a
LOAD c:/users/user/.platformio/packages/toolchain-gccarmnoneeabi/bin/../lib/gcc/arm-none-eabi/7.2.1/../../../../arm-none-eabi/lib/thumb/v7e-m/fpv4-sp/hard\libnosys.a
END GROUP

.text           0x00004000     0xaad0
                0x00000000                __tz_FLASH_S = ABSOLUTE (FLASH_START)
                0x00004000                __ROM_Start = .
 *(.sketch_boot)
                0x00004000                . = ALIGN (0x800)
 *(.fixed_vectors*)
 .fixed_vectors
                0x00004000       0x40 C:\Users\user\.platformio\packages\framework-arduinorenesas-uno\variants\UNOWIFIR4\libs\libfsp.a(startup.o)
                0x00004000                __Vectors
 *(.application_vectors*)
 .application_vectors
                0x00004040       0x80 .pio\build\uno_r4_wifi\libFrameworkArduino.a(vector_table.c.o)
                0x00004040                g_vector_table
                0x000040c0                __Vectors_End = .
 *(.text*)
 .text          0x000040c0       0x40 c:/users/user/.platformio/packages/toolchain-gccarmnoneeabi/bin/../lib/gcc/arm-none-eabi/7.2.1/thumb/v7e-m/fpv4-sp/hard/crtbegin.o
 .text._Z12handlePaddlev
                0x00004100       0x34 .pio\build\uno_r4_wifi\src\main.cpp.o
                0x00004100                handlePaddle()
 .text._Z9resetBallv
                0x00004134       0x44 .pio\build\uno_r4_wifi\src\main.cpp.o
                0x00004134                resetBall()
 .text.startup._GLOBAL__sub_I_matrix
                0x00004178       0x20 .pio\build\uno_r4_wifi\src\main.cpp.o
 .text.exit._GLOBAL__sub_D_matrix
                0x00004198       0x1c .pio\build\uno_r4_wifi\src\main.cpp.o
 .text.setup    0x000041b4       0x50 .pio\build\uno_r4_wifi\src\main.cpp.o
                0x000041b4                setup
 .text._Z8drawGamev
                0x00004204       0x50 .pio\build\uno_r4_wifi\src\main.cpp.o
                0x00004204                drawGame()
 .text._Z15writeOffsetRectR10GFXcanvas8ii
                0x00004254       0x54 .pio\build\uno_r4_wifi\src\main.cpp.o
                0x00004254                writeOffsetRect(GFXcanvas8&, int, int)
 .text._Z11displayLosev
                0x000042a8       0x70 .pio\build\uno_r4_wifi\src\main.cpp.o
                0x000042a8                displayLose()
 .text._Z10updateBallv
                0x00004318       0xd4 .pio\build\uno_r4_wifi\src\main.cpp.o
                0x00004318                updateBall()
 .text.loop     0x000043ec       0x18 .pio\build\uno_r4_wifi\src\main.cpp.o
                0x000043ec                loop
 .text._ZN7arduino5Print17availableForWriteEv
                0x00004404        0x4 .pio\build\uno_r4_wifi\lib069\libAdafruit GFX Library.a(Adafruit_GFX.cpp.o)
                0x00004404                arduino::Print::availableForWrite()
 .text._ZN7arduino5Print5flushEv
                0x00004408        0x2 .pio\build\uno_r4_wifi\lib069\libAdafruit GFX Library.a(Adafruit_GFX.cpp.o)
                0x00004408                arduino::Print::flush()
 .text._ZN12Adafruit_GFX9writeLineEsssst
                0x0000440a       0xbc .pio\build\uno_r4_wifi\lib069\libAdafruit GFX Library.a(Adafruit_GFX.cpp.o)
                0x0000440a                Adafruit_GFX::writeLine(short, short, short, short, unsigned short)
 .text._ZN12Adafruit_GFX10startWriteEv
                0x000044c6        0x2 .pio\build\uno_r4_wifi\lib069\libAdafruit GFX Library.a(Adafruit_GFX.cpp.o)
                0x000044c6                Adafruit_GFX::startWrite()
                0x000044c6                Adafruit_GFX::endWrite()
 .text._ZN12Adafruit_GFX10writePixelEsst
                0x000044c8        0xe .pio\build\uno_r4_wifi\lib069\libAdafruit GFX Library.a(Adafruit_GFX.cpp.o)
                0x000044c8                Adafruit_GFX::writePixel(short, short, unsigned short)
 .text._ZN12Adafruit_GFX14writeFastVLineEssst
                0x000044d6       0x12 .pio\build\uno_r4_wifi\lib069\libAdafruit GFX Library.a(Adafruit_GFX.cpp.o)
                0x000044d6                Adafruit_GFX::writeFastVLine(short, short, short, unsigned short)
 .text._ZN12Adafruit_GFX14writeFastHLineEssst
                0x000044e8       0x12 .pio\build\uno_r4_wifi\lib069\libAdafruit GFX Library.a(Adafruit_GFX.cpp.o)
                0x000044e8                Adafruit_GFX::writeFastHLine(short, short, short, unsigned short)
 .text._ZN12Adafruit_GFX13writeFillRectEsssst
                0x000044fa       0x18 .pio\build\uno_r4_wifi\lib069\libAdafruit GFX Library.a(Adafruit_GFX.cpp.o)
                0x000044fa                Adafruit_GFX::writeFillRect(short, short, short, short, unsigned short)
 .text._ZN12Adafruit_GFX13drawFastVLineEssst
                0x00004512       0x3e .pio\build\uno_r4_wifi\lib069\libAdafruit GFX Library.a(Adafruit_GFX.cpp.o)
                0x00004512                Adafruit_GFX::drawFastVLine(short, short, short, unsigned short)
 .text._ZN12Adafruit_GFX13drawFastHLineEssst
                0x00004550       0x3a .pio\build\uno_r4_wifi\lib069\libAdafruit GFX Library.a(Adafruit_GFX.cpp.o)
                0x00004550                Adafruit_GFX::drawFastHLine(short, short, short, unsigned short)
 .text._ZN12Adafruit_GFX8fillRectEsssst
                0x0000458a       0x46 .pio\build\uno_r4_wifi\lib069\libAdafruit GFX Library.a(Adafruit_GFX.cpp.o)
                0x0000458a                Adafruit_GFX::fillRect(short, short, short, short, unsigned short)
 .text._ZN12Adafruit_GFX10fillScreenEt
                0x000045d0       0x1c .pio\build\uno_r4_wifi\lib069\libAdafruit GFX Library.a(Adafruit_GFX.cpp.o)
                0x000045d0                Adafruit_GFX::fillScreen(unsigned short)
 .text._ZN12Adafruit_GFX8drawRectEsssst
                0x000045ec       0x78 .pio\build\uno_r4_wifi\lib069\libAdafruit GFX Library.a(Adafruit_GFX.cpp.o)
                0x000045ec                Adafruit_GFX::drawRect(short, short, short, short, unsigned short)
 .text._ZN12Adafruit_GFX13invertDisplayEb
                0x00004664        0x2 .pio\build\uno_r4_wifi\lib069\libAdafruit GFX Library.a(Adafruit_GFX.cpp.o)
                0x00004664                Adafruit_GFX::invertDisplay(bool)
 .text._ZN10GFXcanvas89drawPixelEsst
                0x00004666       0x5c .pio\build\uno_r4_wifi\lib069\libAdafruit GFX Library.a(Adafruit_GFX.cpp.o)
                0x00004666                GFXcanvas8::drawPixel(short, short, unsigned short)
 .text._ZN10GFXcanvas810fillScreenEt
                0x000046c2       0x14 .pio\build\uno_r4_wifi\lib069\libAdafruit GFX Library.a(Adafruit_GFX.cpp.o)
                0x000046c2                GFXcanvas8::fillScreen(unsigned short)
 .text._ZN12Adafruit_GFX8drawLineEsssst
                0x000046d6       0x88 .pio\build\uno_r4_wifi\lib069\libAdafruit GFX Library.a(Adafruit_GFX.cpp.o)
                0x000046d6                Adafruit_GFX::drawLine(short, short, short, short, unsigned short)
 .text._ZN12Adafruit_GFX11setRotationEh
                0x0000475e       0x22 .pio\build\uno_r4_wifi\lib069\libAdafruit GFX Library.a(Adafruit_GFX.cpp.o)
                0x0000475e                Adafruit_GFX::setRotation(unsigned char)
 .text._ZN12Adafruit_GFXC2Ess
                0x00004780       0x30 .pio\build\uno_r4_wifi\lib069\libAdafruit GFX Library.a(Adafruit_GFX.cpp.o)
                0x00004780                Adafruit_GFX::Adafruit_GFX(short, short)
                0x00004780                Adafruit_GFX::Adafruit_GFX(short, short)
 .text._ZN12Adafruit_GFX8drawCharEsshtthh
                0x000047b0      0x2ac .pio\build\uno_r4_wifi\lib069\libAdafruit GFX Library.a(Adafruit_GFX.cpp.o)
                0x000047b0                Adafruit_GFX::drawChar(short, short, unsigned char, unsigned short, unsigned short, unsigned char, unsigned char)
 .text._ZN12Adafruit_GFX5writeEh
                0x00004a5c      0x102 .pio\build\uno_r4_wifi\lib069\libAdafruit GFX Library.a(Adafruit_GFX.cpp.o)
                0x00004a5c                Adafruit_GFX::write(unsigned char)
 .text._ZN12Adafruit_GFX11setTextSizeEhh
                0x00004b5e       0x12 .pio\build\uno_r4_wifi\lib069\libAdafruit GFX Library.a(Adafruit_GFX.cpp.o)
                0x00004b5e                Adafruit_GFX::setTextSize(unsigned char, unsigned char)
 .text._ZN12Adafruit_GFX11setTextSizeEh
                0x00004b70        0x6 .pio\build\uno_r4_wifi\lib069\libAdafruit GFX Library.a(Adafruit_GFX.cpp.o)
                0x00004b70                Adafruit_GFX::setTextSize(unsigned char)
 *fill*         0x00004b76        0x2 ff
 .text._ZN10GFXcanvas8C2Ettb
                0x00004b78       0x3c .pio\build\uno_r4_wifi\lib069\libAdafruit GFX Library.a(Adafruit_GFX.cpp.o)
                0x00004b78                GFXcanvas8::GFXcanvas8(unsigned short, unsigned short, bool)
                0x00004b78                GFXcanvas8::GFXcanvas8(unsigned short, unsigned short, bool)
 .text._ZN10GFXcanvas8D2Ev
                0x00004bb4       0x20 .pio\build\uno_r4_wifi\lib069\libAdafruit GFX Library.a(Adafruit_GFX.cpp.o)
                0x00004bb4                GFXcanvas8::~GFXcanvas8()
                0x00004bb4                GFXcanvas8::~GFXcanvas8()
 .text._ZNK10GFXcanvas811getRawPixelEss
                0x00004bd4       0x2a .pio\build\uno_r4_wifi\lib069\libAdafruit GFX Library.a(Adafruit_GFX.cpp.o)
                0x00004bd4                GFXcanvas8::getRawPixel(short, short) const
 .text._ZNK10GFXcanvas88getPixelEss
                0x00004bfe       0x3a .pio\build\uno_r4_wifi\lib069\libAdafruit GFX Library.a(Adafruit_GFX.cpp.o)
                0x00004bfe                GFXcanvas8::getPixel(short, short) const
 .text._ZN10GFXcanvas816drawFastRawVLineEssst
                0x00004c38       0x28 .pio\build\uno_r4_wifi\lib069\libAdafruit GFX Library.a(Adafruit_GFX.cpp.o)
                0x00004c38                GFXcanvas8::drawFastRawVLine(short, short, short, unsigned short)
 .text._ZN10GFXcanvas816drawFastRawHLineEssst
                0x00004c60       0x1c .pio\build\uno_r4_wifi\lib069\libAdafruit GFX Library.a(Adafruit_GFX.cpp.o)
                0x00004c60                GFXcanvas8::drawFastRawHLine(short, short, short, unsigned short)
 .text._ZN10GFXcanvas813drawFastVLineEssst
                0x00004c7c       0xa2 .pio\build\uno_r4_wifi\lib069\libAdafruit GFX Library.a(Adafruit_GFX.cpp.o)
                0x00004c7c                GFXcanvas8::drawFastVLine(short, short, short, unsigned short)
 .text._ZN10GFXcanvas813drawFastHLineEssst
                0x00004d1e       0xa2 .pio\build\uno_r4_wifi\lib069\libAdafruit GFX Library.a(Adafruit_GFX.cpp.o)
                0x00004d1e                GFXcanvas8::drawFastHLine(short, short, short, unsigned short)
 .text._ZL18fetchbits_unsignedPKhmm
                0x00004dc0       0x42 .pio\build\uno_r4_wifi\libb5d\libUNOR4WMatrixGFX.a(UNOR4WMatrixGFX.cpp.o)
 .text._ZN15UNOR4WMatrixGFX10fillScreenEt
                0x00004e02       0x14 .pio\build\uno_r4_wifi\libb5d\libUNOR4WMatrixGFX.a(UNOR4WMatrixGFX.cpp.o)
                0x00004e02                UNOR4WMatrixGFX::fillScreen(unsigned short)
 .text._ZL15drawILIFontBitsP12Adafruit_GFXtmmmmm.part.5
                0x00004e16       0x66 .pio\build\uno_r4_wifi\libb5d\libUNOR4WMatrixGFX.a(UNOR4WMatrixGFX.cpp.o)
 .text._ZN15UNOR4WMatrixGFXC2Ev
                0x00004e7c       0x24 .pio\build\uno_r4_wifi\libb5d\libUNOR4WMatrixGFX.a(UNOR4WMatrixGFX.cpp.o)
                0x00004e7c                UNOR4WMatrixGFX::UNOR4WMatrixGFX()
                0x00004e7c                UNOR4WMatrixGFX::UNOR4WMatrixGFX()
 .text._ZN15UNOR4WMatrixGFXD2Ev
                0x00004ea0        0x2 .pio\build\uno_r4_wifi\libb5d\libUNOR4WMatrixGFX.a(UNOR4WMatrixGFX.cpp.o)
                0x00004ea0                UNOR4WMatrixGFX::~UNOR4WMatrixGFX()
                0x00004ea0                UNOR4WMatrixGFX::~UNOR4WMatrixGFX()
 *fill*         0x00004ea2        0x6 ff
 .text._ZN15UNOR4WMatrixGFX5beginEmPN7arduino6StreamE
                0x00004ea8      0x16c .pio\build\uno_r4_wifi\libb5d\libUNOR4WMatrixGFX.a(UNOR4WMatrixGFX.cpp.o)
                0x00004ea8                UNOR4WMatrixGFX::begin(unsigned long, arduino::Stream*)
 .text._ZN15UNOR4WMatrixGFX7displayEv
                0x00005014       0x10 .pio\build\uno_r4_wifi\libb5d\libUNOR4WMatrixGFX.a(UNOR4WMatrixGFX.cpp.o)
                0x00005014                UNOR4WMatrixGFX::display()
 .text._ZN15UNOR4WMatrixGFX5pixelEht
                0x00005024       0x2a .pio\build\uno_r4_wifi\libb5d\libUNOR4WMatrixGFX.a(UNOR4WMatrixGFX.cpp.o)
                0x00005024                UNOR4WMatrixGFX::pixel(unsigned char, unsigned short)
 .text._ZN15UNOR4WMatrixGFX9drawPixelEsst
                0x0000504e       0x4e .pio\build\uno_r4_wifi\libb5d\libUNOR4WMatrixGFX.a(UNOR4WMatrixGFX.cpp.o)
                0x0000504e                UNOR4WMatrixGFX::drawPixel(short, short, unsigned short)
 .text._ZN15UNOR4WMatrixGFX9pixelDispEh
                0x0000509c       0x1c .pio\build\uno_r4_wifi\libb5d\libUNOR4WMatrixGFX.a(UNOR4WMatrixGFX.cpp.o)
                0x0000509c                UNOR4WMatrixGFX::pixelDisp(unsigned char)
 .text._ZN15UNOR4WMatrixGFX12clearDisplayEv
                0x000050b8        0x8 .pio\build\uno_r4_wifi\libb5d\libUNOR4WMatrixGFX.a(UNOR4WMatrixGFX.cpp.o)
                0x000050b8                UNOR4WMatrixGFX::clearDisplay()
 .text._ZN15UNOR4WMatrixGFX5hlineEssst
                0x000050c0       0x42 .pio\build\uno_r4_wifi\libb5d\libUNOR4WMatrixGFX.a(UNOR4WMatrixGFX.cpp.o)
                0x000050c0                UNOR4WMatrixGFX::hline(short, short, short, unsigned short)
 .text._ZN15UNOR4WMatrixGFX5vlineEssst
                0x00005102       0x44 .pio\build\uno_r4_wifi\libb5d\libUNOR4WMatrixGFX.a(UNOR4WMatrixGFX.cpp.o)
                0x00005102                UNOR4WMatrixGFX::vline(short, short, short, unsigned short)
 .text._ZN15UNOR4WMatrixGFX13drawFastHLineEssst
                0x00005146       0x4a .pio\build\uno_r4_wifi\libb5d\libUNOR4WMatrixGFX.a(UNOR4WMatrixGFX.cpp.o)
                0x00005146                UNOR4WMatrixGFX::drawFastHLine(short, short, short, unsigned short)
 .text._ZN15UNOR4WMatrixGFX13drawFastVLineEssst
                0x00005190       0x4a .pio\build\uno_r4_wifi\libb5d\libUNOR4WMatrixGFX.a(UNOR4WMatrixGFX.cpp.o)
                0x00005190                UNOR4WMatrixGFX::drawFastVLine(short, short, short, unsigned short)
 *fill*         0x000051da        0x2 ff
 .text._ZN15UNOR4WMatrixGFX17updateClockPeriodEm
                0x000051dc       0x1c .pio\build\uno_r4_wifi\libb5d\libUNOR4WMatrixGFX.a(UNOR4WMatrixGFX.cpp.o)
                0x000051dc                UNOR4WMatrixGFX::updateClockPeriod(unsigned long)
 .text._ZN15UNOR4WMatrixGFX18led_timer_callbackEP22st_timer_callback_args
                0x000051f8      0x16c .pio\build\uno_r4_wifi\libb5d\libUNOR4WMatrixGFX.a(UNOR4WMatrixGFX.cpp.o)
                0x000051f8                UNOR4WMatrixGFX::led_timer_callback(st_timer_callback_args*)
 .text._Z15drawILIFontCharP12Adafruit_GFXPK17ILI9341_t3_font_tbtc
                0x00005364      0x228 .pio\build\uno_r4_wifi\libb5d\libUNOR4WMatrixGFX.a(UNOR4WMatrixGFX.cpp.o)
                0x00005364                drawILIFontChar(Adafruit_GFX*, ILI9341_t3_font_t const*, bool, unsigned short, char)
 .text.startup._GLOBAL__sub_I__ZN15UNOR4WMatrixGFX4pinsE
                0x0000558c      0x128 .pio\build\uno_r4_wifi\libb5d\libUNOR4WMatrixGFX.a(UNOR4WMatrixGFX.cpp.o)
 .text.exit._GLOBAL__sub_D__ZN15UNOR4WMatrixGFX4pinsE
                0x000056b4        0xc .pio\build\uno_r4_wifi\libb5d\libUNOR4WMatrixGFX.a(UNOR4WMatrixGFX.cpp.o)
 .text._ZN15UNOR4WMatrixGFX5writeEh
                0x000056c0       0x22 .pio\build\uno_r4_wifi\libb5d\libUNOR4WMatrixGFX.a(UNOR4WMatrixGFX.cpp.o)
                0x000056c0                UNOR4WMatrixGFX::write(unsigned char)
 .text.startup.main
                0x000056e2        0xa .pio\build\uno_r4_wifi\libFrameworkArduinoVariant.a(main.c.o)
                0x000056e2                main
 .text.PINCOUNT_fn
                0x000056ec        0x4 .pio\build\uno_r4_wifi\libFrameworkArduinoVariant.a(variant.cpp.o)
                0x000056ec                PINCOUNT_fn
 .text._Z17__maybe_start_usbv
                0x000056f0        0x2 .pio\build\uno_r4_wifi\libFrameworkArduinoVariant.a(variant.cpp.o)
                0x000056f0                __maybe_start_usb()
 *fill*         0x000056f2        0x2 ff
 .text.initVariant
                0x000056f4       0x9c .pio\build\uno_r4_wifi\libFrameworkArduinoVariant.a(variant.cpp.o)
                0x000056f4                initVariant
 .text.R_FSP_SystemClockHzGet
                0x00005790       0x24 .pio\build\uno_r4_wifi\libFrameworkArduino.a(FspTimer.cpp.o)
 .text._ZN8FspTimer17set_period_countsEhfm.part.2
                0x000057b4      0x158 .pio\build\uno_r4_wifi\libFrameworkArduino.a(FspTimer.cpp.o)
 .text._ZN8FspTimerC2Ev
                0x0000590c       0x18 .pio\build\uno_r4_wifi\libFrameworkArduino.a(FspTimer.cpp.o)
                0x0000590c                FspTimer::FspTimer()
                0x0000590c                FspTimer::FspTimer()
 .text._ZN8FspTimer5beginE12e_timer_modehhmm18e_timer_source_divPFvP22st_timer_callback_argsEPv
                0x00005924      0x16c .pio\build\uno_r4_wifi\libFrameworkArduino.a(FspTimer.cpp.o)
                0x00005924                FspTimer::begin(e_timer_mode, unsigned char, unsigned char, unsigned long, unsigned long, e_timer_source_div, void (*)(st_timer_callback_args*), void*)
 .text._ZN8FspTimer19get_available_timerERhb
                0x00005a90       0x74 .pio\build\uno_r4_wifi\libFrameworkArduino.a(FspTimer.cpp.o)
                0x00005a90                FspTimer::get_available_timer(unsigned char&, bool)
 .text._ZN8FspTimer17set_period_countsEhfm
                0x00005b04       0xd8 .pio\build\uno_r4_wifi\libFrameworkArduino.a(FspTimer.cpp.o)
                0x00005b04                FspTimer::set_period_counts(unsigned char, float, unsigned long)
 .text._ZN8FspTimer5beginE12e_timer_modehhffPFvP22st_timer_callback_argsEPv
                0x00005bdc       0xb8 .pio\build\uno_r4_wifi\libFrameworkArduino.a(FspTimer.cpp.o)
                0x00005bdc                FspTimer::begin(e_timer_mode, unsigned char, unsigned char, float, float, void (*)(st_timer_callback_args*), void*)
 .text._ZN8FspTimer14get_period_rawEv
                0x00005c94       0x2c .pio\build\uno_r4_wifi\libFrameworkArduino.a(FspTimer.cpp.o)
                0x00005c94                FspTimer::get_period_raw()
 .text._ZN8FspTimer10set_periodEm
                0x00005cc0       0x3e .pio\build\uno_r4_wifi\libFrameworkArduino.a(FspTimer.cpp.o)
                0x00005cc0                FspTimer::set_period(unsigned long)
 .text._ZN8FspTimer4openEv
                0x00005cfe       0x4e .pio\build\uno_r4_wifi\libFrameworkArduino.a(FspTimer.cpp.o)
                0x00005cfe                FspTimer::open()
 .text._ZN8FspTimer5startEv
                0x00005d4c       0x2e .pio\build\uno_r4_wifi\libFrameworkArduino.a(FspTimer.cpp.o)
                0x00005d4c                FspTimer::start()
 .text._ZN8FspTimer5closeEv
                0x00005d7a       0x2e .pio\build\uno_r4_wifi\libFrameworkArduino.a(FspTimer.cpp.o)
                0x00005d7a                FspTimer::close()
 .text._ZN8FspTimer3endEv
                0x00005da8       0x48 .pio\build\uno_r4_wifi\libFrameworkArduino.a(FspTimer.cpp.o)
                0x00005da8                FspTimer::end()
 .text._ZN8FspTimerD2Ev
                0x00005df0        0xc .pio\build\uno_r4_wifi\libFrameworkArduino.a(FspTimer.cpp.o)
                0x00005df0                FspTimer::~FspTimer()
                0x00005df0                FspTimer::~FspTimer()
 .text._ZN8FspTimer15get_cfg_for_irqEv
                0x00005dfc       0x14 .pio\build\uno_r4_wifi\libFrameworkArduino.a(FspTimer.cpp.o)
                0x00005dfc                FspTimer::get_cfg_for_irq()
 .text._ZN8FspTimer9is_openedEv
                0x00005e10       0x18 .pio\build\uno_r4_wifi\libFrameworkArduino.a(FspTimer.cpp.o)
                0x00005e10                FspTimer::is_opened()
 .text._ZN8FspTimer18setup_overflow_irqEhPFvvE
                0x00005e28       0x4e .pio\build\uno_r4_wifi\libFrameworkArduino.a(FspTimer.cpp.o)
                0x00005e28                FspTimer::setup_overflow_irq(unsigned char, void (*)())
 *fill*         0x00005e76        0x2 ff
 .text.R_BSP_IrqEnable
                0x00005e78       0x34 .pio\build\uno_r4_wifi\libFrameworkArduino.a(IRQManager.cpp.o)
 .text.R_BSP_IrqDisable
                0x00005eac       0x24 .pio\build\uno_r4_wifi\libFrameworkArduino.a(IRQManager.cpp.o)
 .text.__tcf_0  0x00005ed0        0x2 .pio\build\uno_r4_wifi\libFrameworkArduino.a(IRQManager.cpp.o)
 *fill*         0x00005ed2        0x2 ff
 .text.__NVIC_SetPriority.constprop.11
                0x00005ed4       0x24 .pio\build\uno_r4_wifi\libFrameworkArduino.a(IRQManager.cpp.o)
 .text._ZN10IRQManager11getInstanceEv
                0x00005ef8       0x38 .pio\build\uno_r4_wifi\libFrameworkArduino.a(IRQManager.cpp.o)
                0x00005ef8                IRQManager::getInstance()
 .text._ZN10IRQManager18set_ext_link_eventEii
                0x00005f30       0xc8 .pio\build\uno_r4_wifi\libFrameworkArduino.a(IRQManager.cpp.o)
                0x00005f30                IRQManager::set_ext_link_event(int, int)
 .text._ZN10IRQManager23set_gpt_over_link_eventEii
                0x00005ff8       0x70 .pio\build\uno_r4_wifi\libFrameworkArduino.a(IRQManager.cpp.o)
                0x00005ff8                IRQManager::set_gpt_over_link_event(int, int)
 .text._ZN10IRQManager18set_agt_link_eventEii
                0x00006068       0x28 .pio\build\uno_r4_wifi\libFrameworkArduino.a(IRQManager.cpp.o)
                0x00006068                IRQManager::set_agt_link_event(int, int)
 .text._ZN10IRQManager16addTimerOverflowER5timerPFvvE
                0x00006090       0x7c .pio\build\uno_r4_wifi\libFrameworkArduino.a(IRQManager.cpp.o)
                0x00006090                IRQManager::addTimerOverflow(timer&, void (*)())
 .text._ZN10IRQManager21set_iic_tx_link_eventEii
                0x0000610c       0x20 .pio\build\uno_r4_wifi\libFrameworkArduino.a(IRQManager.cpp.o)
                0x0000610c                IRQManager::set_iic_tx_link_event(int, int)
 .text._ZN10IRQManager21set_iic_rx_link_eventEii
                0x0000612c       0x20 .pio\build\uno_r4_wifi\libFrameworkArduino.a(IRQManager.cpp.o)
                0x0000612c                IRQManager::set_iic_rx_link_event(int, int)
 .text._ZN10IRQManager22set_iic_tei_link_eventEii
                0x0000614c       0x20 .pio\build\uno_r4_wifi\libFrameworkArduino.a(IRQManager.cpp.o)
                0x0000614c                IRQManager::set_iic_tei_link_event(int, int)
 .text._ZN10IRQManager22set_iic_eri_link_eventEii
                0x0000616c       0x20 .pio\build\uno_r4_wifi\libFrameworkArduino.a(IRQManager.cpp.o)
                0x0000616c                IRQManager::set_iic_eri_link_event(int, int)
 .text._ZN10IRQManager21set_sci_tx_link_eventEii
                0x0000618c       0x38 .pio\build\uno_r4_wifi\libFrameworkArduino.a(IRQManager.cpp.o)
                0x0000618c                IRQManager::set_sci_tx_link_event(int, int)
 .text._ZN10IRQManager21set_sci_rx_link_eventEii
                0x000061c4       0x38 .pio\build\uno_r4_wifi\libFrameworkArduino.a(IRQManager.cpp.o)
                0x000061c4                IRQManager::set_sci_rx_link_event(int, int)
 .text._ZN10IRQManager22set_sci_tei_link_eventEii
                0x000061fc       0x38 .pio\build\uno_r4_wifi\libFrameworkArduino.a(IRQManager.cpp.o)
                0x000061fc                IRQManager::set_sci_tei_link_event(int, int)
 .text._ZN10IRQManager22set_sci_eri_link_eventEii
                0x00006234       0x38 .pio\build\uno_r4_wifi\libFrameworkArduino.a(IRQManager.cpp.o)
                0x00006234                IRQManager::set_sci_eri_link_event(int, int)
 .text._ZN10IRQManager21set_spi_tx_link_eventEii
                0x0000626c       0x20 .pio\build\uno_r4_wifi\libFrameworkArduino.a(IRQManager.cpp.o)
                0x0000626c                IRQManager::set_spi_tx_link_event(int, int)
 .text._ZN10IRQManager21set_spi_rx_link_eventEii
                0x0000628c       0x20 .pio\build\uno_r4_wifi\libFrameworkArduino.a(IRQManager.cpp.o)
                0x0000628c                IRQManager::set_spi_rx_link_event(int, int)
 .text._ZN10IRQManager22set_spi_tei_link_eventEii
                0x000062ac       0x20 .pio\build\uno_r4_wifi\libFrameworkArduino.a(IRQManager.cpp.o)
                0x000062ac                IRQManager::set_spi_tei_link_event(int, int)
 .text._ZN10IRQManager22set_spi_eri_link_eventEii
                0x000062cc       0x20 .pio\build\uno_r4_wifi\libFrameworkArduino.a(IRQManager.cpp.o)
                0x000062cc                IRQManager::set_spi_eri_link_event(int, int)
 .text._ZN10IRQManager13addPeripheralE12Peripheral_tPv
                0x000062ec      0x8e8 .pio\build\uno_r4_wifi\libFrameworkArduino.a(IRQManager.cpp.o)
                0x000062ec                IRQManager::addPeripheral(Peripheral_t, void*)
 .text._ZN4UARTcvbEv
                0x00006bd4        0x4 .pio\build\uno_r4_wifi\libFrameworkArduino.a(Serial.cpp.o)
                0x00006bd4                UART::operator bool()
 .text._ZN4UART5beginEm
                0x00006bd8        0xa .pio\build\uno_r4_wifi\libFrameworkArduino.a(Serial.cpp.o)
                0x00006bd8                UART::begin(unsigned long)
 .text._ZN4UART4peekEv
                0x00006be2       0x18 .pio\build\uno_r4_wifi\libFrameworkArduino.a(Serial.cpp.o)
                0x00006be2                UART::peek()
 .text._ZN4UART5writeEh
                0x00006bfa       0x30 .pio\build\uno_r4_wifi\libFrameworkArduino.a(Serial.cpp.o)
                0x00006bfa                UART::write(unsigned char)
 .text._ZN4UART3endEv
                0x00006c2a       0x22 .pio\build\uno_r4_wifi\libFrameworkArduino.a(Serial.cpp.o)
                0x00006c2a                UART::end()
 .text._ZN7__GuardD2Ev
                0x00006c4c        0xc .pio\build\uno_r4_wifi\libFrameworkArduino.a(Serial.cpp.o)
                0x00006c4c                __Guard::~__Guard()
                0x00006c4c                __Guard::~__Guard()
 .text._ZN4UART15WrapperCallbackEP20st_uart_callback_arg
                0x00006c58       0x88 .pio\build\uno_r4_wifi\libFrameworkArduino.a(Serial.cpp.o)
                0x00006c58                UART::WrapperCallback(st_uart_callback_arg*)
 .text._ZN4UART4readEv
                0x00006ce0       0x5c .pio\build\uno_r4_wifi\libFrameworkArduino.a(Serial.cpp.o)
                0x00006ce0                UART::read()
 .text._ZN4UARTC2Eiiii
                0x00006d3c       0x70 .pio\build\uno_r4_wifi\libFrameworkArduino.a(Serial.cpp.o)
                0x00006d3c                UART::UART(int, int, int, int)
                0x00006d3c                UART::UART(int, int, int, int)
 .text._ZN4UART13setUpUartIrqsER11st_uart_cfg
                0x00006dac       0x14 .pio\build\uno_r4_wifi\libFrameworkArduino.a(Serial.cpp.o)
                0x00006dac                UART::setUpUartIrqs(st_uart_cfg&)
 .text._ZN4UART8cfg_pinsEi
                0x00006dc0       0xe8 .pio\build\uno_r4_wifi\libFrameworkArduino.a(Serial.cpp.o)
                0x00006dc0                UART::cfg_pins(int)
 .text._ZN4UART5beginEmt
                0x00006ea8      0x1a8 .pio\build\uno_r4_wifi\libFrameworkArduino.a(Serial.cpp.o)
                0x00006ea8                UART::begin(unsigned long, unsigned short)
 .text._ZN4UART9write_rawEPhj
                0x00007050       0x1e .pio\build\uno_r4_wifi\libFrameworkArduino.a(Serial.cpp.o)
                0x00007050                UART::write_raw(unsigned char*, unsigned int)
 .text._ZN7arduino15SafeRingBufferNILi512EE9availableEv
                0x0000706e       0x32 .pio\build\uno_r4_wifi\libFrameworkArduino.a(Serial.cpp.o)
                0x0000706e                arduino::SafeRingBufferN<512>::available()
 .text._ZN4UART9availableEv
                0x000070a0        0xa .pio\build\uno_r4_wifi\libFrameworkArduino.a(Serial.cpp.o)
                0x000070a0                UART::available()
 .text._ZN4UART5flushEv
                0x000070aa       0x12 .pio\build\uno_r4_wifi\libFrameworkArduino.a(Serial.cpp.o)
                0x000070aa                UART::flush()
 .text.startup._GLOBAL__sub_I__UART1_
                0x000070bc       0x1c .pio\build\uno_r4_wifi\libFrameworkArduino.a(SerialObj1.cpp.o)
 .text._Z10randomSeedm
                0x000070d8        0x8 .pio\build\uno_r4_wifi\libFrameworkArduino.a(WMath.cpp.o)
                0x000070d8                randomSeed(unsigned long)
 .text._Z6randoml
                0x000070e0       0x16 .pio\build\uno_r4_wifi\libFrameworkArduino.a(WMath.cpp.o)
                0x000070e0                random(long)
 .text._Z6randomll
                0x000070f6       0x14 .pio\build\uno_r4_wifi\libFrameworkArduino.a(WMath.cpp.o)
                0x000070f6                random(long, long)
 *fill*         0x0000710a        0x2 ff
 .text._ZL13readAllGroupAP13ADC_Container
                0x0000710c       0x2c .pio\build\uno_r4_wifi\libFrameworkArduino.a(analog.cpp.o)
 .text._ZL11ADC_irq_cbkP20st_adc_callback_args
                0x00007138       0x58 .pio\build\uno_r4_wifi\libFrameworkArduino.a(analog.cpp.o)
 .text._ZL10adcConvertP13ADC_Containert
                0x00007190       0xa4 .pio\build\uno_r4_wifi\libFrameworkArduino.a(analog.cpp.o)
 .text._ZL21get_ADC_container_ptrlRt.constprop.4
                0x00007234       0x38 .pio\build\uno_r4_wifi\libFrameworkArduino.a(analog.cpp.o)
 .text._ZN13ADC_ContainerC2EhPFvP20st_adc_callback_argsEPv
                0x0000726c       0x6e .pio\build\uno_r4_wifi\libFrameworkArduino.a(analog.cpp.o)
                0x0000726c                ADC_Container::ADC_Container(unsigned char, void (*)(st_adc_callback_args*), void*)
                0x0000726c                ADC_Container::ADC_Container(unsigned char, void (*)(st_adc_callback_args*), void*)
 .text._ZN13ADC_ContainerD2Ev
                0x000072da       0x12 .pio\build\uno_r4_wifi\libFrameworkArduino.a(analog.cpp.o)
                0x000072da                ADC_Container::~ADC_Container()
                0x000072da                ADC_Container::~ADC_Container()
 .text.analogRead
                0x000072ec       0x3c .pio\build\uno_r4_wifi\libFrameworkArduino.a(analog.cpp.o)
                0x000072ec                analogRead
 .text.analogReference
                0x00007328       0x5c .pio\build\uno_r4_wifi\libFrameworkArduino.a(analog.cpp.o)
                0x00007328                analogReference
 *fill*         0x00007384        0x4 ff
 .text._Z15analogReferencev
                0x00007388      0x10c .pio\build\uno_r4_wifi\libFrameworkArduino.a(analog.cpp.o)
                0x00007388                analogReference()
 .text._Z23__get_timer_for_channeli
                0x00007494       0x2c .pio\build\uno_r4_wifi\libFrameworkArduino.a(analog.cpp.o)
                0x00007494                __get_timer_for_channel(int)
 .text.startup._GLOBAL__sub_I__ZN13ADC_ContainerC2EhPFvP20st_adc_callback_argsEPv
                0x000074c0       0x4c .pio\build\uno_r4_wifi\libFrameworkArduino.a(analog.cpp.o)
 .text.exit._GLOBAL__sub_D__ZN13ADC_ContainerC2EhPFvP20st_adc_callback_argsEPv
                0x0000750c       0x1c .pio\build\uno_r4_wifi\libFrameworkArduino.a(analog.cpp.o)
 .text._Z3maplllll
                0x00007528       0x14 .pio\build\uno_r4_wifi\libFrameworkArduino.a(Common.cpp.o)
                0x00007528                map(long, long, long, long, long)
 .text._ZN7arduino5Print5writeEPKhj
                0x0000753c       0x2c .pio\build\uno_r4_wifi\libFrameworkArduino.a(Print.cpp.o)
                0x0000753c                arduino::Print::write(unsigned char const*, unsigned int)
 .text._ZN7arduino5Print5writeEPKc.part.2
                0x00007568       0x1e .pio\build\uno_r4_wifi\libFrameworkArduino.a(Print.cpp.o)
 .text._ZN7arduino5Print5writeEPKc
                0x00007586        0xa .pio\build\uno_r4_wifi\libFrameworkArduino.a(Print.cpp.o)
                0x00007586                arduino::Print::write(char const*)
 .text._ZN7arduino5Print5printEPKc
                0x00007590        0x8 .pio\build\uno_r4_wifi\libFrameworkArduino.a(Print.cpp.o)
                0x00007590                arduino::Print::print(char const*)
 .text._ZN7arduino5Print5printEc
                0x00007598        0x8 .pio\build\uno_r4_wifi\libFrameworkArduino.a(Print.cpp.o)
                0x00007598                arduino::Print::print(char)
 .text._ZN7arduino5Print7printlnEv
                0x000075a0        0xc .pio\build\uno_r4_wifi\libFrameworkArduino.a(Print.cpp.o)
                0x000075a0                arduino::Print::println()
 .text._ZN7arduino5Print7printlnEPKc
                0x000075ac       0x14 .pio\build\uno_r4_wifi\libFrameworkArduino.a(Print.cpp.o)
                0x000075ac                arduino::Print::println(char const*)
 .text._ZN7arduino5Print11printNumberEmh
                0x000075c0       0x3c .pio\build\uno_r4_wifi\libFrameworkArduino.a(Print.cpp.o)
                0x000075c0                arduino::Print::printNumber(unsigned long, unsigned char)
 .text._ZN7arduino5Print5printEli
                0x000075fc       0x44 .pio\build\uno_r4_wifi\libFrameworkArduino.a(Print.cpp.o)
                0x000075fc                arduino::Print::print(long, int)
 .text._ZN7arduino5Print7printlnEii
                0x00007640       0x14 .pio\build\uno_r4_wifi\libFrameworkArduino.a(Print.cpp.o)
                0x00007640                arduino::Print::println(int, int)
 .text._ZN7arduino5Print5printEmi
                0x00007654       0x1a .pio\build\uno_r4_wifi\libFrameworkArduino.a(Print.cpp.o)
                0x00007654                arduino::Print::print(unsigned long, int)
 .text._ZN7arduino5Print5printEhi
                0x0000766e        0x4 .pio\build\uno_r4_wifi\libFrameworkArduino.a(Print.cpp.o)
                0x0000766e                arduino::Print::print(unsigned char, int)
 .text._ZN7arduino5Print7printlnEhi
                0x00007672       0x14 .pio\build\uno_r4_wifi\libFrameworkArduino.a(Print.cpp.o)
                0x00007672                arduino::Print::println(unsigned char, int)
 .text._ZN7arduino5Print7printlnEmi
                0x00007686       0x14 .pio\build\uno_r4_wifi\libFrameworkArduino.a(Print.cpp.o)
                0x00007686                arduino::Print::println(unsigned long, int)
 *fill*         0x0000769a        0x2 ff
 .text._ZN4CDacC2Eh
                0x0000769c       0x6c .pio\build\uno_r4_wifi\libFrameworkArduino.a(dac.cpp.o)
                0x0000769c                CDac::CDac(unsigned char)
                0x0000769c                CDac::CDac(unsigned char)
 .text.startup._GLOBAL__sub_I__ZN4CDacC2Eh
                0x00007708        0xc .pio\build\uno_r4_wifi\libFrameworkArduino.a(dac.cpp.o)
 .text.pinMode  0x00007714       0x30 .pio\build\uno_r4_wifi\libFrameworkArduino.a(digital.cpp.o)
                0x00007714                pinMode
 .text.digitalWrite
                0x00007744       0x18 .pio\build\uno_r4_wifi\libFrameworkArduino.a(digital.cpp.o)
                0x00007744                digitalWrite
 .text.digitalRead
                0x0000775c       0x28 .pio\build\uno_r4_wifi\libFrameworkArduino.a(digital.cpp.o)
                0x0000775c                digitalRead
 .text.R_BSP_PinAccessEnable
                0x00007784       0x2c .pio\build\uno_r4_wifi\libFrameworkArduino.a(main.cpp.o)
 .text._Z12arduino_mainv
                0x000077b0       0x8c .pio\build\uno_r4_wifi\libFrameworkArduino.a(main.cpp.o)
                0x000077b0                arduino_main()
 .text._write   0x0000783c        0xc .pio\build\uno_r4_wifi\libFrameworkArduino.a(main.cpp.o)
                0x0000783c                _write
 .text.hal_entry
                0x00007848        0x6 .pio\build\uno_r4_wifi\libFrameworkArduino.a(main.cpp.o)
                0x00007848                hal_entry
 .text.atexit   0x0000784e        0x4 .pio\build\uno_r4_wifi\libFrameworkArduino.a(main.cpp.o)
                0x0000784e                atexit
 .text.__cxa_pure_virtual
                0x00007852        0x8 .pio\build\uno_r4_wifi\libFrameworkArduino.a(main.cpp.o)
                0x00007852                __cxa_pure_virtual
 *fill*         0x0000785a        0x2 ff
 .text._Z13pinPeripheral19e_bsp_io_port_pin_tm
                0x0000785c       0x10 .pio\build\uno_r4_wifi\libFrameworkArduino.a(pinDefinitions.cpp.o)
                0x0000785c                pinPeripheral(e_bsp_io_port_pin_t, unsigned long)
 .text._ZL21timer_micros_callbackP22st_timer_callback_args
                0x0000786c       0x10 .pio\build\uno_r4_wifi\libFrameworkArduino.a(time.cpp.o)
 .text.delayMicroseconds
                0x0000787c        0x6 .pio\build\uno_r4_wifi\libFrameworkArduino.a(time.cpp.o)
                0x0000787c                delayMicroseconds
 .text.yield    0x00007882        0x2 .pio\build\uno_r4_wifi\libFrameworkArduino.a(time.cpp.o)
                0x00007882                yield
 .text.delay    0x00007884       0x1c .pio\build\uno_r4_wifi\libFrameworkArduino.a(time.cpp.o)
                0x00007884                delay
 .text._Z8startAgtv
                0x000078a0       0x6c .pio\build\uno_r4_wifi\libFrameworkArduino.a(time.cpp.o)
                0x000078a0                startAgt()
 .text.startup._GLOBAL__sub_I_delayMicroseconds
                0x0000790c        0xc .pio\build\uno_r4_wifi\libFrameworkArduino.a(time.cpp.o)
 .text.exit._GLOBAL__sub_D_delayMicroseconds
                0x00007918        0xc .pio\build\uno_r4_wifi\libFrameworkArduino.a(time.cpp.o)
 .text._Z10getPinCfgsh11PinCfgReq_t
                0x00007924       0xe0 .pio\build\uno_r4_wifi\libFrameworkArduino.a(variant_helper.cpp.o)
                0x00007924                getPinCfgs(unsigned char, PinCfgReq_t)
 .text.dump_stack
                0x00007a04       0x7c .pio\build\uno_r4_wifi\libFrameworkArduino.a(cm_backtrace.c.o)
 .text.cm_backtrace_init
                0x00007a80       0x74 .pio\build\uno_r4_wifi\libFrameworkArduino.a(cm_backtrace.c.o)
                0x00007a80                cm_backtrace_init
 .text.cm_backtrace_firmware_info
                0x00007af4       0x2c .pio\build\uno_r4_wifi\libFrameworkArduino.a(cm_backtrace.c.o)
                0x00007af4                cm_backtrace_firmware_info
 .text.cm_backtrace_call_stack
                0x00007b20       0xe4 .pio\build\uno_r4_wifi\libFrameworkArduino.a(cm_backtrace.c.o)
                0x00007b20                cm_backtrace_call_stack
 .text.print_call_stack
                0x00007c04       0x94 .pio\build\uno_r4_wifi\libFrameworkArduino.a(cm_backtrace.c.o)
 .text.cm_backtrace_fault
                0x00007c98      0x470 .pio\build\uno_r4_wifi\libFrameworkArduino.a(cm_backtrace.c.o)
                0x00007c98                cm_backtrace_fault
 .text.Stacktrace_Handler
                0x00008108        0xa .pio\build\uno_r4_wifi\libFrameworkArduino.a(cortex_handlers.c.o)
                0x00008108                Stacktrace_Handler
 *fill*         0x00008112        0x2 ff
 .text.r_spi_call_callback
                0x00008114       0x40 C:\Users\user\.platformio\packages\framework-arduinorenesas-uno\variants\UNOWIFIR4\libs\libfsp.a(r_spi.o)
 .text.spi_rxi_isr
                0x00008154       0x8c C:\Users\user\.platformio\packages\framework-arduinorenesas-uno\variants\UNOWIFIR4\libs\libfsp.a(r_spi.o)
                0x00008154                spi_rxi_isr
 .text.spi_txi_isr
                0x000081e0       0xbc C:\Users\user\.platformio\packages\framework-arduinorenesas-uno\variants\UNOWIFIR4\libs\libfsp.a(r_spi.o)
                0x000081e0                spi_txi_isr
 .text.spi_tei_isr
                0x0000829c       0xd8 C:\Users\user\.platformio\packages\framework-arduinorenesas-uno\variants\UNOWIFIR4\libs\libfsp.a(r_spi.o)
                0x0000829c                spi_tei_isr
 .text.spi_eri_isr
                0x00008374       0xdc C:\Users\user\.platformio\packages\framework-arduinorenesas-uno\variants\UNOWIFIR4\libs\libfsp.a(r_spi.o)
                0x00008374                spi_eri_isr
 .text.R_SCI_UART_Write
                0x00008450       0x7c C:\Users\user\.platformio\packages\framework-arduinorenesas-uno\variants\UNOWIFIR4\libs\libfsp.a(r_sci_uart.o)
                0x00008450                R_SCI_UART_Write
 .text.R_SCI_UART_BaudSet
                0x000084cc       0x40 C:\Users\user\.platformio\packages\framework-arduinorenesas-uno\variants\UNOWIFIR4\libs\libfsp.a(r_sci_uart.o)
                0x000084cc                R_SCI_UART_BaudSet
 .text.r_sci_uart_call_callback
                0x0000850c       0x44 C:\Users\user\.platformio\packages\framework-arduinorenesas-uno\variants\UNOWIFIR4\libs\libfsp.a(r_sci_uart.o)
 .text.R_SCI_UART_Close
                0x00008550       0xd0 C:\Users\user\.platformio\packages\framework-arduinorenesas-uno\variants\UNOWIFIR4\libs\libfsp.a(r_sci_uart.o)
                0x00008550                R_SCI_UART_Close
 .text.R_SCI_UART_Open
                0x00008620      0x488 C:\Users\user\.platformio\packages\framework-arduinorenesas-uno\variants\UNOWIFIR4\libs\libfsp.a(r_sci_uart.o)
                0x00008620                R_SCI_UART_Open
 .text.R_SCI_UART_BaudCalculate
                0x00008aa8      0x1ac C:\Users\user\.platformio\packages\framework-arduinorenesas-uno\variants\UNOWIFIR4\libs\libfsp.a(r_sci_uart.o)
                0x00008aa8                R_SCI_UART_BaudCalculate
 .text.sci_uart_txi_isr
                0x00008c54       0xe0 C:\Users\user\.platformio\packages\framework-arduinorenesas-uno\variants\UNOWIFIR4\libs\libfsp.a(r_sci_uart.o)
                0x00008c54                sci_uart_txi_isr
 .text.sci_uart_rxi_isr
                0x00008d34      0x17c C:\Users\user\.platformio\packages\framework-arduinorenesas-uno\variants\UNOWIFIR4\libs\libfsp.a(r_sci_uart.o)
                0x00008d34                sci_uart_rxi_isr
 .text.sci_uart_tei_isr
                0x00008eb0       0x40 C:\Users\user\.platformio\packages\framework-arduinorenesas-uno\variants\UNOWIFIR4\libs\libfsp.a(r_sci_uart.o)
                0x00008eb0                sci_uart_tei_isr
 .text.sci_uart_eri_isr
                0x00008ef0       0x6c C:\Users\user\.platformio\packages\framework-arduinorenesas-uno\variants\UNOWIFIR4\libs\libfsp.a(r_sci_uart.o)
                0x00008ef0                sci_uart_eri_isr
 .text.r_sci_spi_call_callback
                0x00008f5c       0x40 C:\Users\user\.platformio\packages\framework-arduinorenesas-uno\variants\UNOWIFIR4\libs\libfsp.a(r_sci_spi.o)
 .text.sci_spi_txi_isr
                0x00008f9c       0x68 C:\Users\user\.platformio\packages\framework-arduinorenesas-uno\variants\UNOWIFIR4\libs\libfsp.a(r_sci_spi.o)
                0x00008f9c                sci_spi_txi_isr
 .text.sci_spi_rxi_isr
                0x00009004       0x74 C:\Users\user\.platformio\packages\framework-arduinorenesas-uno\variants\UNOWIFIR4\libs\libfsp.a(r_sci_spi.o)
                0x00009004                sci_spi_rxi_isr
 .text.sci_spi_tei_isr
                0x00009078       0x3c C:\Users\user\.platformio\packages\framework-arduinorenesas-uno\variants\UNOWIFIR4\libs\libfsp.a(r_sci_spi.o)
                0x00009078                sci_spi_tei_isr
 .text.sci_spi_eri_isr
                0x000090b4       0x40 C:\Users\user\.platformio\packages\framework-arduinorenesas-uno\variants\UNOWIFIR4\libs\libfsp.a(r_sci_spi.o)
                0x000090b4                sci_spi_eri_isr
 .text.sci_i2c_enable_transfer_support_tx
                0x000090f4       0x34 C:\Users\user\.platformio\packages\framework-arduinorenesas-uno\variants\UNOWIFIR4\libs\libfsp.a(r_sci_i2c.o)
 .text.sci_i2c_notify
                0x00009128       0x60 C:\Users\user\.platformio\packages\framework-arduinorenesas-uno\variants\UNOWIFIR4\libs\libfsp.a(r_sci_i2c.o)
                0x00009128                sci_i2c_notify
 .text.sci_i2c_rxi_isr
                0x00009188       0x20 C:\Users\user\.platformio\packages\framework-arduinorenesas-uno\variants\UNOWIFIR4\libs\libfsp.a(r_sci_i2c.o)
                0x00009188                sci_i2c_rxi_isr
 .text.sci_i2c_txi_isr
                0x000091a8      0x1a0 C:\Users\user\.platformio\packages\framework-arduinorenesas-uno\variants\UNOWIFIR4\libs\libfsp.a(r_sci_i2c.o)
                0x000091a8                sci_i2c_txi_isr
 .text.sci_i2c_tei_isr
                0x00009348       0xf0 C:\Users\user\.platformio\packages\framework-arduinorenesas-uno\variants\UNOWIFIR4\libs\libfsp.a(r_sci_i2c.o)
                0x00009348                sci_i2c_tei_isr
 .text.rtc_alarm_periodic_isr
                0x00009438       0x68 C:\Users\user\.platformio\packages\framework-arduinorenesas-uno\variants\UNOWIFIR4\libs\libfsp.a(r_rtc.o)
                0x00009438                rtc_alarm_periodic_isr
 .text.rtc_carry_isr
                0x000094a0       0x2c C:\Users\user\.platformio\packages\framework-arduinorenesas-uno\variants\UNOWIFIR4\libs\libfsp.a(r_rtc.o)
                0x000094a0                rtc_carry_isr
 .text.R_IOPORT_PinRead
                0x000094cc       0x1c C:\Users\user\.platformio\packages\framework-arduinorenesas-uno\variants\UNOWIFIR4\libs\libfsp.a(r_ioport.o)
                0x000094cc                R_IOPORT_PinRead
 .text.R_IOPORT_PinWrite
                0x000094e8       0x28 C:\Users\user\.platformio\packages\framework-arduinorenesas-uno\variants\UNOWIFIR4\libs\libfsp.a(r_ioport.o)
                0x000094e8                R_IOPORT_PinWrite
 .text.bsp_vbatt_init.isra.0
                0x00009510       0x8c C:\Users\user\.platformio\packages\framework-arduinorenesas-uno\variants\UNOWIFIR4\libs\libfsp.a(r_ioport.o)
 .text.R_IOPORT_PinCfg
                0x0000959c       0xa8 C:\Users\user\.platformio\packages\framework-arduinorenesas-uno\variants\UNOWIFIR4\libs\libfsp.a(r_ioport.o)
                0x0000959c                R_IOPORT_PinCfg
 .text.r_iic_slave_call_callback
                0x00009644       0x3c C:\Users\user\.platformio\packages\framework-arduinorenesas-uno\variants\UNOWIFIR4\libs\libfsp.a(r_iic_slave.o)
 .text.iic_slave_initiate_transaction
                0x00009680       0x70 C:\Users\user\.platformio\packages\framework-arduinorenesas-uno\variants\UNOWIFIR4\libs\libfsp.a(r_iic_slave.o)
 .text.iic_slave_notify
                0x000096f0       0x40 C:\Users\user\.platformio\packages\framework-arduinorenesas-uno\variants\UNOWIFIR4\libs\libfsp.a(r_iic_slave.o)
 .text.iic_slave_rxi_isr
                0x00009730      0x120 C:\Users\user\.platformio\packages\framework-arduinorenesas-uno\variants\UNOWIFIR4\libs\libfsp.a(r_iic_slave.o)
                0x00009730                iic_slave_rxi_isr
 .text.iic_slave_txi_isr
                0x00009850       0xa4 C:\Users\user\.platformio\packages\framework-arduinorenesas-uno\variants\UNOWIFIR4\libs\libfsp.a(r_iic_slave.o)
                0x00009850                iic_slave_txi_isr
 .text.iic_slave_tei_isr
                0x000098f4       0x94 C:\Users\user\.platformio\packages\framework-arduinorenesas-uno\variants\UNOWIFIR4\libs\libfsp.a(r_iic_slave.o)
                0x000098f4                iic_slave_tei_isr
 .text.iic_slave_eri_isr
                0x00009988       0x9c C:\Users\user\.platformio\packages\framework-arduinorenesas-uno\variants\UNOWIFIR4\libs\libfsp.a(r_iic_slave.o)
                0x00009988                iic_slave_eri_isr
 .text.iic_master_notify
                0x00009a24       0x40 C:\Users\user\.platformio\packages\framework-arduinorenesas-uno\variants\UNOWIFIR4\libs\libfsp.a(r_iic_master.o)
 .text.iic_master_open_hw_master.isra.0
                0x00009a64      0x190 C:\Users\user\.platformio\packages\framework-arduinorenesas-uno\variants\UNOWIFIR4\libs\libfsp.a(r_iic_master.o)
 .text.iic_master_abort_seq_master
                0x00009bf4       0x64 C:\Users\user\.platformio\packages\framework-arduinorenesas-uno\variants\UNOWIFIR4\libs\libfsp.a(r_iic_master.o)
 .text.iic_master_rxi_isr
                0x00009c58      0x138 C:\Users\user\.platformio\packages\framework-arduinorenesas-uno\variants\UNOWIFIR4\libs\libfsp.a(r_iic_master.o)
                0x00009c58                iic_master_rxi_isr
 .text.iic_master_txi_isr
                0x00009d90       0xec C:\Users\user\.platformio\packages\framework-arduinorenesas-uno\variants\UNOWIFIR4\libs\libfsp.a(r_iic_master.o)
                0x00009d90                iic_master_txi_isr
 .text.iic_master_tei_isr
                0x00009e7c       0xc0 C:\Users\user\.platformio\packages\framework-arduinorenesas-uno\variants\UNOWIFIR4\libs\libfsp.a(r_iic_master.o)
                0x00009e7c                iic_master_tei_isr
 .text.iic_master_eri_isr
                0x00009f3c       0xe4 C:\Users\user\.platformio\packages\framework-arduinorenesas-uno\variants\UNOWIFIR4\libs\libfsp.a(r_iic_master.o)
                0x00009f3c                iic_master_eri_isr
 .text.r_icu_isr
                0x0000a020       0x6c C:\Users\user\.platformio\packages\framework-arduinorenesas-uno\variants\UNOWIFIR4\libs\libfsp.a(r_icu.o)
                0x0000a020                r_icu_isr
 .text.R_GPT_Start
                0x0000a08c        0xc C:\Users\user\.platformio\packages\framework-arduinorenesas-uno\variants\UNOWIFIR4\libs\libfsp.a(r_gpt.o)
                0x0000a08c                R_GPT_Start
 .text.R_GPT_Enable
                0x0000a098       0x30 C:\Users\user\.platformio\packages\framework-arduinorenesas-uno\variants\UNOWIFIR4\libs\libfsp.a(r_gpt.o)
                0x0000a098                R_GPT_Enable
 .text.R_GPT_PeriodSet
                0x0000a0c8       0x3c C:\Users\user\.platformio\packages\framework-arduinorenesas-uno\variants\UNOWIFIR4\libs\libfsp.a(r_gpt.o)
                0x0000a0c8                R_GPT_PeriodSet
 .text.R_GPT_InfoGet
                0x0000a104       0x44 C:\Users\user\.platformio\packages\framework-arduinorenesas-uno\variants\UNOWIFIR4\libs\libfsp.a(r_gpt.o)
                0x0000a104                R_GPT_InfoGet
 .text.r_gpt_enable_irq
                0x0000a148       0x58 C:\Users\user\.platformio\packages\framework-arduinorenesas-uno\variants\UNOWIFIR4\libs\libfsp.a(r_gpt.o)
 .text.r_gpt_call_callback
                0x0000a1a0       0x3c C:\Users\user\.platformio\packages\framework-arduinorenesas-uno\variants\UNOWIFIR4\libs\libfsp.a(r_gpt.o)
 .text.r_gpt_disable_irq.part.3
                0x0000a1dc       0x34 C:\Users\user\.platformio\packages\framework-arduinorenesas-uno\variants\UNOWIFIR4\libs\libfsp.a(r_gpt.o)
 .text.R_GPT_Close
                0x0000a210       0x4c C:\Users\user\.platformio\packages\framework-arduinorenesas-uno\variants\UNOWIFIR4\libs\libfsp.a(r_gpt.o)
                0x0000a210                R_GPT_Close
 .text.gpt_calculate_duty_cycle.isra.4
                0x0000a25c       0x6c C:\Users\user\.platformio\packages\framework-arduinorenesas-uno\variants\UNOWIFIR4\libs\libfsp.a(r_gpt.o)
 .text.R_GPT_Open
                0x0000a2c8      0x26c C:\Users\user\.platformio\packages\framework-arduinorenesas-uno\variants\UNOWIFIR4\libs\libfsp.a(r_gpt.o)
                0x0000a2c8                R_GPT_Open
 .text.gpt_counter_overflow_isr
                0x0000a534       0x74 C:\Users\user\.platformio\packages\framework-arduinorenesas-uno\variants\UNOWIFIR4\libs\libfsp.a(r_gpt.o)
                0x0000a534                gpt_counter_overflow_isr
 .text.R_DAC_Open
                0x0000a5a8       0x80 C:\Users\user\.platformio\packages\framework-arduinorenesas-uno\variants\UNOWIFIR4\libs\libfsp.a(r_dac.o)
                0x0000a5a8                R_DAC_Open
 .text.R_DAC_Write
                0x0000a628        0xc C:\Users\user\.platformio\packages\framework-arduinorenesas-uno\variants\UNOWIFIR4\libs\libfsp.a(r_dac.o)
                0x0000a628                R_DAC_Write
 .text.R_DAC_Start
                0x0000a634       0x30 C:\Users\user\.platformio\packages\framework-arduinorenesas-uno\variants\UNOWIFIR4\libs\libfsp.a(r_dac.o)
                0x0000a634                R_DAC_Start
 .text.R_DAC_Stop
                0x0000a664       0x34 C:\Users\user\.platformio\packages\framework-arduinorenesas-uno\variants\UNOWIFIR4\libs\libfsp.a(r_dac.o)
                0x0000a664                R_DAC_Stop
 .text.R_DAC_Close
                0x0000a698       0x48 C:\Users\user\.platformio\packages\framework-arduinorenesas-uno\variants\UNOWIFIR4\libs\libfsp.a(r_dac.o)
                0x0000a698                R_DAC_Close
 .text.r_can_call_callback.isra.3
                0x0000a6e0       0x5c C:\Users\user\.platformio\packages\framework-arduinorenesas-uno\variants\UNOWIFIR4\libs\libfsp.a(r_can.o)
 .text.can_error_isr
                0x0000a73c       0xd4 C:\Users\user\.platformio\packages\framework-arduinorenesas-uno\variants\UNOWIFIR4\libs\libfsp.a(r_can.o)
                0x0000a73c                can_error_isr
 .text.can_rx_isr
                0x0000a810      0x11c C:\Users\user\.platformio\packages\framework-arduinorenesas-uno\variants\UNOWIFIR4\libs\libfsp.a(r_can.o)
                0x0000a810                can_rx_isr
 .text.can_tx_isr
                0x0000a92c       0xa4 C:\Users\user\.platformio\packages\framework-arduinorenesas-uno\variants\UNOWIFIR4\libs\libfsp.a(r_can.o)
                0x0000a92c                can_tx_isr
 .text.R_AGT_Open
                0x0000a9d0      0x120 C:\Users\user\.platformio\packages\framework-arduinorenesas-uno\variants\UNOWIFIR4\libs\libfsp.a(r_agt.o)
                0x0000a9d0                R_AGT_Open
 .text.R_AGT_Start
                0x0000aaf0       0x44 C:\Users\user\.platformio\packages\framework-arduinorenesas-uno\variants\UNOWIFIR4\libs\libfsp.a(r_agt.o)
                0x0000aaf0                R_AGT_Start
 .text.R_AGT_Enable
                0x0000ab34       0x14 C:\Users\user\.platformio\packages\framework-arduinorenesas-uno\variants\UNOWIFIR4\libs\libfsp.a(r_agt.o)
                0x0000ab34                R_AGT_Enable
 .text.R_AGT_PeriodSet
                0x0000ab48       0x34 C:\Users\user\.platformio\packages\framework-arduinorenesas-uno\variants\UNOWIFIR4\libs\libfsp.a(r_agt.o)
                0x0000ab48                R_AGT_PeriodSet
 .text.R_AGT_InfoGet
                0x0000ab7c       0xcc C:\Users\user\.platformio\packages\framework-arduinorenesas-uno\variants\UNOWIFIR4\libs\libfsp.a(r_agt.o)
                0x0000ab7c                R_AGT_InfoGet
 .text.R_AGT_Close
                0x0000ac48       0x68 C:\Users\user\.platformio\packages\framework-arduinorenesas-uno\variants\UNOWIFIR4\libs\libfsp.a(r_agt.o)
                0x0000ac48                R_AGT_Close
 .text.agt_int_isr
                0x0000acb0       0x88 C:\Users\user\.platformio\packages\framework-arduinorenesas-uno\variants\UNOWIFIR4\libs\libfsp.a(r_agt.o)
                0x0000acb0                agt_int_isr
 .text.R_ADC_ScanStart
                0x0000ad38        0xc C:\Users\user\.platformio\packages\framework-arduinorenesas-uno\variants\UNOWIFIR4\libs\libfsp.a(r_adc.o)
                0x0000ad38                R_ADC_ScanStart
 .text.R_ADC_StatusGet
                0x0000ad44       0x10 C:\Users\user\.platformio\packages\framework-arduinorenesas-uno\variants\UNOWIFIR4\libs\libfsp.a(r_adc.o)
                0x0000ad44                R_ADC_StatusGet
 .text.R_ADC_Read
                0x0000ad54       0x10 C:\Users\user\.platformio\packages\framework-arduinorenesas-uno\variants\UNOWIFIR4\libs\libfsp.a(r_adc.o)
                0x0000ad54                R_ADC_Read
 .text.R_ADC_ScanCfg
                0x0000ad64      0x190 C:\Users\user\.platformio\packages\framework-arduinorenesas-uno\variants\UNOWIFIR4\libs\libfsp.a(r_adc.o)
                0x0000ad64                R_ADC_ScanCfg
 .text.r_adc_irq_enable.part.1
                0x0000aef4       0x54 C:\Users\user\.platformio\packages\framework-arduinorenesas-uno\variants\UNOWIFIR4\libs\libfsp.a(r_adc.o)
 .text.r_adc_irq_disable.part.2
                0x0000af48       0x34 C:\Users\user\.platformio\packages\framework-arduinorenesas-uno\variants\UNOWIFIR4\libs\libfsp.a(r_adc.o)
 .text.R_ADC_Close
                0x0000af7c       0x70 C:\Users\user\.platformio\packages\framework-arduinorenesas-uno\variants\UNOWIFIR4\libs\libfsp.a(r_adc.o)
                0x0000af7c                R_ADC_Close
 .text.R_ADC_Open
                0x0000afec      0x13c C:\Users\user\.platformio\packages\framework-arduinorenesas-uno\variants\UNOWIFIR4\libs\libfsp.a(r_adc.o)
                0x0000afec                R_ADC_Open
 .text.bsp_prv_software_delay_loop
                0x0000b128        0xc C:\Users\user\.platformio\packages\framework-arduinorenesas-uno\variants\UNOWIFIR4\libs\libfsp.a(bsp_delay.o)
                0x0000b128                bsp_prv_software_delay_loop
 .text.R_BSP_SoftwareDelay
                0x0000b134       0x5c C:\Users\user\.platformio\packages\framework-arduinorenesas-uno\variants\UNOWIFIR4\libs\libfsp.a(bsp_delay.o)
                0x0000b134                R_BSP_SoftwareDelay
 .text.bsp_irq_cfg
                0x0000b190       0x28 C:\Users\user\.platformio\packages\framework-arduinorenesas-uno\variants\UNOWIFIR4\libs\libfsp.a(bsp_irq.o)
                0x0000b190                bsp_irq_cfg
 .text.R_BSP_RegisterProtectEnable
                0x0000b1b8       0x60 C:\Users\user\.platformio\packages\framework-arduinorenesas-uno\variants\UNOWIFIR4\libs\libfsp.a(bsp_register_protection.o)
                0x0000b1b8                R_BSP_RegisterProtectEnable
 .text.R_BSP_RegisterProtectDisable
                0x0000b218       0x4c C:\Users\user\.platformio\packages\framework-arduinorenesas-uno\variants\UNOWIFIR4\libs\libfsp.a(bsp_register_protection.o)
                0x0000b218                R_BSP_RegisterProtectDisable
 .text.Default_Handler
                0x0000b264        0x4 C:\Users\user\.platformio\packages\framework-arduinorenesas-uno\variants\UNOWIFIR4\libs\libfsp.a(startup.o)
                0x0000b264                DebugMon_Handler
                0x0000b264                HardFault_Handler
                0x0000b264                SysTick_Handler
                0x0000b264                PendSV_Handler
                0x0000b264                UsageFault_Handler
                0x0000b264                SecureFault_Handler
                0x0000b264                Default_Handler
                0x0000b264                MemManage_Handler
                0x0000b264                SVC_Handler
                0x0000b264                BusFault_Handler
 .text.Reset_Handler
                0x0000b268        0xc C:\Users\user\.platformio\packages\framework-arduinorenesas-uno\variants\UNOWIFIR4\libs\libfsp.a(startup.o)
                0x0000b268                Reset_Handler
 .text.R_BSP_WarmStart
                0x0000b274        0x4 C:\Users\user\.platformio\packages\framework-arduinorenesas-uno\variants\UNOWIFIR4\libs\libfsp.a(system.o)
                0x0000b274                R_BSP_WarmStart
 .text.SystemInit
                0x0000b278      0x150 C:\Users\user\.platformio\packages\framework-arduinorenesas-uno\variants\UNOWIFIR4\libs\libfsp.a(system.o)
                0x0000b278                SystemInit
 .text.bsp_prv_operating_mode_opccr_set.part.0
                0x0000b3c8       0x38 C:\Users\user\.platformio\packages\framework-arduinorenesas-uno\variants\UNOWIFIR4\libs\libfsp.a(bsp_clocks.o)
 .text.SystemCoreClockUpdate
                0x0000b400       0x28 C:\Users\user\.platformio\packages\framework-arduinorenesas-uno\variants\UNOWIFIR4\libs\libfsp.a(bsp_clocks.o)
                0x0000b400                SystemCoreClockUpdate
 .text.bsp_clock_init
                0x0000b428       0xfc C:\Users\user\.platformio\packages\framework-arduinorenesas-uno\variants\UNOWIFIR4\libs\libfsp.a(bsp_clocks.o)
                0x0000b428                bsp_clock_init
 .text.bsp_init_internal
                0x0000b524        0x4 C:\Users\user\.platformio\packages\framework-arduinorenesas-uno\variants\UNOWIFIR4\libs\libfsp.a(bsp_common.o)
                0x0000b524                bsp_init_internal
                0x0000b524                bsp_init
 .text.NMI_Handler
                0x0000b528       0x38 C:\Users\user\.platformio\packages\framework-arduinorenesas-uno\variants\UNOWIFIR4\libs\libfsp.a(bsp_group_irq.o)
                0x0000b528                NMI_Handler
 .text._Znwj    0x0000b560       0x22 c:/users/user/.platformio/packages/toolchain-gccarmnoneeabi/bin/../lib/gcc/arm-none-eabi/7.2.1/../../../../arm-none-eabi/lib/thumb/v7e-m/fpv4-sp/hard\libstdc++_nano.a(new_op.o)
                0x0000b560                operator new(unsigned int)
 .text.__cxa_guard_acquire
                0x0000b582       0x18 c:/users/user/.platformio/packages/toolchain-gccarmnoneeabi/bin/../lib/gcc/arm-none-eabi/7.2.1/../../../../arm-none-eabi/lib/thumb/v7e-m/fpv4-sp/hard\libstdc++_nano.a(guard.o)
                0x0000b582                __cxa_guard_acquire
 .text.__cxa_guard_release
                0x0000b59a        0x6 c:/users/user/.platformio/packages/toolchain-gccarmnoneeabi/bin/../lib/gcc/arm-none-eabi/7.2.1/../../../../arm-none-eabi/lib/thumb/v7e-m/fpv4-sp/hard\libstdc++_nano.a(guard.o)
                0x0000b59a                __cxa_guard_release
 .text._ZSt15get_new_handlerv
                0x0000b5a0       0x10 c:/users/user/.platformio/packages/toolchain-gccarmnoneeabi/bin/../lib/gcc/arm-none-eabi/7.2.1/../../../../arm-none-eabi/lib/thumb/v7e-m/fpv4-sp/hard\libstdc++_nano.a(new_handler.o)
                0x0000b5a0                std::get_new_handler()
 .text._ZdlPvj  0x0000b5b0        0x4 c:/users/user/.platformio/packages/toolchain-gccarmnoneeabi/bin/../lib/gcc/arm-none-eabi/7.2.1/../../../../arm-none-eabi/lib/thumb/v7e-m/fpv4-sp/hard\libstdc++_nano.a(del_ops.o)
                0x0000b5b0                operator delete(void*, unsigned int)
 .text._ZdlPv   0x0000b5b4        0x4 c:/users/user/.platformio/packages/toolchain-gccarmnoneeabi/bin/../lib/gcc/arm-none-eabi/7.2.1/../../../../arm-none-eabi/lib/thumb/v7e-m/fpv4-sp/hard\libstdc++_nano.a(del_op.o)
                0x0000b5b4                operator delete(void*)
 .text          0x0000b5b8      0x378 c:/users/user/.platformio/packages/toolchain-gccarmnoneeabi/bin/../lib/gcc/arm-none-eabi/7.2.1/thumb/v7e-m/fpv4-sp/hard\libgcc.a(_arm_addsubdf3.o)
                0x0000b5b8                __aeabi_drsub
                0x0000b5c0                __aeabi_dsub
                0x0000b5c0                __subdf3
                0x0000b5c4                __aeabi_dadd
                0x0000b5c4                __adddf3
                0x0000b83c                __floatunsidf
                0x0000b83c                __aeabi_ui2d
                0x0000b85c                __floatsidf
                0x0000b85c                __aeabi_i2d
                0x0000b880                __aeabi_f2d
                0x0000b880                __extendsfdf2
                0x0000b8c4                __floatundidf
                0x0000b8c4                __aeabi_ul2d
                0x0000b8d4                __floatdidf
                0x0000b8d4                __aeabi_l2d
 .text          0x0000b930      0x424 c:/users/user/.platformio/packages/toolchain-gccarmnoneeabi/bin/../lib/gcc/arm-none-eabi/7.2.1/thumb/v7e-m/fpv4-sp/hard\libgcc.a(_arm_muldivdf3.o)
                0x0000b930                __aeabi_dmul
                0x0000b930                __muldf3
                0x0000bb84                __divdf3
                0x0000bb84                __aeabi_ddiv
 .text          0x0000bd54      0x110 c:/users/user/.platformio/packages/toolchain-gccarmnoneeabi/bin/../lib/gcc/arm-none-eabi/7.2.1/thumb/v7e-m/fpv4-sp/hard\libgcc.a(_arm_cmpdf2.o)
                0x0000bd54                __gtdf2
                0x0000bd54                __gedf2
                0x0000bd5c                __ltdf2
                0x0000bd5c                __ledf2
                0x0000bd64                __nedf2
                0x0000bd64                __eqdf2
                0x0000bd64                __cmpdf2
                0x0000bde0                __aeabi_cdrcmple
                0x0000bdf0                __aeabi_cdcmpeq
                0x0000bdf0                __aeabi_cdcmple
                0x0000be00                __aeabi_dcmpeq
                0x0000be14                __aeabi_dcmplt
                0x0000be28                __aeabi_dcmple
                0x0000be3c                __aeabi_dcmpge
                0x0000be50                __aeabi_dcmpgt
 .text          0x0000be64       0x40 c:/users/user/.platformio/packages/toolchain-gccarmnoneeabi/bin/../lib/gcc/arm-none-eabi/7.2.1/thumb/v7e-m/fpv4-sp/hard\libgcc.a(_arm_fixunsdfsi.o)
                0x0000be64                __aeabi_d2uiz
                0x0000be64                __fixunsdfsi
 .text          0x0000bea4       0xa0 c:/users/user/.platformio/packages/toolchain-gccarmnoneeabi/bin/../lib/gcc/arm-none-eabi/7.2.1/thumb/v7e-m/fpv4-sp/hard\libgcc.a(_arm_truncdfsf2.o)
                0x0000bea4                __truncdfsf2
                0x0000bea4                __aeabi_d2f
 .text          0x0000bf44       0xa0 c:/users/user/.platformio/packages/toolchain-gccarmnoneeabi/bin/../lib/gcc/arm-none-eabi/7.2.1/thumb/v7e-m/fpv4-sp/hard\libgcc.a(_aeabi_ldivmod.o)
                0x0000bf44                __aeabi_ldivmod
 .text          0x0000bfe4      0x2cc c:/users/user/.platformio/packages/toolchain-gccarmnoneeabi/bin/../lib/gcc/arm-none-eabi/7.2.1/thumb/v7e-m/fpv4-sp/hard\libgcc.a(_udivmoddi4.o)
                0x0000bfe4                __udivmoddi4
 .text          0x0000c2b0        0x4 c:/users/user/.platformio/packages/toolchain-gccarmnoneeabi/bin/../lib/gcc/arm-none-eabi/7.2.1/thumb/v7e-m/fpv4-sp/hard\libgcc.a(_dvmd_tls.o)
                0x0000c2b0                __aeabi_idiv0
                0x0000c2b0                __aeabi_ldiv0
 .text.abort    0x0000c2b4        0xe c:/users/user/.platformio/packages/toolchain-gccarmnoneeabi/bin/../lib/gcc/arm-none-eabi/7.2.1/../../../../arm-none-eabi/lib/thumb/v7e-m/fpv4-sp/hard\libc_nano.a(lib_a-abort.o)
                0x0000c2b4                abort
 *fill*         0x0000c2c2        0x2 ff
 .text.exit     0x0000c2c4       0x28 c:/users/user/.platformio/packages/toolchain-gccarmnoneeabi/bin/../lib/gcc/arm-none-eabi/7.2.1/../../../../arm-none-eabi/lib/thumb/v7e-m/fpv4-sp/hard\libc_nano.a(lib_a-exit.o)
                0x0000c2c4                exit
 .text.malloc   0x0000c2ec       0x10 c:/users/user/.platformio/packages/toolchain-gccarmnoneeabi/bin/../lib/gcc/arm-none-eabi/7.2.1/../../../../arm-none-eabi/lib/thumb/v7e-m/fpv4-sp/hard\libc_nano.a(lib_a-malloc.o)
                0x0000c2ec                malloc
 .text.free     0x0000c2fc       0x10 c:/users/user/.platformio/packages/toolchain-gccarmnoneeabi/bin/../lib/gcc/arm-none-eabi/7.2.1/../../../../arm-none-eabi/lib/thumb/v7e-m/fpv4-sp/hard\libc_nano.a(lib_a-malloc.o)
                0x0000c2fc                free
 .text.memcpy   0x0000c30c       0x16 c:/users/user/.platformio/packages/toolchain-gccarmnoneeabi/bin/../lib/gcc/arm-none-eabi/7.2.1/../../../../arm-none-eabi/lib/thumb/v7e-m/fpv4-sp/hard\libc_nano.a(lib_a-memcpy-stub.o)
                0x0000c30c                memcpy
 .text.memset   0x0000c322       0x10 c:/users/user/.platformio/packages/toolchain-gccarmnoneeabi/bin/../lib/gcc/arm-none-eabi/7.2.1/../../../../arm-none-eabi/lib/thumb/v7e-m/fpv4-sp/hard\libc_nano.a(lib_a-memset.o)
                0x0000c322                memset
 *fill*         0x0000c332        0x2 ff
 .text._free_r  0x0000c334       0x9c c:/users/user/.platformio/packages/toolchain-gccarmnoneeabi/bin/../lib/gcc/arm-none-eabi/7.2.1/../../../../arm-none-eabi/lib/thumb/v7e-m/fpv4-sp/hard\libc_nano.a(lib_a-nano-freer.o)
                0x0000c334                _free_r
 .text._malloc_r
                0x0000c3d0       0xb4 c:/users/user/.platformio/packages/toolchain-gccarmnoneeabi/bin/../lib/gcc/arm-none-eabi/7.2.1/../../../../arm-none-eabi/lib/thumb/v7e-m/fpv4-sp/hard\libc_nano.a(lib_a-nano-mallocr.o)
                0x0000c3d0                _malloc_r
 .text.printf   0x0000c484       0x30 c:/users/user/.platformio/packages/toolchain-gccarmnoneeabi/bin/../lib/gcc/arm-none-eabi/7.2.1/../../../../arm-none-eabi/lib/thumb/v7e-m/fpv4-sp/hard\libc_nano.a(lib_a-printf.o)
                0x0000c484                iprintf
                0x0000c484                printf
 .text.srand    0x0000c4b4       0x48 c:/users/user/.platformio/packages/toolchain-gccarmnoneeabi/bin/../lib/gcc/arm-none-eabi/7.2.1/../../../../arm-none-eabi/lib/thumb/v7e-m/fpv4-sp/hard\libc_nano.a(lib_a-rand.o)
                0x0000c4b4                srand
 .text.rand     0x0000c4fc       0x68 c:/users/user/.platformio/packages/toolchain-gccarmnoneeabi/bin/../lib/gcc/arm-none-eabi/7.2.1/../../../../arm-none-eabi/lib/thumb/v7e-m/fpv4-sp/hard\libc_nano.a(lib_a-rand.o)
                0x0000c4fc                rand
 .text._sbrk_r  0x0000c564       0x20 c:/users/user/.platformio/packages/toolchain-gccarmnoneeabi/bin/../lib/gcc/arm-none-eabi/7.2.1/../../../../arm-none-eabi/lib/thumb/v7e-m/fpv4-sp/hard\libc_nano.a(lib_a-sbrkr.o)
                0x0000c564                _sbrk_r
 .text._raise_r
                0x0000c584       0x50 c:/users/user/.platformio/packages/toolchain-gccarmnoneeabi/bin/../lib/gcc/arm-none-eabi/7.2.1/../../../../arm-none-eabi/lib/thumb/v7e-m/fpv4-sp/hard\libc_nano.a(lib_a-signal.o)
                0x0000c584                _raise_r
 .text.raise    0x0000c5d4       0x10 c:/users/user/.platformio/packages/toolchain-gccarmnoneeabi/bin/../lib/gcc/arm-none-eabi/7.2.1/../../../../arm-none-eabi/lib/thumb/v7e-m/fpv4-sp/hard\libc_nano.a(lib_a-signal.o)
                0x0000c5d4                raise
 .text._kill_r  0x0000c5e4       0x24 c:/users/user/.platformio/packages/toolchain-gccarmnoneeabi/bin/../lib/gcc/arm-none-eabi/7.2.1/../../../../arm-none-eabi/lib/thumb/v7e-m/fpv4-sp/hard\libc_nano.a(lib_a-signalr.o)
                0x0000c5e4                _kill_r
 .text._getpid_r
                0x0000c608        0x4 c:/users/user/.platformio/packages/toolchain-gccarmnoneeabi/bin/../lib/gcc/arm-none-eabi/7.2.1/../../../../arm-none-eabi/lib/thumb/v7e-m/fpv4-sp/hard\libc_nano.a(lib_a-signalr.o)
                0x0000c608                _getpid_r
 .text.sprintf  0x0000c60c       0x40 c:/users/user/.platformio/packages/toolchain-gccarmnoneeabi/bin/../lib/gcc/arm-none-eabi/7.2.1/../../../../arm-none-eabi/lib/thumb/v7e-m/fpv4-sp/hard\libc_nano.a(lib_a-sprintf.o)
                0x0000c60c                siprintf
                0x0000c60c                sprintf
 .text          0x0000c64c       0x10 c:/users/user/.platformio/packages/toolchain-gccarmnoneeabi/bin/../lib/gcc/arm-none-eabi/7.2.1/../../../../arm-none-eabi/lib/thumb/v7e-m/fpv4-sp/hard\libc_nano.a(lib_a-strlen.o)
                0x0000c64c                strlen
 .text.std      0x0000c65c       0x48 c:/users/user/.platformio/packages/toolchain-gccarmnoneeabi/bin/../lib/gcc/arm-none-eabi/7.2.1/../../../../arm-none-eabi/lib/thumb/v7e-m/fpv4-sp/hard\libc_nano.a(lib_a-findfp.o)
 .text._cleanup_r
                0x0000c6a4        0xc c:/users/user/.platformio/packages/toolchain-gccarmnoneeabi/bin/../lib/gcc/arm-none-eabi/7.2.1/../../../../arm-none-eabi/lib/thumb/v7e-m/fpv4-sp/hard\libc_nano.a(lib_a-findfp.o)
                0x0000c6a4                _cleanup_r
 .text.__sfmoreglue
                0x0000c6b0       0x2c c:/users/user/.platformio/packages/toolchain-gccarmnoneeabi/bin/../lib/gcc/arm-none-eabi/7.2.1/../../../../arm-none-eabi/lib/thumb/v7e-m/fpv4-sp/hard\libc_nano.a(lib_a-findfp.o)
                0x0000c6b0                __sfmoreglue
 .text.__sinit  0x0000c6dc       0x60 c:/users/user/.platformio/packages/toolchain-gccarmnoneeabi/bin/../lib/gcc/arm-none-eabi/7.2.1/../../../../arm-none-eabi/lib/thumb/v7e-m/fpv4-sp/hard\libc_nano.a(lib_a-findfp.o)
                0x0000c6dc                __sinit
 .text.__sfp    0x0000c73c       0x78 c:/users/user/.platformio/packages/toolchain-gccarmnoneeabi/bin/../lib/gcc/arm-none-eabi/7.2.1/../../../../arm-none-eabi/lib/thumb/v7e-m/fpv4-sp/hard\libc_nano.a(lib_a-findfp.o)
                0x0000c73c                __sfp
 .text._fwalk_reent
                0x0000c7b4       0x3c c:/users/user/.platformio/packages/toolchain-gccarmnoneeabi/bin/../lib/gcc/arm-none-eabi/7.2.1/../../../../arm-none-eabi/lib/thumb/v7e-m/fpv4-sp/hard\libc_nano.a(lib_a-fwalk.o)
                0x0000c7b4                _fwalk_reent
 .text.__malloc_lock
                0x0000c7f0        0x2 c:/users/user/.platformio/packages/toolchain-gccarmnoneeabi/bin/../lib/gcc/arm-none-eabi/7.2.1/../../../../arm-none-eabi/lib/thumb/v7e-m/fpv4-sp/hard\libc_nano.a(lib_a-mlock.o)
                0x0000c7f0                __malloc_lock
 .text.__malloc_unlock
                0x0000c7f2        0x2 c:/users/user/.platformio/packages/toolchain-gccarmnoneeabi/bin/../lib/gcc/arm-none-eabi/7.2.1/../../../../arm-none-eabi/lib/thumb/v7e-m/fpv4-sp/hard\libc_nano.a(lib_a-mlock.o)
                0x0000c7f2                __malloc_unlock
 .text.__ssputs_r
                0x0000c7f4       0xb4 c:/users/user/.platformio/packages/toolchain-gccarmnoneeabi/bin/../lib/gcc/arm-none-eabi/7.2.1/../../../../arm-none-eabi/lib/thumb/v7e-m/fpv4-sp/hard\libc_nano.a(lib_a-nano-svfprintf.o)
                0x0000c7f4                __ssputs_r
 .text._svfprintf_r
                0x0000c8a8      0x1ec c:/users/user/.platformio/packages/toolchain-gccarmnoneeabi/bin/../lib/gcc/arm-none-eabi/7.2.1/../../../../arm-none-eabi/lib/thumb/v7e-m/fpv4-sp/hard\libc_nano.a(lib_a-nano-svfprintf.o)
                0x0000c8a8                _svfiprintf_r
                0x0000c8a8                _svfprintf_r
 .text.__sfputc_r
                0x0000ca94       0x2e c:/users/user/.platformio/packages/toolchain-gccarmnoneeabi/bin/../lib/gcc/arm-none-eabi/7.2.1/../../../../arm-none-eabi/lib/thumb/v7e-m/fpv4-sp/hard\libc_nano.a(lib_a-nano-vfprintf.o)
 .text.__sfputs_r
                0x0000cac2       0x24 c:/users/user/.platformio/packages/toolchain-gccarmnoneeabi/bin/../lib/gcc/arm-none-eabi/7.2.1/../../../../arm-none-eabi/lib/thumb/v7e-m/fpv4-sp/hard\libc_nano.a(lib_a-nano-vfprintf.o)
                0x0000cac2                __sfputs_r
 *fill*         0x0000cae6        0x2 ff
 .text._vfprintf_r
                0x0000cae8      0x228 c:/users/user/.platformio/packages/toolchain-gccarmnoneeabi/bin/../lib/gcc/arm-none-eabi/7.2.1/../../../../arm-none-eabi/lib/thumb/v7e-m/fpv4-sp/hard\libc_nano.a(lib_a-nano-vfprintf.o)
                0x0000cae8                _vfprintf_r
                0x0000cae8                _vfiprintf_r
 .text._printf_common
                0x0000cd10       0xea c:/users/user/.platformio/packages/toolchain-gccarmnoneeabi/bin/../lib/gcc/arm-none-eabi/7.2.1/../../../../arm-none-eabi/lib/thumb/v7e-m/fpv4-sp/hard\libc_nano.a(lib_a-nano-vfprintf_i.o)
                0x0000cd10                _printf_common
 *fill*         0x0000cdfa        0x2 ff
 .text._printf_i
                0x0000cdfc      0x224 c:/users/user/.platformio/packages/toolchain-gccarmnoneeabi/bin/../lib/gcc/arm-none-eabi/7.2.1/../../../../arm-none-eabi/lib/thumb/v7e-m/fpv4-sp/hard\libc_nano.a(lib_a-nano-vfprintf_i.o)
                0x0000cdfc                _printf_i
 .text.__sread  0x0000d020       0x22 c:/users/user/.platformio/packages/toolchain-gccarmnoneeabi/bin/../lib/gcc/arm-none-eabi/7.2.1/../../../../arm-none-eabi/lib/thumb/v7e-m/fpv4-sp/hard\libc_nano.a(lib_a-stdio.o)
                0x0000d020                __sread
 .text.__swrite
                0x0000d042       0x38 c:/users/user/.platformio/packages/toolchain-gccarmnoneeabi/bin/../lib/gcc/arm-none-eabi/7.2.1/../../../../arm-none-eabi/lib/thumb/v7e-m/fpv4-sp/hard\libc_nano.a(lib_a-stdio.o)
                0x0000d042                __swrite
 .text.__sseek  0x0000d07a       0x24 c:/users/user/.platformio/packages/toolchain-gccarmnoneeabi/bin/../lib/gcc/arm-none-eabi/7.2.1/../../../../arm-none-eabi/lib/thumb/v7e-m/fpv4-sp/hard\libc_nano.a(lib_a-stdio.o)
                0x0000d07a                __sseek
 .text.__sclose
                0x0000d09e        0x8 c:/users/user/.platformio/packages/toolchain-gccarmnoneeabi/bin/../lib/gcc/arm-none-eabi/7.2.1/../../../../arm-none-eabi/lib/thumb/v7e-m/fpv4-sp/hard\libc_nano.a(lib_a-stdio.o)
                0x0000d09e                __sclose
 *fill*         0x0000d0a6        0x2 ff
 .text.__swbuf_r
                0x0000d0a8       0xa4 c:/users/user/.platformio/packages/toolchain-gccarmnoneeabi/bin/../lib/gcc/arm-none-eabi/7.2.1/../../../../arm-none-eabi/lib/thumb/v7e-m/fpv4-sp/hard\libc_nano.a(lib_a-wbuf.o)
                0x0000d0a8                __swbuf_r
 .text._write_r
                0x0000d14c       0x24 c:/users/user/.platformio/packages/toolchain-gccarmnoneeabi/bin/../lib/gcc/arm-none-eabi/7.2.1/../../../../arm-none-eabi/lib/thumb/v7e-m/fpv4-sp/hard\libc_nano.a(lib_a-writer.o)
                0x0000d14c                _write_r
 .text.__swsetup_r
                0x0000d170       0xdc c:/users/user/.platformio/packages/toolchain-gccarmnoneeabi/bin/../lib/gcc/arm-none-eabi/7.2.1/../../../../arm-none-eabi/lib/thumb/v7e-m/fpv4-sp/hard\libc_nano.a(lib_a-wsetup.o)
                0x0000d170                __swsetup_r
 .text._close_r
                0x0000d24c       0x20 c:/users/user/.platformio/packages/toolchain-gccarmnoneeabi/bin/../lib/gcc/arm-none-eabi/7.2.1/../../../../arm-none-eabi/lib/thumb/v7e-m/fpv4-sp/hard\libc_nano.a(lib_a-closer.o)
                0x0000d24c                _close_r
 .text.__sflush_r
                0x0000d26c      0x10c c:/users/user/.platformio/packages/toolchain-gccarmnoneeabi/bin/../lib/gcc/arm-none-eabi/7.2.1/../../../../arm-none-eabi/lib/thumb/v7e-m/fpv4-sp/hard\libc_nano.a(lib_a-fflush.o)
                0x0000d26c                __sflush_r
 .text._fflush_r
                0x0000d378       0x54 c:/users/user/.platformio/packages/toolchain-gccarmnoneeabi/bin/../lib/gcc/arm-none-eabi/7.2.1/../../../../arm-none-eabi/lib/thumb/v7e-m/fpv4-sp/hard\libc_nano.a(lib_a-fflush.o)
                0x0000d378                _fflush_r
 .text._lseek_r
                0x0000d3cc       0x24 c:/users/user/.platformio/packages/toolchain-gccarmnoneeabi/bin/../lib/gcc/arm-none-eabi/7.2.1/../../../../arm-none-eabi/lib/thumb/v7e-m/fpv4-sp/hard\libc_nano.a(lib_a-lseekr.o)
                0x0000d3cc                _lseek_r
 .text.__swhatbuf_r
                0x0000d3f0       0x48 c:/users/user/.platformio/packages/toolchain-gccarmnoneeabi/bin/../lib/gcc/arm-none-eabi/7.2.1/../../../../arm-none-eabi/lib/thumb/v7e-m/fpv4-sp/hard\libc_nano.a(lib_a-makebuf.o)
                0x0000d3f0                __swhatbuf_r
 .text.__smakebuf_r
                0x0000d438       0x80 c:/users/user/.platformio/packages/toolchain-gccarmnoneeabi/bin/../lib/gcc/arm-none-eabi/7.2.1/../../../../arm-none-eabi/lib/thumb/v7e-m/fpv4-sp/hard\libc_nano.a(lib_a-makebuf.o)
                0x0000d438                __smakebuf_r
 *fill*         0x0000d4b8        0x8 ff
 .text          0x0000d4c0       0xa0 c:/users/user/.platformio/packages/toolchain-gccarmnoneeabi/bin/../lib/gcc/arm-none-eabi/7.2.1/../../../../arm-none-eabi/lib/thumb/v7e-m/fpv4-sp/hard\libc_nano.a(lib_a-memchr.o)
                0x0000d4c0                memchr
 .text.memmove  0x0000d560       0x32 c:/users/user/.platformio/packages/toolchain-gccarmnoneeabi/bin/../lib/gcc/arm-none-eabi/7.2.1/../../../../arm-none-eabi/lib/thumb/v7e-m/fpv4-sp/hard\libc_nano.a(lib_a-memmove.o)
                0x0000d560                memmove
 .text._realloc_r
                0x0000d592       0x4c c:/users/user/.platformio/packages/toolchain-gccarmnoneeabi/bin/../lib/gcc/arm-none-eabi/7.2.1/../../../../arm-none-eabi/lib/thumb/v7e-m/fpv4-sp/hard\libc_nano.a(lib_a-nano-reallocr.o)
                0x0000d592                _realloc_r
 *fill*         0x0000d5de        0x2 ff
 .text._read_r  0x0000d5e0       0x24 c:/users/user/.platformio/packages/toolchain-gccarmnoneeabi/bin/../lib/gcc/arm-none-eabi/7.2.1/../../../../arm-none-eabi/lib/thumb/v7e-m/fpv4-sp/hard\libc_nano.a(lib_a-readr.o)
                0x0000d5e0                _read_r
 .text._fstat_r
                0x0000d604       0x24 c:/users/user/.platformio/packages/toolchain-gccarmnoneeabi/bin/../lib/gcc/arm-none-eabi/7.2.1/../../../../arm-none-eabi/lib/thumb/v7e-m/fpv4-sp/hard\libc_nano.a(lib_a-fstatr.o)
                0x0000d604                _fstat_r
 .text._isatty_r
                0x0000d628       0x20 c:/users/user/.platformio/packages/toolchain-gccarmnoneeabi/bin/../lib/gcc/arm-none-eabi/7.2.1/../../../../arm-none-eabi/lib/thumb/v7e-m/fpv4-sp/hard\libc_nano.a(lib_a-isattyr.o)
                0x0000d628                _isatty_r
 .text._malloc_usable_size_r
                0x0000d648       0x10 c:/users/user/.platformio/packages/toolchain-gccarmnoneeabi/bin/../lib/gcc/arm-none-eabi/7.2.1/../../../../arm-none-eabi/lib/thumb/v7e-m/fpv4-sp/hard\libc_nano.a(lib_a-nano-msizer.o)
                0x0000d648                _malloc_usable_size_r
 .text._close   0x0000d658       0x10 c:/users/user/.platformio/packages/toolchain-gccarmnoneeabi/bin/../lib/gcc/arm-none-eabi/7.2.1/../../../../arm-none-eabi/lib/thumb/v7e-m/fpv4-sp/hard\libnosys.a(close.o)
                0x0000d658                _close
 .text._fstat   0x0000d668       0x10 c:/users/user/.platformio/packages/toolchain-gccarmnoneeabi/bin/../lib/gcc/arm-none-eabi/7.2.1/../../../../arm-none-eabi/lib/thumb/v7e-m/fpv4-sp/hard\libnosys.a(fstat.o)
                0x0000d668                _fstat
 .text._getpid  0x0000d678       0x10 c:/users/user/.platformio/packages/toolchain-gccarmnoneeabi/bin/../lib/gcc/arm-none-eabi/7.2.1/../../../../arm-none-eabi/lib/thumb/v7e-m/fpv4-sp/hard\libnosys.a(getpid.o)
                0x0000d678                _getpid
 .text._isatty  0x0000d688       0x10 c:/users/user/.platformio/packages/toolchain-gccarmnoneeabi/bin/../lib/gcc/arm-none-eabi/7.2.1/../../../../arm-none-eabi/lib/thumb/v7e-m/fpv4-sp/hard\libnosys.a(isatty.o)
                0x0000d688                _isatty
 .text._kill    0x0000d698       0x10 c:/users/user/.platformio/packages/toolchain-gccarmnoneeabi/bin/../lib/gcc/arm-none-eabi/7.2.1/../../../../arm-none-eabi/lib/thumb/v7e-m/fpv4-sp/hard\libnosys.a(kill.o)
                0x0000d698                _kill
 .text._lseek   0x0000d6a8       0x10 c:/users/user/.platformio/packages/toolchain-gccarmnoneeabi/bin/../lib/gcc/arm-none-eabi/7.2.1/../../../../arm-none-eabi/lib/thumb/v7e-m/fpv4-sp/hard\libnosys.a(lseek.o)
                0x0000d6a8                _lseek
 .text._read    0x0000d6b8       0x10 c:/users/user/.platformio/packages/toolchain-gccarmnoneeabi/bin/../lib/gcc/arm-none-eabi/7.2.1/../../../../arm-none-eabi/lib/thumb/v7e-m/fpv4-sp/hard\libnosys.a(read.o)
                0x0000d6b8                _read
 .text._sbrk    0x0000d6c8       0x1c c:/users/user/.platformio/packages/toolchain-gccarmnoneeabi/bin/../lib/gcc/arm-none-eabi/7.2.1/../../../../arm-none-eabi/lib/thumb/v7e-m/fpv4-sp/hard\libnosys.a(sbrk.o)
                0x0000d6c8                _sbrk
 .text._exit    0x0000d6e4        0x4 c:/users/user/.platformio/packages/toolchain-gccarmnoneeabi/bin/../lib/gcc/arm-none-eabi/7.2.1/../../../../arm-none-eabi/lib/thumb/v7e-m/fpv4-sp/hard\libnosys.a(_exit.o)
                0x0000d6e4                _exit
 *(.version)
 .version       0x0000d6e8       0x50 C:\Users\user\.platformio\packages\framework-arduinorenesas-uno\variants\UNOWIFIR4\libs\libfsp.a(bsp_common.o)
 *(.init)
 .init          0x0000d738        0x4 c:/users/user/.platformio/packages/toolchain-gccarmnoneeabi/bin/../lib/gcc/arm-none-eabi/7.2.1/thumb/v7e-m/fpv4-sp/hard/crti.o
                0x0000d738                _init
 .init          0x0000d73c        0x8 c:/users/user/.platformio/packages/toolchain-gccarmnoneeabi/bin/../lib/gcc/arm-none-eabi/7.2.1/thumb/v7e-m/fpv4-sp/hard/crtn.o
 *(.fini)
 .fini          0x0000d744        0x4 c:/users/user/.platformio/packages/toolchain-gccarmnoneeabi/bin/../lib/gcc/arm-none-eabi/7.2.1/thumb/v7e-m/fpv4-sp/hard/crti.o
                0x0000d744                _fini
 .fini          0x0000d748        0x8 c:/users/user/.platformio/packages/toolchain-gccarmnoneeabi/bin/../lib/gcc/arm-none-eabi/7.2.1/thumb/v7e-m/fpv4-sp/hard/crtn.o
 *crtbegin.o(.ctors)
 *crtbegin?.o(.ctors)
 *(EXCLUDE_FILE(*crtend.o *crtend?.o) .ctors)
 *(SORT_BY_NAME(.ctors.*))
 *(.ctors)
 *crtbegin.o(.dtors)
 *crtbegin?.o(.dtors)
 *(EXCLUDE_FILE(*crtend.o *crtend?.o) .dtors)
 *(SORT_BY_NAME(.dtors.*))
 *(.dtors)
 *(.rodata*)
 .rodata._Z10updateBallv.str1.1
                0x0000d750       0x17 .pio\build\uno_r4_wifi\src\main.cpp.o
 .rodata._Z11displayLosev.str1.1
                0x0000d767        0x5 .pio\build\uno_r4_wifi\src\main.cpp.o
 .rodata.setup.str1.1
                0x0000d76c        0xe .pio\build\uno_r4_wifi\src\main.cpp.o
 .rodata._ZL4font
                0x0000d77a      0x500 .pio\build\uno_r4_wifi\lib069\libAdafruit GFX Library.a(Adafruit_GFX.cpp.o)
 *fill*         0x0000dc7a        0x2 ff
 .rodata._ZTV10GFXcanvas8
                0x0000dc7c       0x58 .pio\build\uno_r4_wifi\lib069\libAdafruit GFX Library.a(Adafruit_GFX.cpp.o)
                0x0000dc7c                vtable for GFXcanvas8
 .rodata._ZTV12Adafruit_GFX
                0x0000dcd4       0x58 .pio\build\uno_r4_wifi\lib069\libAdafruit GFX Library.a(Adafruit_GFX.cpp.o)
                0x0000dcd4                vtable for Adafruit_GFX
 .rodata._ZN15UNOR4WMatrixGFX15matrix_irq_pinsE
                0x0000dd2c       0x6e .pio\build\uno_r4_wifi\libb5d\libUNOR4WMatrixGFX.a(UNOR4WMatrixGFX.cpp.o)
                0x0000dd2c                UNOR4WMatrixGFX::matrix_irq_pins
 .rodata._ZN15UNOR4WMatrixGFX4pinsE
                0x0000dd9a       0xc0 .pio\build\uno_r4_wifi\libb5d\libUNOR4WMatrixGFX.a(UNOR4WMatrixGFX.cpp.o)
                0x0000dd9a                UNOR4WMatrixGFX::pins
 .rodata._ZN15UNOR4WMatrixGFX5beginEmPN7arduino6StreamE.str1.1
                0x0000de5a       0x28 .pio\build\uno_r4_wifi\libb5d\libUNOR4WMatrixGFX.a(UNOR4WMatrixGFX.cpp.o)
 *fill*         0x0000de82        0x2 ff
 .rodata._ZTV15UNOR4WMatrixGFX
                0x0000de84       0x58 .pio\build\uno_r4_wifi\libb5d\libUNOR4WMatrixGFX.a(UNOR4WMatrixGFX.cpp.o)
                0x0000de84                vtable for UNOR4WMatrixGFX
 .rodata._ZL4P000
                0x0000dedc        0x4 .pio\build\uno_r4_wifi\libFrameworkArduinoVariant.a(variant.cpp.o)
 .rodata._ZL4P001
                0x0000dee0        0x4 .pio\build\uno_r4_wifi\libFrameworkArduinoVariant.a(variant.cpp.o)
 .rodata._ZL4P002
                0x0000dee4        0x4 .pio\build\uno_r4_wifi\libFrameworkArduinoVariant.a(variant.cpp.o)
 .rodata._ZL4P003
                0x0000dee8        0x2 .pio\build\uno_r4_wifi\libFrameworkArduinoVariant.a(variant.cpp.o)
 .rodata._ZL4P004
                0x0000deea        0x4 .pio\build\uno_r4_wifi\libFrameworkArduinoVariant.a(variant.cpp.o)
 .rodata._ZL4P011
                0x0000deee        0x4 .pio\build\uno_r4_wifi\libFrameworkArduinoVariant.a(variant.cpp.o)
 .rodata._ZL4P012
                0x0000def2        0x2 .pio\build\uno_r4_wifi\libFrameworkArduinoVariant.a(variant.cpp.o)
 .rodata._ZL4P013
                0x0000def4        0x2 .pio\build\uno_r4_wifi\libFrameworkArduinoVariant.a(variant.cpp.o)
 .rodata._ZL4P015
                0x0000def6        0x4 .pio\build\uno_r4_wifi\libFrameworkArduinoVariant.a(variant.cpp.o)
 .rodata._ZL4P100
                0x0000defa        0xe .pio\build\uno_r4_wifi\libFrameworkArduinoVariant.a(variant.cpp.o)
 .rodata._ZL4P101
                0x0000df08        0xe .pio\build\uno_r4_wifi\libFrameworkArduinoVariant.a(variant.cpp.o)
 .rodata._ZL4P102
                0x0000df16        0xc .pio\build\uno_r4_wifi\libFrameworkArduinoVariant.a(variant.cpp.o)
 .rodata._ZL4P103
                0x0000df22        0x8 .pio\build\uno_r4_wifi\libFrameworkArduinoVariant.a(variant.cpp.o)
 .rodata._ZL4P104
                0x0000df2a        0x6 .pio\build\uno_r4_wifi\libFrameworkArduinoVariant.a(variant.cpp.o)
 .rodata._ZL4P105
                0x0000df30        0x4 .pio\build\uno_r4_wifi\libFrameworkArduinoVariant.a(variant.cpp.o)
 .rodata._ZL4P106
                0x0000df34        0x2 .pio\build\uno_r4_wifi\libFrameworkArduinoVariant.a(variant.cpp.o)
 .rodata._ZL4P107
                0x0000df36        0x2 .pio\build\uno_r4_wifi\libFrameworkArduinoVariant.a(variant.cpp.o)
 .rodata._ZL4P109